2026-05-13 13:30:23,802 - tests.test_marriage_flow - INFO - Открытие главной страницы
2026-05-13 13:30:24,787 - tests.test_marriage_flow - INFO - Заполнение формы заявителя
2026-05-13 13:30:24,787 - pages.applicant_page - INFO - Заполнение формы заявителя
2026-05-13 13:30:25,412 - pages.applicant_page - INFO - Форма заявителя заполнена
2026-05-13 13:30:25,464 - pages.applicant_page - INFO - Нажата кнопка Далее
2026-05-13 13:30:25,464 - tests.test_marriage_flow - INFO - Выбор услуги: Регистрация брака
2026-05-13 13:30:25,521 - tests.test_marriage_flow - INFO - Заполнение формы гражданина
2026-05-13 13:30:26,041 - tests.test_marriage_flow - INFO - Заполнение формы брака
2026-05-13 13:30:26,511 - tests.test_marriage_flow - INFO - Проверка статуса заявки
2026-05-13 13:39:21,678 - pages.applicant_page - INFO - Заполнение формы заявителя
2026-05-13 13:39:22,240 - pages.applicant_page - INFO - Форма заявителя заполнена
2026-05-13 13:39:22,240 - pages.applicant_page - INFO - Проверка: кнопка Далее должна быть активна
2026-05-13 13:39:22,252 - pages.applicant_page - INFO - Проверка пройдена: кнопка Далее активна
2026-05-13 13:39:25,796 - pages.applicant_page - INFO - Заполнение формы заявителя
2026-05-13 13:39:26,355 - pages.applicant_page - INFO - Форма заявителя заполнена
2026-05-13 13:39:26,355 - pages.applicant_page - INFO - Проверка: кнопка Далее должна быть неактивна
2026-05-13 13:39:26,368 - pages.applicant_page - INFO - Проверка пройдена: кнопка Далее неактивна
2026-05-13 13:39:30,178 - pages.applicant_page - INFO - Заполнение формы заявителя
2026-05-13 13:39:30,731 - pages.applicant_page - INFO - Форма заявителя заполнена
2026-05-13 13:39:30,731 - pages.applicant_page - INFO - Проверка: кнопка Далее должна быть неактивна
2026-05-13 13:39:34,614 - pages.applicant_page - INFO - Заполнение формы заявителя
2026-05-13 13:39:35,140 - pages.applicant_page - INFO - Форма заявителя заполнена
2026-05-13 13:39:35,140 - pages.applicant_page - INFO - Проверка: кнопка Далее должна быть неактивна
2026-05-13 13:39:35,158 - pages.applicant_page - INFO - Проверка пройдена: кнопка Далее неактивна
2026-05-13 13:39:38,763 - pages.applicant_page - INFO - Заполнение формы заявителя
2026-05-13 13:39:39,307 - pages.applicant_page - INFO - Форма заявителя заполнена
2026-05-13 13:39:39,361 - pages.applicant_page - INFO - Нажата кнопка Далее
2026-05-13 13:39:44,571 - pages.applicant_page - INFO - Заполнение формы заявителя
2026-05-13 13:39:45,132 - pages.applicant_page - INFO - Форма заявителя заполнена
2026-05-13 13:39:45,185 - pages.applicant_page - INFO - Нажата кнопка Далее
2026-05-13 13:39:51,661 - pages.applicant_page - INFO - Заполнение формы заявителя
2026-05-13 13:39:52,272 - pages.applicant_page - INFO - Форма заявителя заполнена
2026-05-13 13:39:52,326 - pages.applicant_page - INFO - Нажата кнопка Далее
2026-05-13 13:39:56,967 - pages.applicant_page - INFO - Заполнение формы заявителя
2026-05-13 13:39:57,516 - pages.applicant_page - INFO - Форма заявителя заполнена
2026-05-13 13:39:57,570 - pages.applicant_page - INFO - Нажата кнопка Далее
2026-05-13 13:40:02,899 - pages.applicant_page - INFO - Заполнение формы заявителя
2026-05-13 13:40:03,445 - pages.applicant_page - INFO - Форма заявителя заполнена
2026-05-13 13:40:03,497 - pages.applicant_page - INFO - Нажата кнопка Далее
2026-05-13 13:40:08,351 - pages.applicant_page - INFO - Заполнение формы заявителя
2026-05-13 13:40:08,909 - pages.applicant_page - INFO - Форма заявителя заполнена
2026-05-13 13:40:08,963 - pages.applicant_page - INFO - Нажата кнопка Далее
2026-05-13 13:40:13,218 - pages.applicant_page - INFO - Заполнение формы заявителя
2026-05-13 13:40:13,769 - pages.applicant_page - INFO - Форма заявителя заполнена
2026-05-13 13:40:13,826 - pages.applicant_page - INFO - Нажата кнопка Далее
2026-05-13 13:40:18,678 - pages.applicant_page - INFO - Заполнение формы заявителя
2026-05-13 13:40:19,243 - pages.applicant_page - INFO - Форма заявителя заполнена
2026-05-13 13:40:19,294 - pages.applicant_page - INFO - Нажата кнопка Далее
2026-05-13 13:40:23,570 - pages.applicant_page - INFO - Заполнение формы заявителя
2026-05-13 13:40:24,111 - pages.applicant_page - INFO - Форма заявителя заполнена
2026-05-13 13:40:24,164 - pages.applicant_page - INFO - Нажата кнопка Далее
2026-05-13 13:40:28,390 - pages.applicant_page - INFO - Заполнение формы заявителя
2026-05-13 13:40:28,983 - pages.applicant_page - INFO - Форма заявителя заполнена
2026-05-13 13:40:29,032 - pages.applicant_page - INFO - Нажата кнопка Далее
2026-05-13 13:40:33,153 - pages.applicant_page - INFO - Заполнение формы заявителя
2026-05-13 13:40:33,703 - pages.applicant_page - INFO - Форма заявителя заполнена
2026-05-13 13:40:33,759 - pages.applicant_page - INFO - Нажата кнопка Далее
2026-05-13 13:40:38,163 - pages.applicant_page - INFO - Заполнение формы заявителя
2026-05-13 13:40:38,734 - pages.applicant_page - INFO - Форма заявителя заполнена
2026-05-13 13:40:38,790 - pages.applicant_page - INFO - Нажата кнопка Далее
2026-05-13 13:40:42,116 - tests.test_marriage_flow - INFO - Открытие главной страницы
2026-05-13 13:40:43,122 - tests.test_marriage_flow - INFO - Заполнение формы заявителя
2026-05-13 13:40:43,122 - pages.applicant_page - INFO - Заполнение формы заявителя
2026-05-13 13:40:43,663 - pages.applicant_page - INFO - Форма заявителя заполнена
2026-05-13 13:40:43,715 - pages.applicant_page - INFO - Нажата кнопка Далее
2026-05-13 13:40:43,716 - tests.test_marriage_flow - INFO - Выбор услуги: Регистрация брака
2026-05-13 13:40:43,768 - tests.test_marriage_flow - INFO - Заполнение формы гражданина
2026-05-13 13:40:44,303 - tests.test_marriage_flow - INFO - Заполнение формы брака
2026-05-13 13:40:44,781 - tests.test_marriage_flow - INFO - Проверка статуса заявки
2026-05-13 13:40:48,942 - pages.applicant_page - INFO - Заполнение формы заявителя
2026-05-13 13:40:49,496 - pages.applicant_page - INFO - Форма заявителя заполнена
2026-05-13 13:40:49,550 - pages.applicant_page - INFO - Нажата кнопка Далее
2026-05-13 13:40:55,372 - pages.applicant_page - INFO - Заполнение формы заявителя
2026-05-13 13:40:55,921 - pages.applicant_page - INFO - Форма заявителя заполнена
2026-05-13 13:40:55,975 - pages.applicant_page - INFO - Нажата кнопка Далее
2026-05-13 13:41:01,444 - pages.applicant_page - INFO - Заполнение формы заявителя
2026-05-13 13:41:02,105 - pages.applicant_page - INFO - Форма заявителя заполнена
2026-05-13 13:41:02,165 - pages.applicant_page - INFO - Нажата кнопка Далее
2026-05-13 13:41:07,341 - pages.applicant_page - INFO - Заполнение формы заявителя
2026-05-13 13:41:07,956 - pages.applicant_page - INFO - Форма заявителя заполнена
2026-05-13 13:41:08,014 - pages.applicant_page - INFO - Нажата кнопка Далее
2026-05-13 13:41:13,032 - pages.applicant_page - INFO - Заполнение формы заявителя
2026-05-13 13:41:13,648 - pages.applicant_page - INFO - Форма заявителя заполнена
2026-05-13 13:41:13,709 - pages.applicant_page - INFO - Нажата кнопка Далее
2026-05-13 13:41:17,953 - pages.applicant_page - INFO - Заполнение формы заявителя
2026-05-13 13:41:18,635 - pages.applicant_page - INFO - Форма заявителя заполнена
2026-05-13 13:41:18,701 - pages.applicant_page - INFO - Нажата кнопка Далее
2026-05-13 15:52:47,513 - tests.test_marriage_flow - INFO - Открытие главной страницы
2026-05-13 15:52:50,649 - tests.test_marriage_flow - INFO - Заполнение формы заявителя
2026-05-13 15:52:50,650 - pages.applicant_page - INFO - Заполнение формы заявителя
2026-05-13 15:52:51,626 - pages.applicant_page - INFO - Форма заявителя заполнена
2026-05-13 15:52:51,742 - pages.applicant_page - INFO - Нажата кнопка Далее
2026-05-13 15:52:51,743 - tests.test_marriage_flow - INFO - Выбор услуги: Регистрация брака
2026-05-13 15:52:51,848 - tests.test_marriage_flow - INFO - Заполнение формы гражданина
2026-05-13 15:52:53,045 - tests.test_marriage_flow - INFO - Заполнение формы брака
2026-05-13 15:52:53,906 - tests.test_marriage_flow - INFO - Проверка статуса заявки
2026-05-14 13:04:20,225 - api.endpoints.user_api - INFO - POST https://user:senlatest@regoffice.senla.eu/sendUserRequest | payload: {'mode': 'wedding', 'personalLastName': 'Большакова', 'personalFirstName': 'Андрей', 'personalMiddleName': 'Георгиевна', 'personalPhoneNumber': '20050612044', 'personalNumberOfPassport': 'СН282086', 'personalAddress': 'ст. Шатки, ш. Абрикосовое, д. 898, 868674', 'citizenLastName': 'Сафонов', 'citizenFirstName': 'Касьян', 'citizenMiddleName': 'Еремеевич', 'citizenBirthDate': '25.05.1959', 'citizenNumberOfPassport': 'АА556304', 'citizenGender': 'жен', 'citizenAddress': 'г. Юрюзань, ул. Литейная, д. 1/3, 140398', 'dateOfMarriage': '04.07.2016', 'newLastName': 'Федосеев', 'anotherPersonLastName': 'Рожков', 'anotherPersonFirstName': 'Остромир', 'anotherPersonMiddleName': 'Адамович', 'birth_of_anotoherPerson': '23.08.1951', 'anotherPersonPassport': 'СН127364', 'birth_place': None, 'birth_mother': None, 'birth_father': None, 'birth_grandma': None, 'birth_grandpa': None, 'death_dateOfDeath': None, 'death_placeOfDeath': None}
2026-05-14 13:04:22,229 - api.endpoints.user_api - INFO - Response 403
2026-05-14 13:04:46,593 - api.endpoints.user_api - INFO - POST https://user:senlatest@regoffice.senla.eu/sendUserRequest | payload: {'mode': 'wedding', 'personalLastName': 'Баранов', 'personalFirstName': 'Валерия', 'personalMiddleName': 'Романовна', 'personalPhoneNumber': '76546115965', 'personalNumberOfPassport': 'ЕС307889', 'personalAddress': 'клх Щелково, алл. Полтавская, д. 89, 924515', 'citizenLastName': 'Никитина', 'citizenFirstName': 'Мечислав', 'citizenMiddleName': 'Терентьевич', 'citizenBirthDate': '27.07.1951', 'citizenNumberOfPassport': 'НТ572520', 'citizenGender': 'жен', 'citizenAddress': 'п. Абинск, бул. Ермака, д. 4 к. 5, 012866', 'dateOfMarriage': '27.01.2002', 'newLastName': 'Павлова', 'anotherPersonLastName': 'Лихачев', 'anotherPersonFirstName': 'Аркадий', 'anotherPersonMiddleName': 'Харлампович', 'birth_of_anotoherPerson': '15.01.1994', 'anotherPersonPassport': 'НВ323045', 'birth_place': None, 'birth_mother': None, 'birth_father': None, 'birth_grandma': None, 'birth_grandpa': None, 'death_dateOfDeath': None, 'death_placeOfDeath': None}
2026-05-14 13:04:46,843 - api.endpoints.user_api - INFO - Response 500
2026-05-14 13:05:04,287 - api.endpoints.user_api - INFO - POST https://user:senlatest@regoffice.senla.eu/sendUserRequest | payload: {'mode': 'wedding', 'personalLastName': 'Дьячков', 'personalFirstName': 'Серафим', 'personalMiddleName': 'Ждановна', 'personalPhoneNumber': '01580657949', 'personalNumberOfPassport': 'РЕ784235', 'personalAddress': 'клх Мончегорск, наб. Чапаева, д. 4, 922277', 'citizenLastName': 'Крюков', 'citizenFirstName': 'Радислав', 'citizenMiddleName': 'Бориславович', 'citizenBirthDate': '28.06.2005', 'citizenNumberOfPassport': 'РР660596', 'citizenGender': 'м', 'citizenAddress': 'ст. Шилка, пер. Фестивальный, д. 4/5 стр. 8, 286471', 'dateOfMarriage': '26.06.1996', 'newLastName': 'Авдеев', 'anotherPersonLastName': 'Блохина', 'anotherPersonFirstName': 'Радим', 'anotherPersonMiddleName': 'Филимонович', 'birth_of_anotoherPerson': '10.01.1964', 'anotherPersonPassport': 'СН523346', 'birth_place': None, 'birth_mother': None, 'birth_father': None, 'birth_grandma': None, 'birth_grandpa': None, 'death_dateOfDeath': None, 'death_placeOfDeath': None}
2026-05-14 13:05:04,514 - api.endpoints.user_api - INFO - Response 500
2026-05-14 13:06:05,427 - api.endpoints.user_api - INFO - POST https://user:senlatest@regoffice.senla.eu/sendUserRequest | payload: {'mode': 'wedding', 'personalLastName': 'Горбачев', 'personalFirstName': 'Аполлон', 'personalMiddleName': 'Архипович', 'personalPhoneNumber': '57623288210', 'personalNumberOfPassport': 'ВР516373', 'personalAddress': 'ст. Корсаков, алл. Авиационная, д. 6, 907453', 'citizenLastName': 'Силин', 'citizenFirstName': 'Синклитикия', 'citizenMiddleName': 'Семеновна', 'citizenBirthDate': '02.03.1922', 'citizenNumberOfPassport': 'ОК751497', 'citizenGender': 'м', 'citizenAddress': 'п. Заводоуковск, ул. Маркса, д. 968 к. 70, 818837', 'dateOfMarriage': '27.02.2010', 'newLastName': 'Крюкова', 'anotherPersonLastName': 'Кошелев', 'anotherPersonFirstName': 'Мечислав', 'anotherPersonMiddleName': 'Валерьянович', 'birth_of_anotoherPerson': '03.08.1911', 'anotherPersonPassport': 'ОЕ652613', 'birth_place': None, 'birth_mother': None, 'birth_father': None, 'birth_grandma': None, 'birth_grandpa': None, 'death_dateOfDeath': None, 'death_placeOfDeath': None}
2026-05-14 13:06:05,677 - api.endpoints.user_api - INFO - Response 500
2026-05-14 13:06:30,334 - api.endpoints.user_api - INFO - POST https://user:senlatest@regoffice.senla.eu/sendUserRequest | payload: {'mode': 'wedding', 'personalLastName': 'Андреев', 'personalFirstName': 'Фока', 'personalMiddleName': 'Ефимовна', 'personalPhoneNumber': '68633888821', 'personalNumberOfPassport': 'ОН832593', 'personalAddress': 'клх Руза, ул. Спартака, д. 1 стр. 5/9, 277271', 'citizenLastName': 'Лихачева', 'citizenFirstName': 'Милий', 'citizenMiddleName': 'Натановна', 'citizenBirthDate': '16.05.1999', 'citizenNumberOfPassport': 'НР258197', 'citizenGender': 'муж', 'citizenAddress': 'ст. Морозовск, ул. Урицкого, д. 9 к. 8/6, 993705', 'dateOfMarriage': '16.10.2004', 'newLastName': 'Владимиров', 'anotherPersonLastName': 'Крылова', 'anotherPersonFirstName': 'Артем', 'anotherPersonMiddleName': 'Зиновьевич', 'birth_of_anotoherPerson': '29.11.1981', 'anotherPersonPassport': 'СА008045', 'birth_place': None, 'birth_mother': None, 'birth_father': None, 'birth_grandma': None, 'birth_grandpa': None, 'death_dateOfDeath': None, 'death_placeOfDeath': None}
2026-05-14 13:06:30,575 - api.endpoints.user_api - INFO - Response 500
2026-05-14 13:10:11,030 - api.endpoints.user_api - INFO - POST https://user:senlatest@regoffice.senla.eu/sendUserRequest | payload: {'mode': 'wedding', 'personalLastName': 'Гордеева', 'personalFirstName': 'Лукия', 'personalMiddleName': 'Антипович', 'personalPhoneNumber': '56371383607', 'personalNumberOfPassport': 'КА817154', 'personalAddress': 'г. Шелехов, пр. Транспортный, д. 83, 117746', 'citizenLastName': 'Самойлов', 'citizenFirstName': 'Елизавета', 'citizenMiddleName': 'Фёдорович', 'citizenBirthDate': '11.11.1925', 'citizenNumberOfPassport': 'АК586581', 'citizenGender': 'м', 'citizenAddress': 'г. Чикола, бул. Флотский, д. 48, 546033', 'dateOfMarriage': '07.10.2003', 'newLastName': 'Ковалева', 'anotherPersonLastName': 'Лапина', 'anotherPersonFirstName': 'Анжела', 'anotherPersonMiddleName': 'Афанасьевна', 'birth_of_anotoherPerson': '11.02.1938', 'anotherPersonPassport': 'ОС214880', 'birth_place': None, 'birth_mother': None, 'birth_father': None, 'birth_grandma': None, 'birth_grandpa': None, 'death_dateOfDeath': None, 'death_placeOfDeath': None}
2026-05-14 13:10:11,275 - api.endpoints.user_api - INFO - Response 200
2026-05-14 13:11:20,739 - api.endpoints.user_api - INFO - POST https://user:senlatest@regoffice.senla.eu/sendUserRequest | payload: {'mode': 'wedding', 'personalLastName': 'Брагин', 'personalFirstName': 'Михей', 'personalMiddleName': 'Терентьевич', 'personalPhoneNumber': '78638672032', 'personalNumberOfPassport': 'АА069982', 'personalAddress': 'с. Баксан, наб. Загородная, д. 9/4 стр. 1, 578013', 'citizenLastName': 'Герасимова', 'citizenFirstName': 'Юлий', 'citizenMiddleName': 'Иосипович', 'citizenBirthDate': '30.10.2006', 'citizenNumberOfPassport': 'ОТ543516', 'citizenGender': 'ж', 'citizenAddress': 'п. Калуга, ш. Полярное, д. 412 стр. 9/1, 275114', 'dateOfMarriage': '28.01.2004', 'newLastName': 'Носов', 'anotherPersonLastName': 'Воронов', 'anotherPersonFirstName': 'Пахом', 'anotherPersonMiddleName': 'Егоровна', 'birth_of_anotoherPerson': '13.02.1943', 'anotherPersonPassport': 'СА414933', 'birth_place': None, 'birth_mother': None, 'birth_father': None, 'birth_grandma': None, 'birth_grandpa': None, 'death_dateOfDeath': None, 'death_placeOfDeath': None}
2026-05-14 13:11:21,004 - api.endpoints.user_api - INFO - Response 500
2026-05-14 13:12:29,114 - api.endpoints.user_api - INFO - POST https://user:senlatest@regoffice.senla.eu/sendUserRequest | payload: {'mode': 'wedding', 'personalLastName': 'Калинин', 'personalFirstName': 'Онуфрий', 'personalMiddleName': 'Марсович', 'personalPhoneNumber': '69245145038', 'personalNumberOfPassport': 'СА319597', 'personalAddress': 'д. Соболево, ул. Поселковая, д. 3 к. 917, 709513', 'citizenLastName': 'Никифоров', 'citizenFirstName': 'Екатерина', 'citizenMiddleName': 'Денисович', 'citizenBirthDate': '18.11.1914', 'citizenNumberOfPassport': 'РС898508', 'citizenGender': 'муж', 'citizenAddress': 'клх Липецк, алл. Мостовая, д. 332 стр. 6/4, 120579', 'dateOfMarriage': '01.12.2004', 'newLastName': 'Иванов', 'anotherPersonLastName': 'Чернов', 'anotherPersonFirstName': 'Савва', 'anotherPersonMiddleName': 'Викентьевич', 'birth_of_anotoherPerson': '18.06.1992', 'anotherPersonPassport': 'ВТ595659', 'birth_place': None, 'birth_mother': None, 'birth_father': None, 'birth_grandma': None, 'birth_grandpa': None, 'death_dateOfDeath': None, 'death_placeOfDeath': None}
2026-05-14 13:12:29,363 - api.endpoints.user_api - INFO - Response 500
2026-05-14 13:13:17,825 - api.endpoints.user_api - INFO - POST https://user:senlatest@regoffice.senla.eu/sendUserRequest | payload: {'mode': 'wedding', 'personalLastName': 'Лебедева', 'personalFirstName': 'Нестор', 'personalMiddleName': 'Владиславовна', 'personalPhoneNumber': '19741140503', 'personalNumberOfPassport': 'РС939953', 'personalAddress': 'г. Далматово, бул. Шаумяна, д. 2/5 стр. 2, 334181', 'citizenLastName': 'Степанова', 'citizenFirstName': 'Пимен', 'citizenMiddleName': 'Архипович', 'citizenBirthDate': '20.12.1992', 'citizenNumberOfPassport': 'ВН770547', 'citizenGender': 'ж', 'citizenAddress': 'г. Славгород, ш. Войкова, д. 358, 340481', 'dateOfMarriage': '13.03.2022', 'newLastName': 'Калинин', 'anotherPersonLastName': 'Игнатов', 'anotherPersonFirstName': 'Савелий', 'anotherPersonMiddleName': 'Феодосьевич', 'birth_of_anotoherPerson': '10.07.1933', 'anotherPersonPassport': 'КН635791', 'birth_place': None, 'birth_mother': None, 'birth_father': None, 'birth_grandma': None, 'birth_grandpa': None, 'death_dateOfDeath': None, 'death_placeOfDeath': None}
2026-05-14 13:13:18,077 - api.endpoints.user_api - INFO - Response 500
2026-05-14 13:43:50,761 - api.endpoints.user_api - INFO - POST https://user:senlatest@regoffice.senla.eu/sendUserRequest | payload: {'mode': 'wedding', 'personalLastName': 'Дементьева', 'personalFirstName': 'Бронислав', 'personalMiddleName': 'Ефремович', 'personalPhoneNumber': '79671523806', 'personalNumberOfPassport': 'КЕ089681', 'personalAddress': 'к. Хасан, пр. Промышленный, д. 56, 395914', 'citizenLastName': 'Сысоева', 'citizenFirstName': 'Христофор', 'citizenMiddleName': 'Степановна', 'citizenBirthDate': '13.01.2004', 'citizenNumberOfPassport': 'НР600006', 'citizenGender': 'жен', 'citizenAddress': 'клх Баксан, ш. Некрасова, д. 6 к. 158, 874947', 'dateOfMarriage': '13.12.2016', 'newLastName': 'Родионов', 'anotherPersonLastName': 'Борисова', 'anotherPersonFirstName': 'Феврония', 'anotherPersonMiddleName': 'Филипповна', 'birth_of_anotoherPerson': '01.09.1951', 'anotherPersonPassport': 'РС591310', 'birth_place': None, 'birth_mother': None, 'birth_father': None, 'birth_grandma': None, 'birth_grandpa': None, 'death_dateOfDeath': None, 'death_placeOfDeath': None}
2026-05-14 13:43:51,074 - api.endpoints.user_api - INFO - Response 500
2026-05-14 13:45:58,840 - api.endpoints.user_api - INFO - POST https://user:senlatest@regoffice.senla.eu/sendUserRequest | payload: {'mode': 'wedding', 'personalLastName': 'Филатов', 'personalFirstName': 'Ефрем', 'personalMiddleName': 'Адрианович', 'personalPhoneNumber': '99046945402', 'personalNumberOfPassport': 'КО869718', 'personalAddress': 'клх Белогорск (Амур.), пер. Детский, д. 7 стр. 64, 074629', 'citizenLastName': 'Соколов', 'citizenFirstName': 'Алина', 'citizenMiddleName': 'Харлампьевич', 'citizenBirthDate': '17.10.1910', 'citizenNumberOfPassport': 'НА873724', 'citizenGender': 'ж', 'citizenAddress': 'д. Кондопога, пр. Фадеева, д. 41, 611974', 'dateOfMarriage': '24.05.2021', 'newLastName': 'Маркова', 'anotherPersonLastName': 'Исаков', 'anotherPersonFirstName': 'Владислав', 'anotherPersonMiddleName': 'Денисович', 'birth_of_anotoherPerson': '10.01.1996', 'anotherPersonPassport': 'НС438851', 'birth_place': None, 'birth_mother': None, 'birth_father': None, 'birth_grandma': None, 'birth_grandpa': None, 'death_dateOfDeath': None, 'death_placeOfDeath': None}
2026-05-14 13:45:59,072 - api.endpoints.user_api - INFO - Response 500
2026-05-14 13:46:45,899 - api.endpoints.user_api - INFO - POST https://user:senlatest@regoffice.senla.eu/sendUserRequest | payload: {'mode': 'wedding', 'personalLastName': 'Дьячков', 'personalFirstName': 'Евстафий', 'personalMiddleName': 'Абрамович', 'personalPhoneNumber': '39479797981', 'personalNumberOfPassport': 'ОО836087', 'personalAddress': 'к. Благовещенск (Амур.), наб. Глинки, д. 7/1 к. 867, 608709', 'citizenLastName': 'Логинова', 'citizenFirstName': 'Ирина', 'citizenMiddleName': 'Данилович', 'citizenBirthDate': '10.10.1971', 'citizenNumberOfPassport': 'ВТ458712', 'citizenGender': 'м', 'citizenAddress': 'д. Ижевск, алл. Ильича, д. 51 к. 258, 407070', 'dateOfMarriage': '14.02.2006', 'newLastName': 'Филатова', 'anotherPersonLastName': 'Капустина', 'anotherPersonFirstName': 'Нифонт', 'anotherPersonMiddleName': 'Андреевна', 'birth_of_anotoherPerson': '03.11.1998', 'anotherPersonPassport': 'ВА938661', 'birth_place': None, 'birth_mother': None, 'birth_father': None, 'birth_grandma': None, 'birth_grandpa': None, 'death_dateOfDeath': None, 'death_placeOfDeath': None}
2026-05-14 13:46:46,154 - api.endpoints.user_api - INFO - Response 500
2026-05-14 13:48:21,278 - api.endpoints.user_api - INFO - POST https://user:senlatest@regoffice.senla.eu/sendUserRequest | payload: {'mode': 'wedding', 'personalLastName': 'Осипов', 'personalFirstName': 'Тарас', 'personalMiddleName': 'Эдгарович', 'personalPhoneNumber': '48359057647', 'personalNumberOfPassport': 'ОЕ378293', 'personalAddress': 'д. Тында, наб. Овражная, д. 86, 399712', 'citizenLastName': 'Емельянова', 'citizenFirstName': 'Амос', 'citizenMiddleName': 'Евсеевич', 'citizenBirthDate': '1954-03-10', 'citizenNumberOfPassport': 'ОА950851', 'citizenGender': 'жен', 'citizenAddress': 'г. Кемерово, алл. Мая 1, д. 3 к. 579, 333741', 'dateOfMarriage': '2001-07-29', 'newLastName': 'Большакова', 'anotherPersonLastName': 'Ефремова', 'anotherPersonFirstName': 'Зинаида', 'anotherPersonMiddleName': 'Адрианович', 'birth_of_anotoherPerson': '1928-10-10', 'anotherPersonPassport': 'ОВ587467', 'birth_place': None, 'birth_mother': None, 'birth_father': None, 'birth_grandma': None, 'birth_grandpa': None, 'death_dateOfDeath': None, 'death_placeOfDeath': None}
2026-05-14 13:48:21,521 - api.endpoints.user_api - INFO - Response 200
2026-05-14 13:49:28,974 - api.endpoints.user_api - INFO - POST https://user:senlatest@regoffice.senla.eu/sendUserRequest | payload: {'mode': 'wedding', 'personalLastName': 'Гурьева', 'personalFirstName': 'Иван', 'personalMiddleName': 'Макаровна', 'personalPhoneNumber': '32290684165', 'personalNumberOfPassport': 'ЕВ123395', 'personalAddress': 'с. Петропавловск-Камчатский, бул. Стахановский, д. 197 стр. 9, 207558', 'citizenLastName': 'Лихачев', 'citizenFirstName': 'Феоктист', 'citizenMiddleName': 'Евсеевич', 'citizenBirthDate': '1992-07-05', 'citizenNumberOfPassport': 'АС644593', 'citizenGender': 'м', 'citizenAddress': 'г. Невинномысск, бул. Майский, д. 97, 703433', 'dateOfMarriage': '2018-06-23', 'newLastName': 'Никифоров', 'anotherPersonLastName': 'Кондратьева', 'anotherPersonFirstName': 'Лучезар', 'anotherPersonMiddleName': 'Юрьевна', 'birth_of_anotoherPerson': '2001-04-17', 'anotherPersonPassport': 'НК949401', 'birth_place': None, 'birth_mother': None, 'birth_father': None, 'birth_grandma': None, 'birth_grandpa': None, 'death_dateOfDeath': None, 'death_placeOfDeath': None}
2026-05-14 13:49:29,205 - api.endpoints.user_api - INFO - Response 500
2026-05-14 13:49:51,774 - api.endpoints.user_api - INFO - POST https://user:senlatest@regoffice.senla.eu/sendUserRequest | payload: {'mode': 'wedding', 'personalLastName': 'Суворов', 'personalFirstName': 'Савелий', 'personalMiddleName': 'Петровна', 'personalPhoneNumber': '04663111976', 'personalNumberOfPassport': 'ОТ867450', 'personalAddress': 'к. Таганрог, бул. Бульварный, д. 1 стр. 5, 858857', 'citizenLastName': 'Лаврентьева', 'citizenFirstName': 'Чеслав', 'citizenMiddleName': 'Гурьевич', 'citizenBirthDate': '1961-03-02', 'citizenNumberOfPassport': 'АН899408', 'citizenGender': 'муж', 'citizenAddress': 'д. Шелагонцы, пр. Больничный, д. 180 стр. 6/5, 500009', 'dateOfMarriage': '2017-07-04', 'newLastName': 'Дементьев', 'anotherPersonLastName': 'Петров', 'anotherPersonFirstName': 'Евдоким', 'anotherPersonMiddleName': 'Демьянович', 'birth_of_anotoherPerson': '1985-12-21', 'anotherPersonPassport': 'КА489586', 'birth_place': None, 'birth_mother': None, 'birth_father': None, 'birth_grandma': None, 'birth_grandpa': None, 'death_dateOfDeath': None, 'death_placeOfDeath': None}
2026-05-14 13:49:51,990 - api.endpoints.user_api - INFO - Response 500
2026-05-14 13:51:26,913 - api.endpoints.user_api - INFO - POST https://user:senlatest@regoffice.senla.eu/sendUserRequest | payload: {'mode': 'wedding', 'personalLastName': 'Николаев', 'personalFirstName': 'Аполлинарий', 'personalMiddleName': 'Артемовна', 'personalPhoneNumber': '87427248601', 'personalNumberOfPassport': 'КТ732809', 'personalAddress': 'д. Инта, ш. Приозерное, д. 26 к. 940, 862527', 'citizenLastName': 'Никифорова', 'citizenFirstName': 'Аникей', 'citizenMiddleName': 'Руслановна', 'citizenBirthDate': '1944-07-27', 'citizenNumberOfPassport': 'РН638589', 'citizenGender': 'жен', 'citizenAddress': 'д. Черусти, ул. Олега Кошевого, д. 52 стр. 20, 990138', 'dateOfMarriage': '2021-04-15', 'newLastName': 'Дроздова', 'anotherPersonLastName': 'Симонова', 'anotherPersonFirstName': 'Терентий', 'anotherPersonMiddleName': 'Львовна', 'birth_of_anotoherPerson': '1987-10-26', 'anotherPersonPassport': 'ЕК290915'}
2026-05-14 13:51:27,131 - api.endpoints.user_api - INFO - Response 500
2026-05-14 14:03:12,438 - api.endpoints.user_api - INFO - POST https://user:senlatest@regoffice.senla.eu/sendUserRequest | payload: {'mode': 'wedding', 'personalLastName': 'Семенов', 'personalFirstName': 'Георгий', 'personalMiddleName': 'Владимировна', 'personalPhoneNumber': '54897259697', 'personalNumberOfPassport': 'АТ026967', 'personalAddress': 'клх Рыльск, бул. Чайкиной, д. 2/9 стр. 8/1, 229366', 'citizenLastName': 'Тарасова', 'citizenFirstName': 'Аполлинарий', 'citizenMiddleName': 'Руслановна', 'citizenBirthDate': '1933-08-10', 'citizenNumberOfPassport': 'ОВ915837', 'citizenGender': 'муж', 'citizenAddress': 'ст. Ноябрьск, наб. Мелиораторов, д. 6 к. 139, 841184', 'dateOfMarriage': '2007-11-19', 'newLastName': 'Колесников', 'anotherPersonLastName': 'Стрелкова', 'anotherPersonFirstName': 'Нифонт', 'anotherPersonMiddleName': 'Еремеевич', 'birth_of_anotoherPerson': '1922-09-12', 'anotherPersonPassport': 'ЕК475766', 'birth_grandma': 'Всеволод', 'birth_grandpa': 'Казимир'}
2026-05-14 14:03:12,656 - api.endpoints.user_api - INFO - Response 500
2026-05-14 14:03:12,657 - tests_api.test_user_api - INFO - Response body: {'code': 'error', 'message': 'SequelizeDatabaseError'}
2026-05-14 14:05:58,144 - api.endpoints.user_api - INFO - POST https://user:senlatest@regoffice.senla.eu/sendUserRequest | payload: {'mode': 'wedding', 'personalLastName': 'Воронова', 'personalFirstName': 'Виктор', 'personalMiddleName': 'Георгиевна', 'personalPhoneNumber': '92231288963', 'personalNumberOfPassport': 'ТЕ976647', 'personalAddress': 'г. Валдай, пр. Баумана, д. 2 стр. 8/3, 158576', 'citizenLastName': 'Симонова', 'citizenFirstName': 'Мирон', 'citizenMiddleName': 'Рудольфовна', 'citizenBirthDate': '1987-03-07', 'citizenNumberOfPassport': 'ОА987094', 'citizenGender': 'жен', 'citizenAddress': 'д. Сеймчан, бул. Овражный, д. 606 стр. 76, 109277', 'dateOfMarriage': '2004-11-03', 'newLastName': 'Моисеев', 'anotherPersonLastName': 'Красильников', 'anotherPersonFirstName': 'Венедикт', 'anotherPersonMiddleName': 'Глебович', 'birth_of_anotoherPerson': '1921-10-24', 'anotherPersonPassport': 'СР366467', 'birth_grandma': 'Касьян', 'birth_grandpa': 'Мокей'}
2026-05-14 14:05:58,393 - api.endpoints.user_api - INFO - Response 200
2026-05-14 14:05:58,393 - tests_api.test_user_api - INFO - Response body: {'data': {'applicantid': 72516, 'citizenid': 65383, 'applicationid': 63835, 'merrigecertificateid': 28602}, 'requestId': '3478341c-9c6b-47b3-b4b0-1d5acb5b0a7f'}
2026-05-14 14:06:00,903 - api.endpoints.user_api - INFO - POST https://user:senlatest@regoffice.senla.eu/sendUserRequest | payload: {'mode': 'wedding', 'personalLastName': 'Турова', 'personalFirstName': 'Гостомысл', 'personalMiddleName': 'Борисовна', 'personalPhoneNumber': '48698420331', 'personalNumberOfPassport': 'РР779449', 'personalAddress': 'клх Карталы, пр. Советов, д. 81, 451416', 'citizenLastName': 'Ширяева', 'citizenFirstName': 'Адам', 'citizenMiddleName': 'Егорович', 'citizenBirthDate': '1958-05-31', 'citizenNumberOfPassport': 'НК087505', 'citizenGender': 'ж', 'citizenAddress': 'с. Тихвин, бул. Тамбовский, д. 7 к. 56, 280390', 'dateOfMarriage': '2004-06-06', 'newLastName': 'Рожкова', 'anotherPersonLastName': 'Авдеев', 'anotherPersonFirstName': 'Артемий', 'anotherPersonMiddleName': 'Кузьминична', 'birth_of_anotoherPerson': '1922-01-14', 'anotherPersonPassport': 'РВ329819', 'birth_grandma': 'Твердислав', 'birth_grandpa': 'Ювеналий'}
2026-05-14 14:06:01,113 - api.endpoints.user_api - INFO - Response 200
2026-05-14 14:06:01,113 - tests_api.test_user_api - INFO - Response body: {'data': {'applicantid': 72517, 'citizenid': 65384, 'applicationid': 63836, 'merrigecertificateid': 28603}, 'requestId': '49d1b28d-5876-49c7-bfb8-8235cd4027d7'}
2026-05-14 14:06:04,744 - api.endpoints.user_api - INFO - POST https://user:senlatest@regoffice.senla.eu/sendUserRequest | payload: {'mode': 'wedding', 'personalLastName': 'Некрасова', 'personalFirstName': 'Андроник', 'personalMiddleName': 'Фадеевич', 'personalPhoneNumber': '38488858199', 'personalNumberOfPassport': 'ЕС377565', 'personalAddress': 'п. Ухта, наб. Тимирязева, д. 84 к. 227, 868889', 'citizenLastName': 'Назарова', 'citizenFirstName': 'Варвара', 'citizenMiddleName': 'Давидович', 'citizenBirthDate': '1916-02-21', 'citizenNumberOfPassport': 'АН310687', 'citizenGender': 'м', 'citizenAddress': 'к. Оха, бул. 60 лет Октября, д. 7/6 стр. 39, 614086', 'dateOfMarriage': '2019-03-27', 'newLastName': 'Петухов', 'anotherPersonLastName': 'Жданова', 'anotherPersonFirstName': 'Карл', 'anotherPersonMiddleName': 'Ильич', 'birth_of_anotoherPerson': '1993-08-29', 'anotherPersonPassport': 'ТР920847', 'birth_grandma': 'Данила', 'birth_grandpa': 'Милан'}
2026-05-14 14:06:04,972 - api.endpoints.user_api - INFO - Response 500
2026-05-14 14:06:04,973 - tests_api.test_user_api - INFO - Response body: {'code': 'error', 'message': 'SequelizeDatabaseError'}
2026-05-14 14:09:51,957 - api.endpoints.user_api - INFO - POST https://user:senlatest@regoffice.senla.eu/sendUserRequest | payload: {'mode': 'wedding', 'personalLastName': 'Зыкова', 'personalFirstName': 'Лидия', 'personalMiddleName': 'Федосеевич', 'personalPhoneNumber': '03989667870', 'personalNumberOfPassport': 'КР370508', 'personalAddress': 'ст. Артем, бул. Приморский, д. 8/8 к. 9, 129687', 'citizenLastName': 'Петрова', 'citizenFirstName': 'Милан', 'citizenMiddleName': 'Герасимович', 'citizenBirthDate': '1920-05-22', 'citizenNumberOfPassport': 'АО755863', 'citizenGender': 'м', 'citizenAddress': 'д. Павловский Посад, ш. Суворова, д. 6 к. 23, 083316', 'dateOfMarriage': '2008-07-05', 'newLastName': 'Молчанов', 'anotherPersonLastName': 'Яковлев', 'anotherPersonFirstName': 'Савелий', 'anotherPersonMiddleName': 'Евсеевич', 'birth_of_anotoherPerson': '1919-09-22', 'anotherPersonPassport': 'СО309632'}
2026-05-14 14:09:52,192 - api.endpoints.user_api - INFO - Response 500
2026-05-14 14:09:52,193 - tests_api.test_user_api - INFO - Response body: {'code': 'error', 'message': 'SequelizeDatabaseError'}
2026-05-14 14:09:54,950 - api.endpoints.user_api - INFO - POST https://user:senlatest@regoffice.senla.eu/sendUserRequest | payload: {'mode': 'wedding', 'personalLastName': 'Устинов', 'personalFirstName': 'Онуфрий', 'personalMiddleName': 'Вячеславович', 'personalPhoneNumber': '58763502134', 'personalNumberOfPassport': 'ОА049379', 'personalAddress': 'ст. Руза, ул. Седова, д. 1/7, 894815', 'citizenLastName': 'Орлов', 'citizenFirstName': 'Ипполит', 'citizenMiddleName': 'Власович', 'citizenBirthDate': '1998-12-20', 'citizenNumberOfPassport': 'ВН082844', 'citizenGender': 'ж', 'citizenAddress': 'г. Каспийск, наб. Пожарского, д. 581 стр. 3, 344387', 'dateOfMarriage': '2017-02-15', 'newLastName': 'Быкова', 'anotherPersonLastName': 'Исакова', 'anotherPersonFirstName': 'Максим', 'anotherPersonMiddleName': 'Артемовна', 'birth_of_anotoherPerson': '1960-01-25', 'anotherPersonPassport': 'РВ786580'}
2026-05-14 14:09:55,198 - api.endpoints.user_api - INFO - Response 500
2026-05-14 14:09:55,198 - tests_api.test_user_api - INFO - Response body: {'code': 'error', 'message': 'SequelizeDatabaseError'}
2026-05-14 14:09:57,940 - api.endpoints.user_api - INFO - POST https://user:senlatest@regoffice.senla.eu/sendUserRequest | payload: {'mode': 'wedding', 'personalLastName': 'Петрова', 'personalFirstName': 'Авдей', 'personalMiddleName': 'Адрианович', 'personalPhoneNumber': '59191725426', 'personalNumberOfPassport': 'КР333081', 'personalAddress': 'с. Шерегеш, наб. Выгонная, д. 9/7 стр. 172, 913640', 'citizenLastName': 'Кошелева', 'citizenFirstName': 'Филипп', 'citizenMiddleName': 'Глебович', 'citizenBirthDate': '1974-01-13', 'citizenNumberOfPassport': 'ТР661029', 'citizenGender': 'ж', 'citizenAddress': 'ст. Амдерма, пер. 9 Января, д. 8/1, 489877', 'dateOfMarriage': '2020-03-04', 'newLastName': 'Игнатьев', 'anotherPersonLastName': 'Горбунов', 'anotherPersonFirstName': 'Марк', 'anotherPersonMiddleName': 'Кирилловна', 'birth_of_anotoherPerson': '1936-09-14', 'anotherPersonPassport': 'КН571985'}
2026-05-14 14:09:58,180 - api.endpoints.user_api - INFO - Response 200
2026-05-14 14:09:58,180 - tests_api.test_user_api - INFO - Response body: {'data': {'applicantid': 72521, 'citizenid': 65385, 'applicationid': 63837, 'merrigecertificateid': 28604}, 'requestId': '39f4cfb0-0666-4084-8f65-d26552c6c417'}
2026-05-14 14:16:48,209 - api.endpoints.user_api - INFO - POST https://user:senlatest@regoffice.senla.eu/sendUserRequest | payload: {'mode': 'birth', 'personalLastName': 'Данилова', 'personalFirstName': 'Казимир', 'personalMiddleName': 'Васильевна', 'personalPhoneNumber': '06325364482', 'personalNumberOfPassport': 'ЕВ045750', 'personalAddress': 'клх Салехард, ш. Попова, д. 1 к. 17, 723116', 'citizenLastName': 'Шарова', 'citizenFirstName': 'Касьян', 'citizenMiddleName': 'Фокич', 'citizenBirthDate': '09.02.1986', 'citizenNumberOfPassport': 'СВ717404', 'citizenGender': 'муж', 'citizenAddress': 'ст. Киров (Вятка), алл. Хвойная, д. 4, 110271', 'birth_place': 'с. Новгород Великий, ул. Ягодная, д. 2, 627908', 'birth_mother': 'Синклитикия Никитина Ивановна', 'birth_father': 'Панкратий Фролов Юльевич', 'birth_grandma': 'Анжелика Жданова Михайловна', 'birth_grandpa': 'Бажен Кононов Всеволодович'}
2026-05-14 14:16:48,447 - api.endpoints.user_api - INFO - Response 500
2026-05-14 14:16:48,447 - tests_api.test_user_api - INFO - response body: {'code': 'error', 'message': 'SequelizeDatabaseError'}
2026-05-14 14:16:51,678 - api.endpoints.user_api - INFO - POST https://user:senlatest@regoffice.senla.eu/sendUserRequest | payload: {'mode': 'birth', 'personalLastName': 'Елисеев', 'personalFirstName': 'Сидор', 'personalMiddleName': 'Эдуардович', 'personalPhoneNumber': '75415266913', 'personalNumberOfPassport': 'ЕА236009', 'personalAddress': 'клх Вологда, пер. Дорожников, д. 5/7, 097950', 'citizenLastName': 'Третьяков', 'citizenFirstName': 'Савватий', 'citizenMiddleName': 'Якубович', 'citizenBirthDate': '04.12.1983', 'citizenNumberOfPassport': 'ТР599614', 'citizenGender': 'муж', 'citizenAddress': 'с. Усть-Ишим, ул. Кошевого, д. 656 к. 2/6, 746091', 'birth_place': 'г. Бавлы, ш. Амурское, д. 5/7 к. 7/7, 824193', 'birth_mother': 'Евгения Третьякова Даниловна', 'birth_father': 'Мир Калашников Трифонович', 'birth_grandma': 'Ия Филиппова Антоновна', 'birth_grandpa': 'Остромир Логинов Глебович'}
2026-05-14 14:16:51,904 - api.endpoints.user_api - INFO - Response 500
2026-05-14 14:16:51,904 - tests_api.test_user_api - INFO - response body: {'code': 'error', 'message': 'SequelizeDatabaseError'}
2026-05-14 14:16:53,731 - api.endpoints.user_api - INFO - POST https://user:senlatest@regoffice.senla.eu/sendUserRequest | payload: {'mode': 'birth', 'personalLastName': 'Мясников', 'personalFirstName': 'Епифан', 'personalMiddleName': 'Анисимович', 'personalPhoneNumber': '99796959317', 'personalNumberOfPassport': 'ТЕ803174', 'personalAddress': 'п. Мценск, бул. Станционный, д. 1 стр. 25, 131600', 'citizenLastName': 'Родионов', 'citizenFirstName': 'Захар', 'citizenMiddleName': 'Гордеевич', 'citizenBirthDate': '24.05.1916', 'citizenNumberOfPassport': 'АТ514707', 'citizenGender': 'жен', 'citizenAddress': 'д. Осташков, ул. Машиностроителей, д. 95, 481126', 'birth_place': 'с. Сибай, наб. Гражданская, д. 732, 502024', 'birth_mother': 'Глафира Орлова Рубеновна', 'birth_father': 'Феоктист Сергеев Артёмович', 'birth_grandma': 'Эмилия Фомина Львовна', 'birth_grandpa': 'Митофан Александров Теймуразович'}
2026-05-14 14:16:53,954 - api.endpoints.user_api - INFO - Response 500
2026-05-14 14:16:53,954 - tests_api.test_user_api - INFO - response body: {'code': 'error', 'message': 'SequelizeDatabaseError'}
2026-05-14 14:16:55,696 - api.endpoints.user_api - INFO - POST https://user:senlatest@regoffice.senla.eu/sendUserRequest | payload: {'mode': 'birth', 'personalLastName': 'Журавлева', 'personalFirstName': 'Прокл', 'personalMiddleName': 'Олеговна', 'personalPhoneNumber': '13288254690', 'personalNumberOfPassport': 'АК294892', 'personalAddress': 'к. Камышлов, ул. Папанина, д. 7/4 стр. 931, 968833', 'citizenLastName': 'Максимова', 'citizenFirstName': 'Юлий', 'citizenMiddleName': 'Дмитриевна', 'citizenBirthDate': '28.08.1985', 'citizenNumberOfPassport': 'КС258476', 'citizenGender': 'муж', 'citizenAddress': 'г. Выборг, ш. Ленское, д. 191 стр. 6, 460091', 'birth_place': 'д. Барнаул, ул. Дорожников, д. 5 стр. 463, 103445', 'birth_mother': 'Синклитикия Котова Никифоровна', 'birth_father': 'Дорофей Евдокимов Валерианович', 'birth_grandma': 'Варвара Ефремова Рудольфовна', 'birth_grandpa': 'Роман Блинов Артурович'}
2026-05-14 14:16:55,933 - api.endpoints.user_api - INFO - Response 500
2026-05-14 14:16:55,934 - tests_api.test_user_api - INFO - response body: {'code': 'error', 'message': 'SequelizeDatabaseError'}
2026-05-14 14:16:57,739 - api.endpoints.user_api - INFO - POST https://user:senlatest@regoffice.senla.eu/sendUserRequest | payload: {'mode': 'birth', 'personalLastName': 'Тихонова', 'personalFirstName': 'Авдей', 'personalMiddleName': 'Изотович', 'personalPhoneNumber': '73271448031', 'personalNumberOfPassport': 'ВК355411', 'personalAddress': 'д. Бомнак, ул. Панфилова, д. 13, 303887', 'citizenLastName': 'Титов', 'citizenFirstName': 'Алевтина', 'citizenMiddleName': 'Борисович', 'citizenBirthDate': '11.10.1956', 'citizenNumberOfPassport': 'ВВ789166', 'citizenGender': 'муж', 'citizenAddress': 'к. Калуга, пр. Механизаторов, д. 7, 070992', 'birth_place': 'д. Ейск, алл. Камская, д. 5 стр. 1, 098609', 'birth_mother': 'Ираида Андреева Афанасьевна', 'birth_father': 'Трофим Савин Владленович', 'birth_grandma': 'Пелагея Меркушева Егоровна', 'birth_grandpa': 'Севастьян Субботин Витальевич'}
2026-05-14 14:16:57,963 - api.endpoints.user_api - INFO - Response 500
2026-05-14 14:16:57,964 - tests_api.test_user_api - INFO - response body: {'code': 'error', 'message': 'SequelizeDatabaseError'}
2026-05-14 14:16:59,693 - api.endpoints.user_api - INFO - POST https://user:senlatest@regoffice.senla.eu/sendUserRequest | payload: {'mode': 'birth', 'personalLastName': 'Орехова', 'personalFirstName': 'Никодим', 'personalMiddleName': 'Владимировна', 'personalPhoneNumber': '51298986728', 'personalNumberOfPassport': 'СВ375159', 'personalAddress': 'с. Тосно, бул. Докучаева, д. 5, 174057', 'citizenLastName': 'Соколова', 'citizenFirstName': 'Агап', 'citizenMiddleName': 'Абрамович', 'citizenBirthDate': '05.09.1955', 'citizenNumberOfPassport': 'СС606792', 'citizenGender': 'муж', 'citizenAddress': 'клх Приозерск, бул. Курортный, д. 8 стр. 9, 514086', 'birth_place': 'к. Орск, пер. Авиационный, д. 6/3 к. 701, 004600', 'birth_mother': 'Лариса Большакова Макаровна', 'birth_father': 'Ермил Блинов Вилорович', 'birth_grandma': 'Фаина Антонова Матвеевна', 'birth_grandpa': 'Мечислав Емельянов Елизарович'}
2026-05-14 14:16:59,933 - api.endpoints.user_api - INFO - Response 500
2026-05-14 14:16:59,934 - tests_api.test_user_api - INFO - response body: {'code': 'error', 'message': 'SequelizeDatabaseError'}
2026-05-14 14:19:51,902 - api.endpoints.user_api - INFO - POST https://user:senlatest@regoffice.senla.eu/sendUserRequest | payload: {'mode': 'birth', 'personalLastName': 'Савельева', 'personalFirstName': 'Прокофий', 'personalMiddleName': 'Викторович', 'personalPhoneNumber': '16465500921', 'personalNumberOfPassport': 'ЕК685584', 'personalAddress': 'ст. Бавлы, бул. Тупиковый, д. 9/6 к. 5/7, 663725', 'citizenLastName': 'Юдин', 'citizenFirstName': 'Аполлинарий', 'citizenMiddleName': 'Тимофеевна', 'citizenBirthDate': '07.06.1976', 'citizenNumberOfPassport': 'АА665739', 'citizenGender': 'ж', 'citizenAddress': 'ст. Горячий Ключ, ш. Лесхозное, д. 969, 057706', 'birth_place': 'д. Заводоуковск, алл. Химиков, д. 88 стр. 6/5, 526763', 'birth_mother': 'Виктория Белякова Григорьевна', 'birth_father': 'Соломон Архипов Жанович', 'birth_grandma': 'Валерия Гришина Борисовна', 'birth_grandpa': 'Авксентий Игнатов Эдгарович'}
2026-05-14 14:19:52,121 - api.endpoints.user_api - INFO - Response 500
2026-05-14 14:19:52,122 - tests_api.test_user_api - INFO - response body: {'code': 'error', 'message': 'SequelizeDatabaseError'}
2026-05-14 14:21:36,630 - api.endpoints.user_api - INFO - POST https://user:senlatest@regoffice.senla.eu/sendUserRequest | payload: {'mode': 'birth', 'personalLastName': 'Артемьева', 'personalFirstName': 'Ефим', 'personalMiddleName': 'Сергеевна', 'personalPhoneNumber': '21956464320', 'personalNumberOfPassport': 'РА468585', 'personalAddress': 'д. Вологда, ул. Черемушки, д. 4 стр. 782, 876910', 'citizenLastName': 'Маслова', 'citizenFirstName': 'Севастьян', 'citizenMiddleName': 'Яковлевна', 'citizenBirthDate': '18.10.1929', 'citizenNumberOfPassport': 'НН802851', 'citizenGender': 'м', 'citizenAddress': 'к. Туапсе, пер. Береговой, д. 4/1 стр. 86, 559071', 'birth_place': 'п. Тутончаны, пер. Республиканский, д. 59 к. 84, 736938', 'birth_mother': 'Валентина Морозова Константиновна', 'birth_father': 'Феликс Галкин Харлампович', 'birth_grandma': 'Вера Гурьева Леоновна', 'birth_grandpa': 'Геннадий Авдеев Демидович'}
2026-05-14 14:21:36,867 - api.endpoints.user_api - INFO - Response 500
2026-05-14 14:21:36,868 - tests_api.test_user_api - INFO - response body: {'code': 'error', 'message': 'SequelizeDatabaseError'}
2026-05-14 14:24:43,043 - api.endpoints.user_api - INFO - POST https://user:senlatest@regoffice.senla.eu/sendUserRequest | payload: {'mode': 'wedding', 'personalLastName': 'Белякова', 'personalFirstName': 'Изяслав', 'personalMiddleName': 'Ефремович', 'personalPhoneNumber': '14407042714', 'personalNumberOfPassport': 'АР738438', 'personalAddress': 'г. Новомосковск, алл. Киевская, д. 14 к. 501, 981157', 'citizenLastName': 'Федорова', 'citizenFirstName': 'Дементий', 'citizenMiddleName': 'Владиленович', 'citizenBirthDate': '1988-08-17', 'citizenNumberOfPassport': 'ОТ126236', 'citizenGender': 'м', 'citizenAddress': 'г. Усть-Камчатск, наб. Маяковского, д. 2/9 стр. 617, 801301', 'dateOfMarriage': '2009-09-01', 'newLastName': 'Аксенова', 'anotherPersonLastName': 'Исаева', 'anotherPersonFirstName': 'Соломон', 'anotherPersonMiddleName': 'Адамович', 'birth_of_anotoherPerson': '1950-11-17', 'anotherPersonPassport': 'ЕТ911136'}
2026-05-14 14:24:43,285 - api.endpoints.user_api - INFO - Response 500
2026-05-14 14:24:43,286 - tests_api.test_user_api - INFO - Response body: {'code': 'error', 'message': 'SequelizeDatabaseError'}
2026-05-14 14:26:08,120 - api.endpoints.user_api - INFO - POST https://user:senlatest@regoffice.senla.eu/sendUserRequest | payload: {'mode': 'wedding', 'personalLastName': 'Калашникова', 'personalFirstName': 'Антонин', 'personalMiddleName': 'Давидович', 'personalPhoneNumber': '22016065590', 'personalNumberOfPassport': 'ОЕ778081', 'personalAddress': 'г. Малоярославец, ул. Полтавская, д. 90 стр. 28, 946686', 'citizenLastName': 'Молчанова', 'citizenFirstName': 'Мирослав', 'citizenMiddleName': 'Ниловна', 'citizenBirthDate': '1967-01-26', 'citizenNumberOfPassport': 'АК556061', 'citizenGender': 'муж', 'citizenAddress': 'ст. Тулпан, алл. Февральская, д. 1, 388921', 'dateOfMarriage': '2001-04-06', 'newLastName': 'Кузьмина', 'anotherPersonLastName': 'Осипов', 'anotherPersonFirstName': 'Мария', 'anotherPersonMiddleName': 'Аверьянович', 'birth_of_anotoherPerson': '1927-02-11', 'anotherPersonPassport': 'ВР609128'}
2026-05-14 14:26:08,338 - api.endpoints.user_api - INFO - Response 500
2026-05-14 14:26:08,339 - tests_api.test_user_api - INFO - Response body: {'code': 'error', 'message': 'SequelizeDatabaseError'}
2026-05-14 14:26:16,744 - api.endpoints.user_api - INFO - POST https://user:senlatest@regoffice.senla.eu/sendUserRequest | payload: {'mode': 'wedding', 'personalLastName': 'Потапова', 'personalFirstName': 'Арсений', 'personalMiddleName': 'Владиславовна', 'personalPhoneNumber': '53871683769', 'personalNumberOfPassport': 'КА156868', 'personalAddress': 'к. Киржач, наб. Раздольная, д. 74 к. 3, 456906', 'citizenLastName': 'Гусев', 'citizenFirstName': 'Климент', 'citizenMiddleName': 'Ефимович', 'citizenBirthDate': '1939-11-07', 'citizenNumberOfPassport': 'АВ721255', 'citizenGender': 'м', 'citizenAddress': 'клх Новосибирск, ш. Путевое, д. 8/6 к. 19, 962327', 'dateOfMarriage': '2002-12-26', 'newLastName': 'Алексеев', 'anotherPersonLastName': 'Зимина', 'anotherPersonFirstName': 'Мечислав', 'anotherPersonMiddleName': 'Ермилович', 'birth_of_anotoherPerson': '1960-09-22', 'anotherPersonPassport': 'ТР328716'}
2026-05-14 14:26:17,011 - api.endpoints.user_api - INFO - Response 200
2026-05-14 14:26:17,011 - tests_api.test_user_api - INFO - Response body: {'data': {'applicantid': 72530, 'citizenid': 65394, 'applicationid': 63846, 'merrigecertificateid': 28605}, 'requestId': '908dd005-9029-43e5-914e-d2214e00a93a'}
2026-05-14 14:26:34,523 - api.endpoints.user_api - INFO - POST https://user:senlatest@regoffice.senla.eu/sendUserRequest | payload: {'mode': 'wedding', 'personalLastName': 'Попова', 'personalFirstName': 'Эмиль', 'personalMiddleName': 'Игоревич', 'personalPhoneNumber': '33752778953', 'personalNumberOfPassport': 'ЕР723944', 'personalAddress': 'ст. Каменск-Шахтинский, пр. Свердлова, д. 5/8 к. 71, 307267', 'citizenLastName': 'Туров', 'citizenFirstName': 'Роман', 'citizenMiddleName': 'Рудольфовна', 'citizenBirthDate': '1944-05-26', 'citizenNumberOfPassport': 'КК745019', 'citizenGender': 'м', 'citizenAddress': 'д. Богучар, бул. Харьковский, д. 603 стр. 1/3, 956459', 'dateOfMarriage': '2022-06-09', 'newLastName': 'Селиверстова', 'anotherPersonLastName': 'Белякова', 'anotherPersonFirstName': 'Семен', 'anotherPersonMiddleName': 'Вадимовна', 'birth_of_anotoherPerson': '1978-04-09', 'anotherPersonPassport': 'ВС344715'}
2026-05-14 14:26:34,741 - api.endpoints.user_api - INFO - Response 500
2026-05-14 14:26:34,742 - tests_api.test_user_api - INFO - Response body: {'code': 'error', 'message': 'SequelizeDatabaseError'}
2026-05-14 14:26:36,871 - api.endpoints.user_api - INFO - POST https://user:senlatest@regoffice.senla.eu/sendUserRequest | payload: {'mode': 'wedding', 'personalLastName': 'Устинов', 'personalFirstName': 'Болеслав', 'personalMiddleName': 'Абрамович', 'personalPhoneNumber': '47471819920', 'personalNumberOfPassport': 'РК731341', 'personalAddress': 'д. Сальск, пер. Мирный, д. 7 к. 7, 359300', 'citizenLastName': 'Николаев', 'citizenFirstName': 'Казимир', 'citizenMiddleName': 'Жанович', 'citizenBirthDate': '1951-12-22', 'citizenNumberOfPassport': 'ВТ066670', 'citizenGender': 'жен', 'citizenAddress': 'д. Ачхой Мартан, наб. М.Горького, д. 8 стр. 4, 557820', 'dateOfMarriage': '2020-10-27', 'newLastName': 'Кошелева', 'anotherPersonLastName': 'Ершова', 'anotherPersonFirstName': 'Геннадий', 'anotherPersonMiddleName': 'Аскольдовна', 'birth_of_anotoherPerson': '1973-06-28', 'anotherPersonPassport': 'СО381031'}
2026-05-14 14:26:37,115 - api.endpoints.user_api - INFO - Response 500
2026-05-14 14:26:37,116 - tests_api.test_user_api - INFO - Response body: {'code': 'error', 'message': 'SequelizeDatabaseError'}
2026-05-14 14:26:38,912 - api.endpoints.user_api - INFO - POST https://user:senlatest@regoffice.senla.eu/sendUserRequest | payload: {'mode': 'wedding', 'personalLastName': 'Лукина', 'personalFirstName': 'Элеонора', 'personalMiddleName': 'Валерьевич', 'personalPhoneNumber': '26928318971', 'personalNumberOfPassport': 'ЕК177423', 'personalAddress': 'ст. Усть-Кут, пр. Сельский, д. 60, 463919', 'citizenLastName': 'Голубев', 'citizenFirstName': 'Эммануил', 'citizenMiddleName': 'Харитонович', 'citizenBirthDate': '1994-06-10', 'citizenNumberOfPassport': 'ОР980089', 'citizenGender': 'муж', 'citizenAddress': 'с. Кисловодск, алл. Есенина, д. 35, 330299', 'dateOfMarriage': '2024-08-15', 'newLastName': 'Шашков', 'anotherPersonLastName': 'Мухин', 'anotherPersonFirstName': 'Родион', 'anotherPersonMiddleName': 'Авдеевич', 'birth_of_anotoherPerson': '1980-11-05', 'anotherPersonPassport': 'КК196578'}
2026-05-14 14:26:39,164 - api.endpoints.user_api - INFO - Response 200
2026-05-14 14:26:39,164 - tests_api.test_user_api - INFO - Response body: {'data': {'applicantid': 72532, 'citizenid': 65395, 'applicationid': 63847, 'merrigecertificateid': 28606}, 'requestId': '8c31fd6b-9517-4a00-9b5f-7b0b530ad2c8'}
2026-05-14 14:28:03,150 - api.endpoints.user_api - INFO - POST https://user:senlatest@regoffice.senla.eu/sendUserRequest | payload: {'mode': 'wedding', 'personalLastName': 'Шубин', 'personalFirstName': 'Харлампий', 'personalMiddleName': 'Яковлевич', 'personalPhoneNumber': '26122163297', 'personalNumberOfPassport': 'КА137312', 'personalAddress': 'клх Соликамск, наб. Крупской, д. 573, 847069', 'citizenLastName': 'Ефремов', 'citizenFirstName': 'Зинаида', 'citizenMiddleName': 'Иосипович', 'citizenBirthDate': '1964-10-23', 'citizenNumberOfPassport': 'КК695127', 'citizenGender': 'м', 'citizenAddress': 'п. Россошь, наб. Солнечная, д. 1/8 к. 5/5, 669955', 'dateOfMarriage': '2012-12-07', 'newLastName': 'Игнатова', 'anotherPersonLastName': 'Тарасов', 'anotherPersonFirstName': 'Зинаида', 'anotherPersonMiddleName': 'Харлампьевич', 'birth_of_anotoherPerson': '2000-09-10', 'anotherPersonPassport': 'ТЕ828616'}
2026-05-14 14:28:03,366 - api.endpoints.user_api - INFO - Response 200
2026-05-14 14:28:03,367 - tests_api.test_user_api - INFO - Response body: {'data': {'applicantid': 72533, 'citizenid': 65396, 'applicationid': 63848, 'merrigecertificateid': 28607}, 'requestId': '1df53ad6-329c-4dd6-825a-b1e3b5f218c2'}
2026-05-14 14:28:07,089 - api.endpoints.user_api - INFO - POST https://user:senlatest@regoffice.senla.eu/sendUserRequest | payload: {'mode': 'wedding', 'personalLastName': 'Трофимов', 'personalFirstName': 'Дорофей', 'personalMiddleName': 'Венедиктович', 'personalPhoneNumber': '78290048159', 'personalNumberOfPassport': 'НТ831178', 'personalAddress': 'с. Тулпан, пер. Озерный, д. 5, 337073', 'citizenLastName': 'Кудрявцев', 'citizenFirstName': 'Ипатий', 'citizenMiddleName': 'Анатольевна', 'citizenBirthDate': '1917-06-15', 'citizenNumberOfPassport': 'СС993913', 'citizenGender': 'муж', 'citizenAddress': 'г. Белый Яр (Томск.), ул. Верхняя, д. 6/8, 201615', 'dateOfMarriage': '2024-04-11', 'newLastName': 'Молчанов', 'anotherPersonLastName': 'Федосеев', 'anotherPersonFirstName': 'Наина', 'anotherPersonMiddleName': 'Геннадиевна', 'birth_of_anotoherPerson': '1964-01-27', 'anotherPersonPassport': 'АО974535'}
2026-05-14 14:28:07,336 - api.endpoints.user_api - INFO - Response 200
2026-05-14 14:28:07,337 - tests_api.test_user_api - INFO - Response body: {'data': {'applicantid': 72534, 'citizenid': 65397, 'applicationid': 63849, 'merrigecertificateid': 28608}, 'requestId': '134d2475-83f1-4835-bbfe-4d6ed1e4b66b'}
2026-05-14 14:28:09,814 - api.endpoints.user_api - INFO - POST https://user:senlatest@regoffice.senla.eu/sendUserRequest | payload: {'mode': 'wedding', 'personalLastName': 'Жукова', 'personalFirstName': 'Элеонора', 'personalMiddleName': 'Дмитриевна', 'personalPhoneNumber': '81669878229', 'personalNumberOfPassport': 'КВ855488', 'personalAddress': 'п. Стрежевой, пер. Лазо, д. 263, 310930', 'citizenLastName': 'Пестов', 'citizenFirstName': 'Натан', 'citizenMiddleName': 'Елизарович', 'citizenBirthDate': '1999-03-09', 'citizenNumberOfPassport': 'НН663716', 'citizenGender': 'жен', 'citizenAddress': 'с. Орел, наб. Флотская, д. 2/9 к. 7/8, 458507', 'dateOfMarriage': '1998-01-05', 'newLastName': 'Красильников', 'anotherPersonLastName': 'Александров', 'anotherPersonFirstName': 'Амос', 'anotherPersonMiddleName': 'Эдуардовна', 'birth_of_anotoherPerson': '1987-10-06', 'anotherPersonPassport': 'ВЕ771515'}
2026-05-14 14:28:10,053 - api.endpoints.user_api - INFO - Response 200
2026-05-14 14:28:10,054 - tests_api.test_user_api - INFO - Response body: {'data': {'applicantid': 72535, 'citizenid': 65398, 'applicationid': 63850, 'merrigecertificateid': 28609}, 'requestId': 'a36f06b5-561d-4788-9b74-ec9fe493faf1'}
2026-05-14 14:28:39,853 - api.endpoints.user_api - INFO - POST https://user:senlatest@regoffice.senla.eu/sendUserRequest | payload: {'mode': 'birth', 'personalLastName': 'Игнатьев', 'personalFirstName': 'Игорь', 'personalMiddleName': 'Харлампович', 'personalPhoneNumber': '44984281498', 'personalNumberOfPassport': 'КС881543', 'personalAddress': 'д. Мичуринск, ул. Больничная, д. 40 стр. 6/8, 660761', 'citizenLastName': 'Зиновьева', 'citizenFirstName': 'Остромир', 'citizenMiddleName': 'Даниилович', 'citizenBirthDate': '13.02.1928', 'citizenNumberOfPassport': 'КР630903', 'citizenGender': 'м', 'citizenAddress': 'с. Киров (Вятка), ш. Сахалинское, д. 9/8 стр. 90, 731502', 'birth_place': 'с. Шелехов, бул. Парижской Коммуны, д. 3/6 к. 432, 304175', 'birth_mother': 'Ульяна Миронова Эдуардовна', 'birth_father': 'Ратибор Блохин Виленович', 'birth_grandma': 'Виктория Яковлева Степановна', 'birth_grandpa': 'Владимир Елисеев Феликсович'}
2026-05-14 14:28:40,068 - api.endpoints.user_api - INFO - Response 500
2026-05-14 14:28:40,069 - tests_api.test_user_api - INFO - response body: {'code': 'error', 'message': 'SequelizeDatabaseError'}
2026-05-14 14:28:56,915 - api.endpoints.user_api - INFO - POST https://user:senlatest@regoffice.senla.eu/sendUserRequest | payload: {'mode': 'birth', 'personalLastName': 'Шаров', 'personalFirstName': 'Денис', 'personalMiddleName': 'Трифонович', 'personalPhoneNumber': '83159546550', 'personalNumberOfPassport': 'РР623351', 'personalAddress': 'с. Рыбинск, наб. Урожайная, д. 352 стр. 707, 960850', 'citizenLastName': 'Некрасов', 'citizenFirstName': 'Вениамин', 'citizenMiddleName': 'Даниилович', 'citizenBirthDate': '02.12.1942', 'citizenNumberOfPassport': 'ОК472879', 'citizenGender': 'жен', 'citizenAddress': 'г. Щельяюр, наб. Красногвардейская, д. 9 стр. 50, 234887', 'birth_place': 'г. Кяхта, алл. Подстанция, д. 588, 525475', 'birth_mother': 'Ксения Игнатова Артемовна', 'birth_father': 'Трофим Шестаков Харлампьевич', 'birth_grandma': 'Александра Капустина Константиновна', 'birth_grandpa': 'Валентин Абрамов Теймуразович'}
2026-05-14 14:28:57,154 - api.endpoints.user_api - INFO - Response 500
2026-05-14 14:28:57,154 - tests_api.test_user_api - INFO - response body: {'code': 'error', 'message': 'SequelizeDatabaseError'}
2026-05-14 14:30:19,348 - api.endpoints.user_api - INFO - POST https://user:senlatest@regoffice.senla.eu/sendUserRequest | payload: {'mode': 'wedding', 'personalLastName': 'Пахомов', 'personalFirstName': 'Елена', 'personalMiddleName': 'Федосеевич', 'personalPhoneNumber': '69167359764', 'personalNumberOfPassport': 'РО598167', 'personalAddress': 'к. Ахтубинск, ш. Дорожное, д. 64 к. 10, 756387', 'citizenLastName': 'Русакова', 'citizenFirstName': 'Екатерина', 'citizenMiddleName': 'Богданович', 'citizenBirthDate': '1941-10-28', 'citizenNumberOfPassport': 'РО427216', 'citizenGender': 'ж', 'citizenAddress': 'ст. Астрахань, бул. Комарова, д. 9, 206807', 'dateOfMarriage': '2004-01-18', 'newLastName': 'Пономарева', 'anotherPersonLastName': 'Кузнецов', 'anotherPersonFirstName': 'Артем', 'anotherPersonMiddleName': 'Ждановна', 'birth_of_anotoherPerson': '1923-09-27', 'anotherPersonPassport': 'ВН007746'}
2026-05-14 14:30:19,590 - api.endpoints.user_api - INFO - Response 200
2026-05-14 14:30:19,590 - tests_api.test_user_api - INFO - Response body: {'data': {'applicantid': 72536, 'citizenid': 65399, 'applicationid': 63851, 'merrigecertificateid': 28610}, 'requestId': '376b3e05-1cd1-4339-9a87-d0686b785b02'}
2026-05-14 14:30:23,959 - api.endpoints.user_api - INFO - POST https://user:senlatest@regoffice.senla.eu/sendUserRequest | payload: {'mode': 'birth', 'personalLastName': 'Зайцев', 'personalFirstName': 'Антонин', 'personalMiddleName': 'Богдановна', 'personalPhoneNumber': '19806839805', 'personalNumberOfPassport': 'ВЕ223012', 'personalAddress': 'к. Новороссийка, наб. Иванова, д. 33, 894117', 'citizenLastName': 'Белозерова', 'citizenFirstName': 'Сергей', 'citizenMiddleName': 'Наумовна', 'citizenBirthDate': '13.08.1960', 'citizenNumberOfPassport': 'КТ695257', 'citizenGender': 'жен', 'citizenAddress': 'к. Новомичуринск, пер. Морской, д. 8/3 к. 7/7, 509675', 'birth_place': 'с. Северо-Курильск, пер. Нахимова, д. 9/5, 230088', 'birth_mother': 'Елена Власова Васильевна', 'birth_father': 'Якуб Назаров Филатович', 'birth_grandma': 'Ираида Тарасова Оскаровна', 'birth_grandpa': 'Иван Кабанов Филиппович'}
2026-05-14 14:30:24,180 - api.endpoints.user_api - INFO - Response 500
2026-05-14 14:30:24,181 - tests_api.test_user_api - INFO - response body: {'code': 'error', 'message': 'SequelizeDatabaseError'}
2026-05-14 14:30:55,037 - api.endpoints.user_api - INFO - POST https://user:senlatest@regoffice.senla.eu/sendUserRequest | payload: {'mode': 'birth', 'personalLastName': 'Кудрявцев', 'personalFirstName': 'Софрон', 'personalMiddleName': 'Даниилович', 'personalPhoneNumber': '05288829961', 'personalNumberOfPassport': 'ЕО956172', 'personalAddress': 'клх Каменномостский, ул. Парижской Коммуны, д. 3 к. 4/7, 954992', 'citizenLastName': 'Зимина', 'citizenFirstName': 'Федосий', 'citizenMiddleName': 'Брониславович', 'citizenBirthDate': '1922.03.07', 'citizenNumberOfPassport': 'АК756893', 'citizenGender': 'жен', 'citizenAddress': 'клх Воркута, бул. Нефтяников, д. 9/4 стр. 3/9, 402301', 'birth_place': 'д. Кудымкар, наб. Комарова, д. 9 стр. 756, 330880', 'birth_mother': 'Анжелика Абрамова Борисовна', 'birth_father': 'Порфирий Колобов Демьянович', 'birth_grandma': 'Таисия Медведева Викторовна', 'birth_grandpa': 'Олег Аксенов Захарьевич'}
2026-05-14 14:30:55,302 - api.endpoints.user_api - INFO - Response 500
2026-05-14 14:30:55,302 - tests_api.test_user_api - INFO - response body: {'code': 'error', 'message': 'SequelizeDatabaseError'}
2026-05-14 14:34:29,103 - api.endpoints.user_api - INFO - POST https://user:senlatest@regoffice.senla.eu/sendUserRequest | payload: {'mode': 'birth', 'personalLastName': 'Быкова', 'personalFirstName': 'Игнатий', 'personalMiddleName': 'Исидорович', 'personalPhoneNumber': '37163974716', 'personalNumberOfPassport': 'КК676661', 'personalAddress': 'г. Энгельс, ул. Буденного, д. 28, 270591', 'citizenLastName': 'Ефремова', 'citizenFirstName': 'Устин', 'citizenMiddleName': 'Даниловна', 'citizenBirthDate': '1956.12.24', 'citizenNumberOfPassport': 'АР460237', 'citizenGender': 'муж', 'citizenAddress': 'п. Диксон, пр. Кузнецкий, д. 747 к. 2, 621182', 'birth_place': 'г. Бомнак, наб. Надежды, д. 192 стр. 2/9, 918954', 'birth_mother': 'Ульяна Пестова Валериевна', 'birth_father': 'Евсей Устинов Трифонович', 'birth_grandma': 'Ангелина Козлова Никифоровна', 'birth_grandpa': 'Касьян Соболев Игоревич'}
2026-05-14 14:34:29,331 - api.endpoints.user_api - INFO - Response 500
2026-05-14 14:34:29,331 - tests_api.test_user_api - INFO - response body: {'code': 'error', 'message': 'SequelizeDatabaseError'}
2026-05-14 14:35:14,332 - api.endpoints.user_api - INFO - POST https://user:senlatest@regoffice.senla.eu/sendUserRequest | payload: {'mode': 'birth', 'personalLastName': 'Шилова', 'personalFirstName': 'Валерьян', 'personalMiddleName': 'Игнатович', 'personalPhoneNumber': '92054461176', 'personalNumberOfPassport': 'АВ799684', 'personalAddress': 'к. Адлер, ул. Леваневского, д. 86, 170729', 'citizenLastName': 'Белозерова', 'citizenFirstName': 'Евгений', 'citizenMiddleName': 'Брониславович', 'citizenBirthDate': '1981.04.23', 'citizenNumberOfPassport': 'АК825367', 'citizenGender': 'жен', 'citizenAddress': 'к. Кирово-Чепецк, наб. К.Маркса, д. 47, 158788', 'dateOfMarriage': None, 'newLastName': None, 'anotherPersonLastName': None, 'anotherPersonFirstName': None, 'anotherPersonMiddleName': None, 'birth_of_anotoherPerson': None, 'anotherPersonPassport': None, 'birth_place': 'клх Амдерма, пер. Николаева, д. 64 стр. 277, 527925', 'birth_mother': 'Светлана Громова Игоревна', 'birth_father': 'Андрей Михайлов Эдгарович', 'birth_grandma': 'Марфа Дьячкова Борисовна', 'birth_grandpa': 'Феоктист Логинов Ааронович', 'death_dateOfDeath': None, 'death_placeOfDeath': None}
2026-05-14 14:35:14,553 - api.endpoints.user_api - INFO - Response 500
2026-05-14 14:35:14,554 - tests_api.test_user_api - INFO - response body: {'code': 'error', 'message': 'SequelizeDatabaseError'}
2026-05-14 14:38:06,164 - api.endpoints.user_api - INFO - POST https://user:senlatest@regoffice.senla.eu/sendUserRequest | payload: {'mode': 'wedding', 'personalLastName': 'Медведев', 'personalFirstName': 'Селиверст', 'personalMiddleName': 'Валерианович', 'personalPhoneNumber': '13866141744', 'personalNumberOfPassport': 'КС095726', 'personalAddress': 'к. Усолье Сибирское, пер. Серова, д. 1 к. 8/1, 998482', 'citizenLastName': 'Гущина', 'citizenFirstName': 'Ираклий', 'citizenMiddleName': 'Игнатович', 'citizenBirthDate': '1913-05-01', 'citizenNumberOfPassport': 'ОО967188', 'citizenGender': 'м', 'citizenAddress': 'п. Ямбург, пер. Лесхозный, д. 221 к. 870, 208054', 'dateOfMarriage': '1997-05-31', 'newLastName': 'Кошелев', 'anotherPersonLastName': 'Тимофеев', 'anotherPersonFirstName': 'Ия', 'anotherPersonMiddleName': 'Феликсовна', 'birth_of_anotoherPerson': '1917-03-10', 'anotherPersonPassport': 'КС024594', 'birth_place': None, 'birth_mother': None, 'birth_father': None, 'birth_grandma': None, 'birth_grandpa': None, 'death_dateOfDeath': None, 'death_placeOfDeath': None}
2026-05-14 14:38:06,387 - api.endpoints.user_api - INFO - Response 500
2026-05-14 14:38:06,387 - tests_api.test_user_api - INFO - Response body: {'code': 'error', 'message': 'SequelizeDatabaseError'}
2026-05-14 14:38:06,465 - api.endpoints.user_api - INFO - POST https://user:senlatest@regoffice.senla.eu/sendUserRequest | payload: {'mode': 'birth', 'personalLastName': 'Пономарев', 'personalFirstName': 'Зоя', 'personalMiddleName': 'Демидович', 'personalPhoneNumber': '84683703359', 'personalNumberOfPassport': 'ВС211695', 'personalAddress': 'ст. Кыштым, пр. Сосновый, д. 3/4, 273049', 'citizenLastName': 'Соловьева', 'citizenFirstName': 'Иосиф', 'citizenMiddleName': 'Дорофеевич', 'citizenBirthDate': '1911.11.20', 'citizenNumberOfPassport': 'АВ410114', 'citizenGender': 'ж', 'citizenAddress': 'ст. Солнечногорск, ул. Болотная, д. 1/7 стр. 1, 517033', 'dateOfMarriage': None, 'newLastName': None, 'anotherPersonLastName': None, 'anotherPersonFirstName': None, 'anotherPersonMiddleName': None, 'birth_of_anotoherPerson': None, 'anotherPersonPassport': None, 'birth_place': 'г. Двинской, бул. Волочаевский, д. 7 к. 350, 496328', 'birth_mother': 'Маргарита Захарова Евгеньевна', 'birth_father': 'Родион Максимов Гертрудович', 'birth_grandma': 'Лора Бирюкова Александровна', 'birth_grandpa': 'Азарий Кузнецов Дорофеевич', 'death_dateOfDeath': None, 'death_placeOfDeath': None}
2026-05-14 14:38:06,497 - api.endpoints.user_api - INFO - Response 500
2026-05-14 14:38:06,498 - tests_api.test_user_api - INFO - response body: {'code': 'error', 'message': 'SequelizeDatabaseError'}
2026-05-14 14:38:06,505 - api.endpoints.user_api - INFO - POST https://user:senlatest@regoffice.senla.eu/sendUserRequest | payload: {'mode': 'wedding', 'personalLastName': 'Анисимова', 'personalFirstName': 'Ратмир', 'personalMiddleName': 'Давидович', 'personalPhoneNumber': '99598319680', 'personalNumberOfPassport': '', 'personalAddress': 'п. Рыльск, пер. Московский, д. 40 к. 5/7, 494637', 'citizenLastName': 'Жданов', 'citizenFirstName': 'Панкратий', 'citizenMiddleName': 'Феодосьевич', 'citizenBirthDate': '1961-03-07', 'citizenNumberOfPassport': 'АА121035', 'citizenGender': 'муж', 'citizenAddress': 'д. Щельяюр, пер. Коммунальный, д. 689 стр. 8/5, 338194', 'dateOfMarriage': '2000-09-24', 'newLastName': 'Федоров', 'anotherPersonLastName': 'Громова', 'anotherPersonFirstName': 'Творимир', 'anotherPersonMiddleName': 'Кузьминична', 'birth_of_anotoherPerson': '1923-12-26', 'anotherPersonPassport': 'НС800163', 'birth_place': None, 'birth_mother': None, 'birth_father': None, 'birth_grandma': None, 'birth_grandpa': None, 'death_dateOfDeath': None, 'death_placeOfDeath': None}
2026-05-14 14:38:06,535 - api.endpoints.user_api - INFO - Response 500
2026-05-14 14:38:06,536 - tests_api.test_user_api - INFO - Response body: {"code":"error","message":"SequelizeDatabaseError"}
2026-05-14 14:38:21,861 - api.endpoints.user_api - INFO - POST https://user:senlatest@regoffice.senla.eu/sendUserRequest | payload: {'mode': 'wedding', 'personalLastName': 'Фомичев', 'personalFirstName': 'Виктория', 'personalMiddleName': 'Юрьевна', 'personalPhoneNumber': '47425717946', 'personalNumberOfPassport': 'СТ365105', 'personalAddress': 'к. Сунтар, ул. Вахитова, д. 314, 691728', 'citizenLastName': 'Кондратьев', 'citizenFirstName': 'Данила', 'citizenMiddleName': 'Богданович', 'citizenBirthDate': '1978-01-02', 'citizenNumberOfPassport': 'СА660465', 'citizenGender': 'муж', 'citizenAddress': 'к. Тверь, ш. Ягодное, д. 445, 021957', 'dateOfMarriage': '2010-10-11', 'newLastName': 'Васильев', 'anotherPersonLastName': 'Матвеев', 'anotherPersonFirstName': 'Моисей', 'anotherPersonMiddleName': 'Матвеевич', 'birth_of_anotoherPerson': '1975-03-11', 'anotherPersonPassport': 'ОВ429402', 'birth_place': None, 'birth_mother': None, 'birth_father': None, 'birth_grandma': None, 'birth_grandpa': None, 'death_dateOfDeath': None, 'death_placeOfDeath': None}
2026-05-14 14:38:22,085 - api.endpoints.user_api - INFO - Response 200
2026-05-14 14:38:22,086 - tests_api.test_user_api - INFO - Response body: {'data': {'applicantid': 72543, 'citizenid': 65403, 'applicationid': 63855, 'merrigecertificateid': 28611}, 'requestId': '96a58e36-c846-4d04-92f2-c2576d73099b'}
2026-05-14 14:38:22,099 - api.endpoints.user_api - INFO - POST https://user:senlatest@regoffice.senla.eu/sendUserRequest | payload: {'mode': 'birth', 'personalLastName': 'Афанасьев', 'personalFirstName': 'Ананий', 'personalMiddleName': 'Борисович', 'personalPhoneNumber': '34664150578', 'personalNumberOfPassport': 'ОН306533', 'personalAddress': 'с. Липецк, наб. Менделеева, д. 1/2 к. 89, 878173', 'citizenLastName': 'Макаров', 'citizenFirstName': 'Климент', 'citizenMiddleName': 'Денисович', 'citizenBirthDate': '2008.02.02', 'citizenNumberOfPassport': 'КА008014', 'citizenGender': 'м', 'citizenAddress': 'клх Алапаевск, наб. Воронежская, д. 9/3 к. 5/9, 174434', 'dateOfMarriage': None, 'newLastName': None, 'anotherPersonLastName': None, 'anotherPersonFirstName': None, 'anotherPersonMiddleName': None, 'birth_of_anotoherPerson': None, 'anotherPersonPassport': None, 'birth_place': 'с. Ульяновск, бул. Новостройка, д. 27, 673858', 'birth_mother': 'Эмилия Павлова Яковлевна', 'birth_father': 'Радован Марков Антипович', 'birth_grandma': 'Надежда Наумова Константиновна', 'birth_grandpa': 'Епифан Кондратьев Демьянович', 'death_dateOfDeath': None, 'death_placeOfDeath': None}
2026-05-14 14:38:22,128 - api.endpoints.user_api - INFO - Response 500
2026-05-14 14:38:22,129 - tests_api.test_user_api - INFO - response body: {'code': 'error', 'message': 'SequelizeDatabaseError'}
2026-05-14 14:38:22,197 - api.endpoints.user_api - INFO - POST https://user:senlatest@regoffice.senla.eu/sendUserRequest | payload: {'mode': 'wedding', 'personalLastName': 'Уваров', 'personalFirstName': 'Никанор', 'personalMiddleName': 'Арсенович', 'personalPhoneNumber': '63614359975', 'personalNumberOfPassport': '', 'personalAddress': 'ст. Хатанга, ул. Березовая, д. 63, 168238', 'citizenLastName': 'Владимирова', 'citizenFirstName': 'Аким', 'citizenMiddleName': 'Евгеньевна', 'citizenBirthDate': '1975-11-02', 'citizenNumberOfPassport': 'ВК490110', 'citizenGender': 'муж', 'citizenAddress': 'ст. Джубга, бул. Шмидта, д. 2 к. 9, 366829', 'dateOfMarriage': '2001-02-27', 'newLastName': 'Константинова', 'anotherPersonLastName': 'Белов', 'anotherPersonFirstName': 'Егор', 'anotherPersonMiddleName': 'Ивановна', 'birth_of_anotoherPerson': '1973-11-11', 'anotherPersonPassport': 'КО950939', 'birth_place': None, 'birth_mother': None, 'birth_father': None, 'birth_grandma': None, 'birth_grandpa': None, 'death_dateOfDeath': None, 'death_placeOfDeath': None}
2026-05-14 14:38:22,235 - api.endpoints.user_api - INFO - Response 200
2026-05-14 14:38:22,235 - tests_api.test_user_api - INFO - Response body: {"data":{"applicantid":72545,"citizenid":65404,"applicationid":63856,"merrigecertificateid":28612},"requestId":"1984c0f9-e345-49f7-9674-c35f4ec0d5bc"}
2026-05-14 14:39:50,855 - api.endpoints.user_api - INFO - POST https://user:senlatest@regoffice.senla.eu/sendUserRequest | payload: {'mode': 'wedding', 'personalLastName': 'Ефремова', 'personalFirstName': 'Акулина', 'personalMiddleName': 'Изотович', 'personalPhoneNumber': '27197925268', 'personalNumberOfPassport': '', 'personalAddress': 'клх Слюдянка, алл. Строительная, д. 8/5 к. 7, 184222', 'citizenLastName': 'Баранова', 'citizenFirstName': 'Зиновий', 'citizenMiddleName': 'Тарасовна', 'citizenBirthDate': '1997-12-04', 'citizenNumberOfPassport': 'СР399075', 'citizenGender': 'м', 'citizenAddress': 'д. Бузулук, пр. Энгельса, д. 4, 470126', 'dateOfMarriage': '1999-04-19', 'newLastName': 'Артемьев', 'anotherPersonLastName': 'Фомичева', 'anotherPersonFirstName': 'Фаина', 'anotherPersonMiddleName': 'Филатович', 'birth_of_anotoherPerson': '1917-05-17', 'anotherPersonPassport': 'КК223920', 'birth_place': None, 'birth_mother': None, 'birth_father': None, 'birth_grandma': None, 'birth_grandpa': None, 'death_dateOfDeath': None, 'death_placeOfDeath': None}
2026-05-14 14:39:51,069 - api.endpoints.user_api - INFO - Response 500
2026-05-14 14:39:51,070 - tests_api.test_user_api - INFO - Response body: {"code":"error","message":"SequelizeDatabaseError"}
2026-05-14 14:51:56,558 - api.endpoints.admin_api - INFO - POST https://user:senlatest@regoffice.senla.eu/sendAdminRequest | payload: {'dateofbirth': '03.11.2004', 'personalFirstName': 'Алевтина', 'personalLastName': 'Фомичева', 'personalMiddleName': 'Ильинична', 'personalNumberOfPassport': 'РА221361', 'personalPhoneNumber': '31166805196'}
2026-05-14 14:51:56,780 - api.endpoints.admin_api - INFO - Response 200
2026-05-14 14:51:56,781 - tests_api.test_admin_api - INFO - Response body: {'data': {'staffid': 35143}, 'requestId': '5ae70a93-d411-48ba-b432-0ede190137ee'}
2026-05-14 15:04:34,418 - api.endpoints.admin_api - INFO - POST https://user:senlatest@regoffice.senla.eu/sendAdminRequest | payload: {'personalLastName': 'Калашников', 'personalFirstName': 'Геннадий', 'personalMiddleName': 'Аскольдовна', 'personalPhoneNumber': '67493743666', 'personalNumberOfPassport': 'СК803930', 'dateofbirth': '01.12.1956'}
2026-05-14 15:04:34,654 - api.endpoints.admin_api - INFO - Response 200
2026-05-14 15:04:34,655 - tests_api.test_admin_api - INFO - Response body: {'data': {'staffid': 35144}, 'requestId': '8feea62e-2a9d-40d1-ac1c-c6936417eb95'}
2026-05-14 15:04:58,209 - api.endpoints.admin_api - INFO - POST https://user:senlatest@regoffice.senla.eu/sendAdminRequest | payload: {'personalLastName': 'Потапов', 'personalFirstName': 'Вышеслав', 'personalMiddleName': 'Валерианович', 'personalPhoneNumber': '63893049644', 'personalNumberOfPassport': 'ЕС641097', 'dateofbirth': '25.01.1997'}
2026-05-14 15:04:58,441 - api.endpoints.admin_api - INFO - Response 500
2026-05-14 15:04:58,442 - tests_api.test_admin_api - INFO - Response body: {'code': 'error', 'message': 'SequelizeDatabaseError'}
2026-05-14 15:05:21,128 - api.endpoints.admin_api - INFO - POST https://user:senlatest@regoffice.senla.eu/sendAdminRequest | payload: {'personalLastName': 'Комарова', 'personalFirstName': 'Юлия', 'personalMiddleName': 'Кузьминична', 'personalPhoneNumber': '03955210632', 'personalNumberOfPassport': 'РН240865', 'dateofbirth': '29.05.2000'}
2026-05-14 15:05:21,369 - api.endpoints.admin_api - INFO - Response 500
2026-05-14 15:05:21,370 - tests_api.test_admin_api - INFO - Response body: {'code': 'error', 'message': 'SequelizeDatabaseError'}
2026-05-14 15:05:21,450 - api.endpoints.admin_api - INFO - POST https://user:senlatest@regoffice.senla.eu/sendAdminRequest | payload: {'personalLastName': '', 'personalFirstName': 'Геннадий', 'personalMiddleName': 'Фадеевич', 'personalPhoneNumber': '44535609457', 'personalNumberOfPassport': 'ВА067471', 'dateofbirth': '21.02.1980'}
2026-05-14 15:05:21,478 - api.endpoints.admin_api - INFO - Response 500
2026-05-14 15:05:21,478 - tests_api.test_admin_api - INFO - Response body: {"code":"error","message":"SequelizeDatabaseError"}
2026-05-14 15:05:35,594 - api.endpoints.admin_api - INFO - POST https://user:senlatest@regoffice.senla.eu/sendAdminRequest | payload: {'personalLastName': 'Мишин', 'personalFirstName': 'Аверьян', 'personalMiddleName': 'Евстигнеевич', 'personalPhoneNumber': '21730691712', 'personalNumberOfPassport': 'РО215428', 'dateofbirth': '03.01.1940'}
2026-05-14 15:05:35,856 - api.endpoints.admin_api - INFO - Response 200
2026-05-14 15:05:35,857 - tests_api.test_admin_api - INFO - Response body: {'data': {'staffid': 35145}, 'requestId': '83f9f51d-b1f8-4cfb-b780-b7f31680eedd'}
2026-05-14 15:05:35,942 - api.endpoints.admin_api - INFO - POST https://user:senlatest@regoffice.senla.eu/sendAdminRequest | payload: {'personalLastName': '', 'personalFirstName': 'Феоктист', 'personalMiddleName': 'Оскаровна', 'personalPhoneNumber': '89642109285', 'personalNumberOfPassport': 'ВА301543', 'dateofbirth': '13.12.1978'}
2026-05-14 15:05:35,972 - api.endpoints.admin_api - INFO - Response 500
2026-05-14 15:05:35,972 - tests_api.test_admin_api - INFO - Response body: {"code":"error","message":"SequelizeDatabaseError"}
2026-05-14 15:07:22,502 - api.endpoints.admin_api - INFO - POST https://user:senlatest@regoffice.senla.eu/sendAdminRequest | payload: {'personalLastName': 'Власов', 'personalFirstName': 'Ираклий', 'personalMiddleName': 'Витальевич', 'personalPhoneNumber': '82580047953', 'personalNumberOfPassport': 'ЕА467104', 'dateofbirth': '16.08.2007'}
2026-05-14 15:07:22,738 - api.endpoints.admin_api - INFO - Response 500
2026-05-14 15:07:22,738 - tests_api.test_admin_api - INFO - Response body: {'code': 'error', 'message': 'SequelizeDatabaseError'}
2026-05-14 15:11:05,498 - api.endpoints.admin_api - INFO - POST https://user:senlatest@regoffice.senla.eu/sendAdminRequest | payload: {'personalLastName': 'Лазарев', 'personalFirstName': 'Акулина', 'personalMiddleName': 'Игоревна', 'personalPhoneNumber': '45658410294', 'personalNumberOfPassport': 'КА331810', 'dateofbirth': '15.03.1937'}
2026-05-14 15:11:05,768 - api.endpoints.admin_api - INFO - Response 500
2026-05-14 15:11:05,769 - tests_api.test_admin_api - INFO - Response body: {'code': 'error', 'message': 'SequelizeDatabaseError'}
2026-05-14 15:23:25,679 - api.endpoints.admin_api - INFO - POST https://user:senlatest@regoffice.senla.eu/sendAdminRequest | payload: {'personalLastName': 'dfdsfsdf', 'personalFirstName': 'dfdsfsdf', 'personalMiddleName': 'dfdsfsdf', 'personalPhoneNumber': '2132132', 'personalNumberOfPassport': 'А2312545', 'dateofbirth': '1999.01.01'}
2026-05-14 15:23:25,940 - api.endpoints.admin_api - INFO - Response 200
2026-05-14 15:23:25,941 - tests_api.test_admin_api - INFO - Response body: {'data': {'staffid': 35146}, 'requestId': '62d14b3f-889b-4728-a3b8-eebd73e4d996'}
2026-05-14 15:23:25,952 - api.endpoints.admin_api - INFO - POST https://user:senlatest@regoffice.senla.eu/sendAdminRequest | payload: {'personalLastName': '', 'personalFirstName': 'dfdsfsdf', 'personalMiddleName': 'dfdsfsdf', 'personalPhoneNumber': '2132132', 'personalNumberOfPassport': 'А2312545', 'dateofbirth': '1999.01.01'}
2026-05-14 15:23:25,978 - api.endpoints.admin_api - INFO - Response 200
2026-05-14 15:23:25,979 - tests_api.test_admin_api - INFO - Response body: {"data":{"staffid":35147},"requestId":"c8987503-e36e-4cf4-9a54-b6f7d9894b4e"}
2026-05-14 15:31:48,023 - api.endpoints.user_api - INFO - POST https://user:senlatest@regoffice.senla.eu/sendUserRequest | payload: {'mode': 'wedding', 'personalLastName': 'Цветкова', 'personalFirstName': 'Пахом', 'personalMiddleName': 'Афанасьевич', 'personalPhoneNumber': '54303022135', 'personalNumberOfPassport': 'РА706613', 'personalAddress': 'с. Дмитров, ш. Спортивное, д. 8/6, 939648', 'citizenLastName': 'Гущина', 'citizenFirstName': 'Симон', 'citizenMiddleName': 'Семеновна', 'citizenBirthDate': '1946-03-01', 'citizenNumberOfPassport': 'СА478998', 'citizenGender': 'муж', 'citizenAddress': 'к. Сальск, ш. Весеннее, д. 74, 904823', 'dateOfMarriage': '1996-09-10', 'newLastName': 'Владимиров', 'anotherPersonLastName': 'Никонов', 'anotherPersonFirstName': 'Стоян', 'anotherPersonMiddleName': 'Витальевич', 'birth_of_anotoherPerson': '2005-04-20', 'anotherPersonPassport': 'АР445209', 'birth_place': None, 'birth_mother': None, 'birth_father': None, 'birth_grandma': None, 'birth_grandpa': None, 'death_dateOfDeath': None, 'death_placeOfDeath': None}
2026-05-14 15:31:48,280 - api.endpoints.user_api - INFO - Response 200
2026-05-14 15:31:48,280 - tests_api.test_user_api - INFO - Response body: {'data': {'applicantid': 72553, 'citizenid': 65412, 'applicationid': 63864, 'merrigecertificateid': 28614}, 'requestId': '56c59308-a388-4bc2-85ca-d9dec3098995'}
2026-05-14 15:31:50,374 - api.endpoints.user_api - INFO - POST https://user:senlatest@regoffice.senla.eu/sendUserRequest | payload: {'mode': 'wedding', 'personalLastName': 'Евдокимова', 'personalFirstName': 'Аким', 'personalMiddleName': 'Натановна', 'personalPhoneNumber': '17172789883', 'personalNumberOfPassport': 'РН579520', 'personalAddress': 'ст. Валаам, ш. Луначарского, д. 7 стр. 449, 269241', 'citizenLastName': 'Кузьмин', 'citizenFirstName': 'Серафим', 'citizenMiddleName': 'Жанович', 'citizenBirthDate': '1956-09-20', 'citizenNumberOfPassport': 'АР217560', 'citizenGender': 'жен', 'citizenAddress': 'клх Москва, МГУ, алл. Троицкая, д. 60, 081669', 'dateOfMarriage': '2005-10-22', 'newLastName': 'Бирюкова', 'anotherPersonLastName': 'Гордеев', 'anotherPersonFirstName': 'Зинаида', 'anotherPersonMiddleName': 'Владиславович', 'birth_of_anotoherPerson': '1987-10-21', 'anotherPersonPassport': 'ТС045965', 'birth_place': None, 'birth_mother': None, 'birth_father': None, 'birth_grandma': None, 'birth_grandpa': None, 'death_dateOfDeath': None, 'death_placeOfDeath': None}
2026-05-14 15:31:50,642 - api.endpoints.user_api - INFO - Response 200
2026-05-14 15:31:50,643 - tests_api.test_user_api - INFO - Response body: {'data': {'applicantid': 72554, 'citizenid': 65413, 'applicationid': 63865, 'merrigecertificateid': 28615}, 'requestId': 'c7a6ab52-b81f-483f-8942-038b5b8154f7'}
2026-05-14 15:31:52,824 - api.endpoints.user_api - INFO - POST https://user:senlatest@regoffice.senla.eu/sendUserRequest | payload: {'mode': 'wedding', 'personalLastName': 'Ситникова', 'personalFirstName': 'Модест', 'personalMiddleName': 'Фомич', 'personalPhoneNumber': '22650911060', 'personalNumberOfPassport': 'КЕ210689', 'personalAddress': 'д. Бугуруслан, алл. Рылеева, д. 466 к. 7, 683107', 'citizenLastName': 'Лебедев', 'citizenFirstName': 'Сергей', 'citizenMiddleName': 'Изотович', 'citizenBirthDate': '1933-09-27', 'citizenNumberOfPassport': 'ВО531319', 'citizenGender': 'ж', 'citizenAddress': 'с. Александровск-Сахалинский, ш. Карьерное, д. 557, 298277', 'dateOfMarriage': '2024-06-03', 'newLastName': 'Одинцова', 'anotherPersonLastName': 'Бобылев', 'anotherPersonFirstName': 'Марина', 'anotherPersonMiddleName': 'Максимовна', 'birth_of_anotoherPerson': '1943-05-29', 'anotherPersonPassport': 'КН810829', 'birth_place': None, 'birth_mother': None, 'birth_father': None, 'birth_grandma': None, 'birth_grandpa': None, 'death_dateOfDeath': None, 'death_placeOfDeath': None}
2026-05-14 15:31:53,078 - api.endpoints.user_api - INFO - Response 500
2026-05-14 15:31:53,078 - tests_api.test_user_api - INFO - Response body: {'code': 'error', 'message': 'SequelizeDatabaseError'}
2026-05-14 15:34:47,244 - api.endpoints.admin_api - INFO - POST https://user:senlatest@regoffice.senla.eu/sendAdminRequest | payload: {'personalLastName': 'dfdsfsdf', 'personalFirstName': 'dfdsfsdf', 'personalMiddleName': 'dfdsfsdf', 'personalPhoneNumber': '2132132', 'personalNumberOfPassport': 'А2312545', 'dateofbirth': '1999.01.01'}
2026-05-14 15:34:47,504 - api.endpoints.admin_api - INFO - Response 200
2026-05-14 15:34:47,504 - tests_api.test_admin_api - INFO - Response body: {'data': {'staffid': 35148}, 'requestId': 'fc691d2f-fa3a-41bd-b877-f1fc9576d596'}
2026-05-14 15:34:47,510 - api.endpoints.admin_api - INFO - POST https://user:senlatest@regoffice.senla.eu/sendAdminRequest | payload: {'personalLastName': '', 'personalFirstName': 'dfdsfsdf', 'personalMiddleName': 'dfdsfsdf', 'personalPhoneNumber': '2132132', 'personalNumberOfPassport': 'А2312545', 'dateofbirth': '1999.01.01'}
2026-05-14 15:34:47,536 - api.endpoints.admin_api - INFO - Response 200
2026-05-14 15:34:47,537 - tests_api.test_admin_api - INFO - Response body: {"data":{"staffid":35149},"requestId":"c0c5e8b3-3714-4bb2-afa3-3f31edab7cc0"}
2026-05-14 15:35:49,885 - api.endpoints.admin_api - INFO - POST https://user:senlatest@regoffice.senla.eu/sendAdminRequest | payload: {'personalLastName': 'dfdsfsdf', 'personalFirstName': 'dfdsfsdf', 'personalMiddleName': 'dfdsfsdf', 'personalPhoneNumber': '2132132', 'personalNumberOfPassport': 'А2312545', 'dateofbirth': '1999.01.01'}
2026-05-14 15:35:50,179 - api.endpoints.admin_api - INFO - Response 200
2026-05-14 15:35:50,180 - tests_api.test_admin_api - INFO - Response body: {'data': {'staffid': 35150}, 'requestId': 'f1771965-5d03-4ce7-ac82-cf445dc64ce2'}
2026-05-14 15:35:50,187 - api.endpoints.admin_api - INFO - POST https://user:senlatest@regoffice.senla.eu/sendAdminRequest | payload: {'personalLastName': '', 'personalFirstName': 'dfdsfsdf', 'personalMiddleName': 'dfdsfsdf', 'personalPhoneNumber': '2132132', 'personalNumberOfPassport': 'А2312545', 'dateofbirth': '1999.01.01'}
2026-05-14 15:35:50,219 - api.endpoints.admin_api - INFO - Response 200
2026-05-14 15:35:50,220 - tests_api.test_admin_api - INFO - Response body: {"data":{"staffid":35151},"requestId":"efbc59c9-338a-4964-a001-a37453e61a5a"}
2026-05-14 15:38:11,019 - api.endpoints.admin_api - INFO - POST https://user:senlatest@regoffice.senla.eu/sendAdminRequest | payload: {'personalLastName': '', 'personalFirstName': 'dfdsfsdf', 'personalMiddleName': 'dfdsfsdf', 'personalPhoneNumber': '2132132', 'personalNumberOfPassport': 'А2312545', 'dateofbirth': '1999.01.01'}
2026-05-14 15:38:11,281 - api.endpoints.admin_api - INFO - Response 200
2026-05-14 15:38:11,281 - tests_api.test_admin_api - INFO - Response body: {"data":{"staffid":35152},"requestId":"f64868bb-a4b2-4e59-b9f3-58dd72577abc"}
2026-05-14 16:39:01,974 - api.endpoints.user_api - INFO - POST https://user:senlatest@regoffice.senla.eu/sendUserRequest | payload: {'mode': 'wedding', 'personalLastName': 'Ковалев', 'personalFirstName': 'Надежда', 'personalMiddleName': 'Валерьевич', 'personalPhoneNumber': '18966044569', 'personalNumberOfPassport': 'ТВ789550', 'personalAddress': 'г. Комсомольск-на-Амуре, алл. Бульварная, д. 3, 023310', 'citizenLastName': 'Лаврентьев', 'citizenFirstName': 'Жанна', 'citizenMiddleName': 'Матвеевич', 'citizenBirthDate': '1979-04-13', 'citizenNumberOfPassport': 'ОК905680', 'citizenGender': 'м', 'citizenAddress': 'д. Уренгой, бул. Матросова, д. 4/5 стр. 5, 088822', 'dateOfMarriage': '2007-11-13', 'newLastName': 'Баранова', 'anotherPersonLastName': 'Архипов', 'anotherPersonFirstName': 'Лаврентий', 'anotherPersonMiddleName': 'Измаилович', 'birth_of_anotoherPerson': '1927-09-29', 'anotherPersonPassport': 'РО799464', 'birth_place': None, 'birth_mother': None, 'birth_father': None, 'birth_grandpa': None, 'birth_grandma': None, 'death_dateOfDeath': None, 'death_placeOfDeath': None}
2026-05-14 16:39:02,275 - api.endpoints.user_api - INFO - Response 500
2026-05-14 16:39:02,275 - tests_api.test_user_api - INFO - Response body: {'code': 'error', 'message': 'SequelizeDatabaseError'}
2026-05-14 16:39:05,517 - api.endpoints.user_api - INFO - POST https://user:senlatest@regoffice.senla.eu/sendUserRequest | payload: {'mode': 'wedding', 'personalLastName': 'Лаврентьев', 'personalFirstName': 'Терентий', 'personalMiddleName': 'Сергеевна', 'personalPhoneNumber': '84763931243', 'personalNumberOfPassport': 'КВ758956', 'personalAddress': 'д. Белогорск (Амур.), ш. Тамбовское, д. 7/5 стр. 8/6, 090791', 'citizenLastName': 'Капустина', 'citizenFirstName': 'Клавдий', 'citizenMiddleName': 'Геннадиевич', 'citizenBirthDate': '1938-05-30', 'citizenNumberOfPassport': 'АР838535', 'citizenGender': 'жен', 'citizenAddress': 'ст. Карачаевск, пер. Геологов, д. 3 стр. 73, 423709', 'dateOfMarriage': '1996-10-03', 'newLastName': 'Галкин', 'anotherPersonLastName': 'Иванова', 'anotherPersonFirstName': 'Святополк', 'anotherPersonMiddleName': 'Антонович', 'birth_of_anotoherPerson': '1988-11-12', 'anotherPersonPassport': 'ТК949398', 'birth_place': None, 'birth_mother': None, 'birth_father': None, 'birth_grandpa': None, 'birth_grandma': None, 'death_dateOfDeath': None, 'death_placeOfDeath': None}
2026-05-14 16:39:05,739 - api.endpoints.user_api - INFO - Response 500
2026-05-14 16:39:05,740 - tests_api.test_user_api - INFO - Response body: {'code': 'error', 'message': 'SequelizeDatabaseError'}
2026-05-14 16:39:07,748 - api.endpoints.user_api - INFO - POST https://user:senlatest@regoffice.senla.eu/sendUserRequest | payload: {'mode': 'wedding', 'personalLastName': 'Колесников', 'personalFirstName': 'Арефий', 'personalMiddleName': 'Антоновна', 'personalPhoneNumber': '91120981591', 'personalNumberOfPassport': 'ВА432923', 'personalAddress': 'клх Каспийск, бул. Кольцевой, д. 83, 132259', 'citizenLastName': 'Андреева', 'citizenFirstName': 'Платон', 'citizenMiddleName': 'Святославовна', 'citizenBirthDate': '1965-01-14', 'citizenNumberOfPassport': 'СК520781', 'citizenGender': 'жен', 'citizenAddress': 'с. Оренбург, алл. Ореховая, д. 5, 592954', 'dateOfMarriage': '2012-10-15', 'newLastName': 'Кулагин', 'anotherPersonLastName': 'Борисов', 'anotherPersonFirstName': 'Андрон', 'anotherPersonMiddleName': 'Филимонович', 'birth_of_anotoherPerson': '1920-10-13', 'anotherPersonPassport': 'АК761334', 'birth_place': None, 'birth_mother': None, 'birth_father': None, 'birth_grandpa': None, 'birth_grandma': None, 'death_dateOfDeath': None, 'death_placeOfDeath': None}
2026-05-14 16:39:08,002 - api.endpoints.user_api - INFO - Response 200
2026-05-14 16:39:08,003 - tests_api.test_user_api - INFO - Response body: {'data': {'applicantid': 72558, 'citizenid': 65416, 'applicationid': 63868, 'merrigecertificateid': 28616}, 'requestId': 'a05b4327-f420-4991-b36b-8dae16b49a4e'}
2026-05-14 16:46:30,480 - api.endpoints.user_api - INFO - POST https://user:senlatest@regoffice.senla.eu/sendUserRequest | payload: {'mode': 'wedding', 'personalLastName': 'Пахомова', 'personalFirstName': 'Исай', 'personalMiddleName': 'Владиленович', 'personalPhoneNumber': '04663586958', 'personalNumberOfPassport': 'ЕН611068', 'personalAddress': 'к. Верхний Баскунчак, алл. Луначарского, д. 300, 716916', 'citizenLastName': 'Орлов', 'citizenFirstName': 'Парамон', 'citizenMiddleName': 'Игоревич', 'citizenBirthDate': '1919-03-05', 'citizenNumberOfPassport': 'КВ644008', 'citizenGender': 'ж', 'citizenAddress': 'к. Шатки, бул. Чайковского, д. 7, 475241', 'dateOfMarriage': '2012-10-05', 'newLastName': 'Мишина', 'anotherPersonLastName': 'Казаков', 'anotherPersonFirstName': 'Зинаида', 'anotherPersonMiddleName': 'Димитриевич', 'birth_of_anotoherPerson': '1973-06-14', 'anotherPersonPassport': 'РС376082', 'birth_place': None, 'birth_mother': None, 'birth_father': None, 'birth_grandpa': None, 'birth_grandma': None, 'death_dateOfDeath': None, 'death_placeOfDeath': None}
2026-05-14 16:46:30,761 - api.endpoints.user_api - INFO - Response 500
2026-05-14 16:46:30,762 - tests_api.test_user_api - INFO - Response body: {'code': 'error', 'message': 'SequelizeDatabaseError'}
2026-05-14 16:46:32,921 - api.endpoints.user_api - INFO - POST https://user:senlatest@regoffice.senla.eu/sendUserRequest | payload: {'mode': 'wedding', 'personalLastName': 'Власов', 'personalFirstName': 'Всемил', 'personalMiddleName': 'Ефимович', 'personalPhoneNumber': '82563110569', 'personalNumberOfPassport': 'НА190280', 'personalAddress': 'г. Луховицы, ул. Высотная, д. 140 стр. 55, 074183', 'citizenLastName': 'Шарова', 'citizenFirstName': 'Алина', 'citizenMiddleName': 'Федотович', 'citizenBirthDate': '1977-02-20', 'citizenNumberOfPassport': 'СО701131', 'citizenGender': 'ж', 'citizenAddress': 'к. Луга, пер. Жданова, д. 7/9 к. 4, 353797', 'dateOfMarriage': '2009-03-14', 'newLastName': 'Беляева', 'anotherPersonLastName': 'Мясников', 'anotherPersonFirstName': 'Ладимир', 'anotherPersonMiddleName': 'Игоревич', 'birth_of_anotoherPerson': '1943-02-04', 'anotherPersonPassport': 'ОС587088', 'birth_place': None, 'birth_mother': None, 'birth_father': None, 'birth_grandpa': None, 'birth_grandma': None, 'death_dateOfDeath': None, 'death_placeOfDeath': None}
2026-05-14 16:46:33,182 - api.endpoints.user_api - INFO - Response 200
2026-05-14 16:46:33,183 - tests_api.test_user_api - INFO - Response body: {'data': {'applicantid': 72571, 'citizenid': 65429, 'applicationid': 63881, 'merrigecertificateid': 28617}, 'requestId': '53fce709-b770-4dbd-9352-21bccc83317a'}
2026-05-14 16:52:57,834 - api.endpoints.user_api - INFO - POST https://user:senlatest@regoffice.senla.eu/sendUserRequest | payload: {'mode': 'wedding', 'personalLastName': 'Бобров', 'personalFirstName': 'Валерьян', 'personalMiddleName': 'Виленович', 'personalPhoneNumber': '22707987199', 'personalNumberOfPassport': 'ВВ660735', 'personalAddress': 'п. Шелехов, алл. Ветеранов, д. 217 к. 8, 185185', 'citizenLastName': 'Макаров', 'citizenFirstName': 'Гаврила', 'citizenMiddleName': 'Ярославович', 'citizenBirthDate': '1998-02-09', 'citizenNumberOfPassport': 'НР863037', 'citizenGender': 'жен', 'citizenAddress': 'к. Прохладный, алл. Амурская, д. 776 к. 628, 395104', 'dateOfMarriage': '2020-07-23', 'newLastName': 'Ситникова', 'anotherPersonLastName': 'Владимиров', 'anotherPersonFirstName': 'Агап', 'anotherPersonMiddleName': 'Филатович', 'birth_of_anotoherPerson': '1978-12-06', 'anotherPersonPassport': 'КР703355', 'birth_place': None, 'birth_mother': None, 'birth_father': None, 'birth_grandpa': None, 'birth_grandma': None, 'death_dateOfDeath': None, 'death_placeOfDeath': None}
2026-05-14 16:52:58,088 - api.endpoints.user_api - INFO - Response 500
2026-05-14 16:52:58,089 - tests_api.test_user_api - INFO - Response body: {'code': 'error', 'message': 'SequelizeDatabaseError'}
2026-05-14 16:54:59,892 - api.endpoints.user_api - INFO - POST https://user:senlatest@regoffice.senla.eu/sendUserRequest | payload: {'mode': 'wedding', 'personalLastName': 'Турова', 'personalFirstName': 'Геннадий', 'personalMiddleName': 'Васильевна', 'personalPhoneNumber': '87612759', 'personalNumberOfPassport': 'ОО421081', 'personalAddress': 'к. Нерчинск, наб. Мира, д. 575 к. 5/4, 757279', 'citizenLastName': 'Копылова', 'citizenFirstName': 'Владилен', 'citizenMiddleName': 'Владиславовна', 'citizenBirthDate': '1986-09-20', 'citizenNumberOfPassport': 'ОН385958', 'citizenGender': 'муж', 'citizenAddress': 'г. Рыбинск, бул. Пархоменко, д. 916, 893231', 'dateOfMarriage': '2006-01-16', 'newLastName': 'Федоров', 'anotherPersonLastName': 'Корнилов', 'anotherPersonFirstName': 'Лазарь', 'anotherPersonMiddleName': 'Изотович', 'birth_of_anotoherPerson': '1931-11-15', 'anotherPersonPassport': 'АН771027', 'birth_place': None, 'birth_mother': None, 'birth_father': None, 'birth_grandpa': None, 'birth_grandma': None, 'death_dateOfDeath': None, 'death_placeOfDeath': None}
2026-05-14 16:55:00,137 - api.endpoints.user_api - INFO - Response 200
2026-05-14 16:55:00,138 - tests_api.test_user_api - INFO - Response body: {'data': {'applicantid': 72573, 'citizenid': 65430, 'applicationid': 63882, 'merrigecertificateid': 28618}, 'requestId': 'ec8bd71b-c611-4692-bbb8-9a324aa25b6d'}
2026-05-14 16:55:02,078 - api.endpoints.user_api - INFO - POST https://user:senlatest@regoffice.senla.eu/sendUserRequest | payload: {'mode': 'wedding', 'personalLastName': 'Макарова', 'personalFirstName': 'Стоян', 'personalMiddleName': 'Яковлевна', 'personalPhoneNumber': '98243714', 'personalNumberOfPassport': 'НС695482', 'personalAddress': 'к. Буйнакск, алл. Смоленская, д. 3 стр. 861, 251699', 'citizenLastName': 'Белозерова', 'citizenFirstName': 'Тихон', 'citizenMiddleName': 'Романовна', 'citizenBirthDate': '1913-04-04', 'citizenNumberOfPassport': 'АА147823', 'citizenGender': 'муж', 'citizenAddress': 'г. Азов (Рост.), наб. Луговая, д. 57, 097950', 'dateOfMarriage': '2018-03-13', 'newLastName': 'Кудрявцева', 'anotherPersonLastName': 'Федорова', 'anotherPersonFirstName': 'Георгий', 'anotherPersonMiddleName': 'Ефремович', 'birth_of_anotoherPerson': '1999-02-27', 'anotherPersonPassport': 'ОВ057764', 'birth_place': None, 'birth_mother': None, 'birth_father': None, 'birth_grandpa': None, 'birth_grandma': None, 'death_dateOfDeath': None, 'death_placeOfDeath': None}
2026-05-14 16:55:02,333 - api.endpoints.user_api - INFO - Response 500
2026-05-14 16:55:02,334 - tests_api.test_user_api - INFO - Response body: {'code': 'error', 'message': 'SequelizeDatabaseError'}
2026-05-14 16:55:53,978 - api.endpoints.user_api - INFO - POST https://user:senlatest@regoffice.senla.eu/sendUserRequest | payload: {'mode': 'wedding', 'personalLastName': 'Гуляева', 'personalFirstName': 'Панкратий', 'personalMiddleName': 'Валерьянович', 'personalPhoneNumber': '85106545', 'personalNumberOfPassport': 'ВК017115', 'personalAddress': 'д. Красноуфимск, алл. Полтавская, д. 2/7 стр. 5/1, 980758', 'citizenLastName': 'Дьячкова', 'citizenFirstName': 'Никон', 'citizenMiddleName': 'Филимонович', 'citizenBirthDate': '1951.06.19', 'citizenNumberOfPassport': 'РТ818565', 'citizenGender': 'муж', 'citizenAddress': 'д. Шерегеш, ш. Л.Толстого, д. 5/6 к. 2/4, 615019', 'dateOfMarriage': '2013.06.10', 'newLastName': 'Моисеева', 'anotherPersonLastName': 'Игнатова', 'anotherPersonFirstName': 'Марк', 'anotherPersonMiddleName': 'Еремеевич', 'birth_of_anotoherPerson': '1943.11.03', 'anotherPersonPassport': 'НТ051607', 'birth_place': None, 'birth_mother': None, 'birth_father': None, 'birth_grandpa': None, 'birth_grandma': None, 'death_dateOfDeath': None, 'death_placeOfDeath': None}
2026-05-14 16:55:54,225 - api.endpoints.user_api - INFO - Response 500
2026-05-14 16:55:54,226 - tests_api.test_user_api - INFO - Response body: {'code': 'error', 'message': 'SequelizeDatabaseError'}
2026-05-14 16:56:35,616 - api.endpoints.user_api - INFO - POST https://user:senlatest@regoffice.senla.eu/sendUserRequest | payload: {'mode': 'wedding', 'personalLastName': 'Голубев', 'personalFirstName': 'Модест', 'personalMiddleName': 'Святославовна', 'personalPhoneNumber': '96395648', 'personalNumberOfPassport': 'РС995580', 'personalAddress': 'с. Беломорск, бул. Кедровый, д. 480 к. 585, 913549', 'citizenLastName': 'Симонова', 'citizenFirstName': 'Дементий', 'citizenMiddleName': 'Измаилович', 'citizenBirthDate': '19.03.1963', 'citizenNumberOfPassport': 'СВ236798', 'citizenGender': 'жен', 'citizenAddress': 'п. Тура, ш. Угловое, д. 205 стр. 50, 636495', 'dateOfMarriage': '12.10.2025', 'newLastName': 'Молчанов', 'anotherPersonLastName': 'Стрелкова', 'anotherPersonFirstName': 'Парфен', 'anotherPersonMiddleName': 'Ермилович', 'birth_of_anotoherPerson': '01.11.1958', 'anotherPersonPassport': 'ТО956977', 'birth_place': None, 'birth_mother': None, 'birth_father': None, 'birth_grandpa': None, 'birth_grandma': None, 'death_dateOfDeath': None, 'death_placeOfDeath': None}
2026-05-14 16:56:35,859 - api.endpoints.user_api - INFO - Response 200
2026-05-14 16:56:35,860 - tests_api.test_user_api - INFO - Response body: {'data': {'applicantid': 72574, 'citizenid': 65431, 'applicationid': 63883, 'merrigecertificateid': 28619}, 'requestId': '8130c46d-86d8-41ea-8bba-d7b9337057db'}
2026-05-14 16:56:37,625 - api.endpoints.user_api - INFO - POST https://user:senlatest@regoffice.senla.eu/sendUserRequest | payload: {'mode': 'wedding', 'personalLastName': 'Сергеев', 'personalFirstName': 'Иннокентий', 'personalMiddleName': 'Александровна', 'personalPhoneNumber': '30434664', 'personalNumberOfPassport': 'ОН237082', 'personalAddress': 'к. Иваново, ул. Курчатова, д. 885 к. 3, 620071', 'citizenLastName': 'Титов', 'citizenFirstName': 'Вацлав', 'citizenMiddleName': 'Игнатович', 'citizenBirthDate': '21.10.1984', 'citizenNumberOfPassport': 'СК145961', 'citizenGender': 'ж', 'citizenAddress': 'д. Саров (Морд.), наб. Дарвина, д. 3/3 стр. 131, 561161', 'dateOfMarriage': '18.05.2025', 'newLastName': 'Веселова', 'anotherPersonLastName': 'Устинов', 'anotherPersonFirstName': 'Клавдия', 'anotherPersonMiddleName': 'Павловна', 'birth_of_anotoherPerson': '29.07.2002', 'anotherPersonPassport': 'РТ753097', 'birth_place': None, 'birth_mother': None, 'birth_father': None, 'birth_grandpa': None, 'birth_grandma': None, 'death_dateOfDeath': None, 'death_placeOfDeath': None}
2026-05-14 16:56:37,900 - api.endpoints.user_api - INFO - Response 500
2026-05-14 16:56:37,900 - tests_api.test_user_api - INFO - Response body: {'code': 'error', 'message': 'SequelizeDatabaseError'}
2026-05-14 16:56:57,912 - api.endpoints.user_api - INFO - POST https://user:senlatest@regoffice.senla.eu/sendUserRequest | payload: {'mode': 'wedding', 'personalLastName': 'Воронова', 'personalFirstName': 'Вацлав', 'personalMiddleName': 'Игоревна', 'personalPhoneNumber': '88739371', 'personalNumberOfPassport': 'ВР819517', 'personalAddress': 'г. Мончегорск, бул. Жуковского, д. 9 к. 24, 735534', 'citizenLastName': 'Гущин', 'citizenFirstName': 'Артемий', 'citizenMiddleName': 'Анатольевна', 'citizenBirthDate': '21.09.1958', 'citizenNumberOfPassport': 'КТ548892', 'citizenGender': 'male', 'citizenAddress': 'г. Невьянск, ул. К.Маркса, д. 686 стр. 3/7, 171005', 'dateOfMarriage': '12.06.2007', 'newLastName': 'Большакова', 'anotherPersonLastName': 'Жданова', 'anotherPersonFirstName': 'Марк', 'anotherPersonMiddleName': 'Ерофеевич', 'birth_of_anotoherPerson': '12.11.1945', 'anotherPersonPassport': 'ВТ989421', 'birth_place': None, 'birth_mother': None, 'birth_father': None, 'birth_grandpa': None, 'birth_grandma': None, 'death_dateOfDeath': None, 'death_placeOfDeath': None}
2026-05-14 16:56:58,150 - api.endpoints.user_api - INFO - Response 200
2026-05-14 16:56:58,151 - tests_api.test_user_api - INFO - Response body: {'data': {'applicantid': 72576, 'citizenid': 65432, 'applicationid': 63884, 'merrigecertificateid': 28620}, 'requestId': '674c4ca8-b2d7-4483-b269-c503722ab37f'}
2026-05-14 16:56:59,632 - api.endpoints.user_api - INFO - POST https://user:senlatest@regoffice.senla.eu/sendUserRequest | payload: {'mode': 'wedding', 'personalLastName': 'Рожкова', 'personalFirstName': 'Зосима', 'personalMiddleName': 'Эдуардовна', 'personalPhoneNumber': '12825166', 'personalNumberOfPassport': 'ВТ284214', 'personalAddress': 'п. Северобайкальск, ул. Карьерная, д. 23 стр. 7, 366653', 'citizenLastName': 'Тимофеева', 'citizenFirstName': 'Любим', 'citizenMiddleName': 'Юльевна', 'citizenBirthDate': '14.07.1995', 'citizenNumberOfPassport': 'ТН886431', 'citizenGender': 'male', 'citizenAddress': 'клх Кашхатау, пр. Чкалова, д. 3 стр. 5/6, 552537', 'dateOfMarriage': '01.10.2003', 'newLastName': 'Кулагин', 'anotherPersonLastName': 'Галкин', 'anotherPersonFirstName': 'Дмитрий', 'anotherPersonMiddleName': 'Федосеевич', 'birth_of_anotoherPerson': '21.10.1920', 'anotherPersonPassport': 'ОК066369', 'birth_place': None, 'birth_mother': None, 'birth_father': None, 'birth_grandpa': None, 'birth_grandma': None, 'death_dateOfDeath': None, 'death_placeOfDeath': None}
2026-05-14 16:56:59,856 - api.endpoints.user_api - INFO - Response 500
2026-05-14 16:56:59,857 - tests_api.test_user_api - INFO - Response body: {'code': 'error', 'message': 'SequelizeDatabaseError'}
2026-05-14 16:59:08,934 - api.endpoints.user_api - INFO - POST https://user:senlatest@regoffice.senla.eu/sendUserRequest | payload: {'mode': 'wedding', 'personalLastName': 'fdfsd', 'personalFirstName': 'fdfsd', 'personalMiddleName': 'fdfsd', 'personalPhoneNumber': '21321312', 'personalNumberOfPassport': 'fdfsd', 'personalAddress': 'ст. Черский, пр. Петровский, д. 579 стр. 57, 837420', 'citizenLastName': 'Белов', 'citizenFirstName': 'Федосий', 'citizenMiddleName': 'Гавриилович', 'citizenBirthDate': '12-12-1000', 'citizenNumberOfPassport': 'РА1499', 'citizenGender': 'male', 'citizenAddress': 'клх Юрюзань, ш. Парижской Коммуны, д. 3/9 стр. 76, 039207', 'dateOfMarriage': '02.02.2023', 'newLastName': 'Назарова', 'anotherPersonLastName': 'Дементьева', 'anotherPersonFirstName': 'Артемий', 'anotherPersonMiddleName': 'Леоновна', 'birth_of_anotoherPerson': '07.10.1931', 'anotherPersonPassport': 'КВ923149', 'birth_place': None, 'birth_mother': None, 'birth_father': None, 'birth_grandpa': None, 'birth_grandma': None, 'death_dateOfDeath': None, 'death_placeOfDeath': None}
2026-05-14 16:59:09,183 - api.endpoints.user_api - INFO - Response 500
2026-05-14 16:59:09,184 - tests_api.test_user_api - INFO - Response body: {'code': 'error', 'message': 'SequelizeDatabaseError'}
2026-05-14 17:00:15,879 - api.endpoints.user_api - INFO - POST https://user:senlatest@regoffice.senla.eu/sendUserRequest | payload: {'mode': 'wedding', 'personalLastName': 'fdfsd', 'personalFirstName': 'fdfsd', 'personalMiddleName': 'fdfsd', 'personalPhoneNumber': '21321312', 'personalNumberOfPassport': 'fdfsd', 'personalAddress': 'г. Колпашево, пр. Кутузова, д. 39 стр. 8/7, 701160', 'citizenLastName': 'Буров', 'citizenFirstName': 'Эмилия', 'citizenMiddleName': 'Данилович', 'citizenBirthDate': '12-12-1000', 'citizenNumberOfPassport': 'fdfsd', 'citizenGender': 'male', 'citizenAddress': 'с. Мценск, алл. Портовая, д. 8/1 стр. 3/7, 795449', 'dateOfMarriage': '30.03.2010', 'newLastName': 'fdfsd', 'anotherPersonLastName': 'fdfsd', 'anotherPersonFirstName': 'fdfsd', 'anotherPersonMiddleName': 'fdfsd', 'birth_of_anotoherPerson': '567543', 'anotherPersonPassport': 'fdfsd', 'birth_place': None, 'birth_mother': None, 'birth_father': None, 'birth_grandpa': None, 'birth_grandma': None, 'death_dateOfDeath': None, 'death_placeOfDeath': None}
2026-05-14 17:00:16,119 - api.endpoints.user_api - INFO - Response 500
2026-05-14 17:00:16,119 - tests_api.test_user_api - INFO - Response body: {'code': 'error', 'message': 'SequelizeDatabaseError'}
2026-05-14 17:00:40,028 - api.endpoints.user_api - INFO - POST https://user:senlatest@regoffice.senla.eu/sendUserRequest | payload: {'mode': 'wedding', 'personalLastName': 'fdfsd', 'personalFirstName': 'fdfsd', 'personalMiddleName': 'fdfsd', 'personalPhoneNumber': '21321312', 'personalNumberOfPassport': 'fdfsd', 'personalAddress': 'д. Чебоксары, наб. Свободы, д. 2, 356897', 'citizenLastName': 'Дьячков', 'citizenFirstName': 'Анжела', 'citizenMiddleName': 'Тимофеевна', 'citizenBirthDate': '12-12-1000', 'citizenNumberOfPassport': 'fdfsd', 'citizenGender': 'male', 'citizenAddress': 'д. Киржач, наб. Шахтерская, д. 79, 099657', 'dateOfMarriage': '21-10-1000', 'newLastName': 'fdfsd', 'anotherPersonLastName': 'fdfsd', 'anotherPersonFirstName': 'fdfsd', 'anotherPersonMiddleName': 'fdfsd', 'birth_of_anotoherPerson': '567543', 'anotherPersonPassport': 'fdfsd', 'birth_place': None, 'birth_mother': None, 'birth_father': None, 'birth_grandpa': None, 'birth_grandma': None, 'death_dateOfDeath': None, 'death_placeOfDeath': None}
2026-05-14 17:00:40,259 - api.endpoints.user_api - INFO - Response 500
2026-05-14 17:00:40,260 - tests_api.test_user_api - INFO - Response body: {'code': 'error', 'message': 'SequelizeDatabaseError'}
2026-05-14 17:00:46,858 - api.endpoints.user_api - INFO - POST https://user:senlatest@regoffice.senla.eu/sendUserRequest | payload: {'mode': 'wedding', 'personalLastName': 'fdfsd', 'personalFirstName': 'fdfsd', 'personalMiddleName': 'fdfsd', 'personalPhoneNumber': '21321312', 'personalNumberOfPassport': 'fdfsd', 'personalAddress': 'г. Тында, ул. Фрунзе, д. 97 стр. 2/6, 426519', 'citizenLastName': 'Медведева', 'citizenFirstName': 'Наталья', 'citizenMiddleName': 'Демьянович', 'citizenBirthDate': '12-12-1000', 'citizenNumberOfPassport': 'fdfsd', 'citizenGender': 'male', 'citizenAddress': 'ст. Невьянск, наб. Короленко, д. 9/2 к. 4, 401747', 'dateOfMarriage': '21-10-1000', 'newLastName': 'fdfsd', 'anotherPersonLastName': 'fdfsd', 'anotherPersonFirstName': 'fdfsd', 'anotherPersonMiddleName': 'fdfsd', 'birth_of_anotoherPerson': '567543', 'anotherPersonPassport': 'fdfsd', 'birth_place': None, 'birth_mother': None, 'birth_father': None, 'birth_grandpa': None, 'birth_grandma': None, 'death_dateOfDeath': None, 'death_placeOfDeath': None}
2026-05-14 17:00:47,095 - api.endpoints.user_api - INFO - Response 500
2026-05-14 17:00:47,095 - tests_api.test_user_api - INFO - Response body: {'code': 'error', 'message': 'SequelizeDatabaseError'}
2026-05-14 17:00:53,436 - api.endpoints.user_api - INFO - POST https://user:senlatest@regoffice.senla.eu/sendUserRequest | payload: {'mode': 'wedding', 'personalLastName': 'fdfsd', 'personalFirstName': 'fdfsd', 'personalMiddleName': 'fdfsd', 'personalPhoneNumber': '21321312', 'personalNumberOfPassport': 'fdfsd', 'personalAddress': 'ст. Одинцово, ш. Подгорное, д. 4/8 стр. 24, 067553', 'citizenLastName': 'Мишина', 'citizenFirstName': 'Валерий', 'citizenMiddleName': 'Аскольдовна', 'citizenBirthDate': '12-12-1000', 'citizenNumberOfPassport': 'fdfsd', 'citizenGender': 'male', 'citizenAddress': 'п. Меренга, пр. Хвойный, д. 34 стр. 646, 135180', 'dateOfMarriage': '21-10-1000', 'newLastName': 'fdfsd', 'anotherPersonLastName': 'fdfsd', 'anotherPersonFirstName': 'fdfsd', 'anotherPersonMiddleName': 'fdfsd', 'birth_of_anotoherPerson': '567543', 'anotherPersonPassport': 'fdfsd', 'birth_place': None, 'birth_mother': None, 'birth_father': None, 'birth_grandpa': None, 'birth_grandma': None, 'death_dateOfDeath': None, 'death_placeOfDeath': None}
2026-05-14 17:00:53,669 - api.endpoints.user_api - INFO - Response 500
2026-05-14 17:00:53,670 - tests_api.test_user_api - INFO - Response body: {'code': 'error', 'message': 'SequelizeDatabaseError'}
2026-05-14 17:05:46,087 - api.endpoints.user_api - INFO - POST https://user:senlatest@regoffice.senla.eu/sendUserRequest | payload: {'mode': 'wedding', 'personalLastName': 'PersonalSurname', 'personalFirstName': 'PersonalName', 'personalMiddleName': 'PersonalMiddle', 'personalPhoneNumber': '80295229669', 'personalNumberOfPassport': 'AB123456', 'personalAddress': 'г. Брест, ул. Ленина 1', 'citizenLastName': 'citizenSurname', 'citizenFirstName': 'citizenName', 'citizenMiddleName': 'citizenMiddle', 'citizenBirthDate': '2000-03-12', 'citizenNumberOfPassport': 'AB123789', 'citizenGender': 'Man', 'citizenAddress': 'г. Брест, ул. Карла Маркса', 'dateOfMarriage': '3123-12-12', 'newLastName': 'newSurname', 'anotherPersonLastName': 'suprugSurname', 'anotherPersonFirstName': 'suprugName', 'anotherPersonMiddleName': 'suprugMiddle', 'birth_of_anotoherPerson': '8444-08-06', 'anotherPersonPassport': 'SP123', 'birth_place': None, 'birth_mother': None, 'birth_father': None, 'birth_grandpa': None, 'birth_grandma': None, 'death_dateOfDeath': None, 'death_placeOfDeath': None}
2026-05-14 17:05:46,352 - api.endpoints.user_api - INFO - Response 200
2026-05-14 17:05:46,353 - tests_api.test_user_api - INFO - Response body: {'data': {'applicantid': 72581, 'citizenid': 65437, 'applicationid': 63889, 'merrigecertificateid': 28621}, 'requestId': '25bb9d84-d061-4aa0-9c81-9e118463b73f'}
2026-05-14 17:05:49,685 - api.endpoints.user_api - INFO - POST https://user:senlatest@regoffice.senla.eu/sendUserRequest | payload: {'mode': 'wedding', 'personalLastName': 'PersonalSurname', 'personalFirstName': 'PersonalName', 'personalMiddleName': 'PersonalMiddle', 'personalPhoneNumber': '80295229669', 'personalNumberOfPassport': 'AB123456', 'personalAddress': 'г. Брест, ул. Ленина 1', 'citizenLastName': 'citizenSurname', 'citizenFirstName': 'citizenName', 'citizenMiddleName': 'citizenMiddle', 'citizenBirthDate': '2000-03-12', 'citizenNumberOfPassport': 'AB123789', 'citizenGender': 'Man', 'citizenAddress': 'г. Брест, ул. Карла Маркса', 'dateOfMarriage': '3123-12-12', 'newLastName': 'newSurname', 'anotherPersonLastName': 'suprugSurname', 'anotherPersonFirstName': 'suprugName', 'anotherPersonMiddleName': 'suprugMiddle', 'birth_of_anotoherPerson': '8444-08-06', 'anotherPersonPassport': 'SP123', 'birth_place': None, 'birth_mother': None, 'birth_father': None, 'birth_grandpa': None, 'birth_grandma': None, 'death_dateOfDeath': None, 'death_placeOfDeath': None}
2026-05-14 17:05:49,926 - api.endpoints.user_api - INFO - Response 200
2026-05-14 17:05:49,927 - tests_api.test_user_api - INFO - Response body: {'data': {'applicantid': 72582, 'citizenid': 65438, 'applicationid': 63890, 'merrigecertificateid': 28622}, 'requestId': 'cdae55ec-e00c-4e27-ad38-26e2f57af536'}
2026-05-14 17:05:52,166 - api.endpoints.user_api - INFO - POST https://user:senlatest@regoffice.senla.eu/sendUserRequest | payload: {'mode': 'wedding', 'personalLastName': 'PersonalSurname', 'personalFirstName': 'PersonalName', 'personalMiddleName': 'PersonalMiddle', 'personalPhoneNumber': '80295229669', 'personalNumberOfPassport': 'AB123456', 'personalAddress': 'г. Брест, ул. Ленина 1', 'citizenLastName': 'citizenSurname', 'citizenFirstName': 'citizenName', 'citizenMiddleName': 'citizenMiddle', 'citizenBirthDate': '2000-03-12', 'citizenNumberOfPassport': 'AB123789', 'citizenGender': 'Man', 'citizenAddress': 'г. Брест, ул. Карла Маркса', 'dateOfMarriage': '3123-12-12', 'newLastName': 'newSurname', 'anotherPersonLastName': 'suprugSurname', 'anotherPersonFirstName': 'suprugName', 'anotherPersonMiddleName': 'suprugMiddle', 'birth_of_anotoherPerson': '8444-08-06', 'anotherPersonPassport': 'SP123', 'birth_place': None, 'birth_mother': None, 'birth_father': None, 'birth_grandpa': None, 'birth_grandma': None, 'death_dateOfDeath': None, 'death_placeOfDeath': None}
2026-05-14 17:05:52,419 - api.endpoints.user_api - INFO - Response 200
2026-05-14 17:05:52,420 - tests_api.test_user_api - INFO - Response body: {'data': {'applicantid': 72583, 'citizenid': 65439, 'applicationid': 63891, 'merrigecertificateid': 28623}, 'requestId': 'ede00e28-0c08-4e21-a08a-2b7a81555889'}
2026-05-14 17:05:54,092 - api.endpoints.user_api - INFO - POST https://user:senlatest@regoffice.senla.eu/sendUserRequest | payload: {'mode': 'wedding', 'personalLastName': 'PersonalSurname', 'personalFirstName': 'PersonalName', 'personalMiddleName': 'PersonalMiddle', 'personalPhoneNumber': '80295229669', 'personalNumberOfPassport': 'AB123456', 'personalAddress': 'г. Брест, ул. Ленина 1', 'citizenLastName': 'citizenSurname', 'citizenFirstName': 'citizenName', 'citizenMiddleName': 'citizenMiddle', 'citizenBirthDate': '2000-03-12', 'citizenNumberOfPassport': 'AB123789', 'citizenGender': 'Man', 'citizenAddress': 'г. Брест, ул. Карла Маркса', 'dateOfMarriage': '3123-12-12', 'newLastName': 'newSurname', 'anotherPersonLastName': 'suprugSurname', 'anotherPersonFirstName': 'suprugName', 'anotherPersonMiddleName': 'suprugMiddle', 'birth_of_anotoherPerson': '8444-08-06', 'anotherPersonPassport': 'SP123', 'birth_place': None, 'birth_mother': None, 'birth_father': None, 'birth_grandpa': None, 'birth_grandma': None, 'death_dateOfDeath': None, 'death_placeOfDeath': None}
2026-05-14 17:05:54,342 - api.endpoints.user_api - INFO - Response 200
2026-05-14 17:05:54,342 - tests_api.test_user_api - INFO - Response body: {'data': {'applicantid': 72584, 'citizenid': 65440, 'applicationid': 63892, 'merrigecertificateid': 28624}, 'requestId': 'b9253913-fddb-4eda-ad59-c59a07576b82'}
2026-05-14 17:05:55,649 - api.endpoints.user_api - INFO - POST https://user:senlatest@regoffice.senla.eu/sendUserRequest | payload: {'mode': 'wedding', 'personalLastName': 'PersonalSurname', 'personalFirstName': 'PersonalName', 'personalMiddleName': 'PersonalMiddle', 'personalPhoneNumber': '80295229669', 'personalNumberOfPassport': 'AB123456', 'personalAddress': 'г. Брест, ул. Ленина 1', 'citizenLastName': 'citizenSurname', 'citizenFirstName': 'citizenName', 'citizenMiddleName': 'citizenMiddle', 'citizenBirthDate': '2000-03-12', 'citizenNumberOfPassport': 'AB123789', 'citizenGender': 'Man', 'citizenAddress': 'г. Брест, ул. Карла Маркса', 'dateOfMarriage': '3123-12-12', 'newLastName': 'newSurname', 'anotherPersonLastName': 'suprugSurname', 'anotherPersonFirstName': 'suprugName', 'anotherPersonMiddleName': 'suprugMiddle', 'birth_of_anotoherPerson': '8444-08-06', 'anotherPersonPassport': 'SP123', 'birth_place': None, 'birth_mother': None, 'birth_father': None, 'birth_grandpa': None, 'birth_grandma': None, 'death_dateOfDeath': None, 'death_placeOfDeath': None}
2026-05-14 17:05:55,890 - api.endpoints.user_api - INFO - Response 200
2026-05-14 17:05:55,891 - tests_api.test_user_api - INFO - Response body: {'data': {'applicantid': 72585, 'citizenid': 65441, 'applicationid': 63893, 'merrigecertificateid': 28625}, 'requestId': '1a71c64d-5d35-477f-b2c8-d26c281ce789'}
2026-05-14 17:05:57,134 - api.endpoints.user_api - INFO - POST https://user:senlatest@regoffice.senla.eu/sendUserRequest | payload: {'mode': 'wedding', 'personalLastName': 'PersonalSurname', 'personalFirstName': 'PersonalName', 'personalMiddleName': 'PersonalMiddle', 'personalPhoneNumber': '80295229669', 'personalNumberOfPassport': 'AB123456', 'personalAddress': 'г. Брест, ул. Ленина 1', 'citizenLastName': 'citizenSurname', 'citizenFirstName': 'citizenName', 'citizenMiddleName': 'citizenMiddle', 'citizenBirthDate': '2000-03-12', 'citizenNumberOfPassport': 'AB123789', 'citizenGender': 'Man', 'citizenAddress': 'г. Брест, ул. Карла Маркса', 'dateOfMarriage': '3123-12-12', 'newLastName': 'newSurname', 'anotherPersonLastName': 'suprugSurname', 'anotherPersonFirstName': 'suprugName', 'anotherPersonMiddleName': 'suprugMiddle', 'birth_of_anotoherPerson': '8444-08-06', 'anotherPersonPassport': 'SP123', 'birth_place': None, 'birth_mother': None, 'birth_father': None, 'birth_grandpa': None, 'birth_grandma': None, 'death_dateOfDeath': None, 'death_placeOfDeath': None}
2026-05-14 17:05:57,415 - api.endpoints.user_api - INFO - Response 200
2026-05-14 17:05:57,416 - tests_api.test_user_api - INFO - Response body: {'data': {'applicantid': 72586, 'citizenid': 65442, 'applicationid': 63894, 'merrigecertificateid': 28626}, 'requestId': '1cb582f6-a84c-4b56-a625-a464c26118e0'}
2026-05-14 17:05:58,564 - api.endpoints.user_api - INFO - POST https://user:senlatest@regoffice.senla.eu/sendUserRequest | payload: {'mode': 'wedding', 'personalLastName': 'PersonalSurname', 'personalFirstName': 'PersonalName', 'personalMiddleName': 'PersonalMiddle', 'personalPhoneNumber': '80295229669', 'personalNumberOfPassport': 'AB123456', 'personalAddress': 'г. Брест, ул. Ленина 1', 'citizenLastName': 'citizenSurname', 'citizenFirstName': 'citizenName', 'citizenMiddleName': 'citizenMiddle', 'citizenBirthDate': '2000-03-12', 'citizenNumberOfPassport': 'AB123789', 'citizenGender': 'Man', 'citizenAddress': 'г. Брест, ул. Карла Маркса', 'dateOfMarriage': '3123-12-12', 'newLastName': 'newSurname', 'anotherPersonLastName': 'suprugSurname', 'anotherPersonFirstName': 'suprugName', 'anotherPersonMiddleName': 'suprugMiddle', 'birth_of_anotoherPerson': '8444-08-06', 'anotherPersonPassport': 'SP123', 'birth_place': None, 'birth_mother': None, 'birth_father': None, 'birth_grandpa': None, 'birth_grandma': None, 'death_dateOfDeath': None, 'death_placeOfDeath': None}
2026-05-14 17:05:58,824 - api.endpoints.user_api - INFO - Response 200
2026-05-14 17:05:58,825 - tests_api.test_user_api - INFO - Response body: {'data': {'applicantid': 72587, 'citizenid': 65443, 'applicationid': 63895, 'merrigecertificateid': 28627}, 'requestId': '016154be-fc5f-4e72-8ee0-4cba0b6361eb'}
2026-05-14 17:06:00,285 - api.endpoints.user_api - INFO - POST https://user:senlatest@regoffice.senla.eu/sendUserRequest | payload: {'mode': 'wedding', 'personalLastName': 'PersonalSurname', 'personalFirstName': 'PersonalName', 'personalMiddleName': 'PersonalMiddle', 'personalPhoneNumber': '80295229669', 'personalNumberOfPassport': 'AB123456', 'personalAddress': 'г. Брест, ул. Ленина 1', 'citizenLastName': 'citizenSurname', 'citizenFirstName': 'citizenName', 'citizenMiddleName': 'citizenMiddle', 'citizenBirthDate': '2000-03-12', 'citizenNumberOfPassport': 'AB123789', 'citizenGender': 'Man', 'citizenAddress': 'г. Брест, ул. Карла Маркса', 'dateOfMarriage': '3123-12-12', 'newLastName': 'newSurname', 'anotherPersonLastName': 'suprugSurname', 'anotherPersonFirstName': 'suprugName', 'anotherPersonMiddleName': 'suprugMiddle', 'birth_of_anotoherPerson': '8444-08-06', 'anotherPersonPassport': 'SP123', 'birth_place': None, 'birth_mother': None, 'birth_father': None, 'birth_grandpa': None, 'birth_grandma': None, 'death_dateOfDeath': None, 'death_placeOfDeath': None}
2026-05-14 17:06:00,576 - api.endpoints.user_api - INFO - Response 200
2026-05-14 17:06:00,577 - tests_api.test_user_api - INFO - Response body: {'data': {'applicantid': 72588, 'citizenid': 65444, 'applicationid': 63896, 'merrigecertificateid': 28628}, 'requestId': '6bb6deae-40b7-413c-bb72-0bd0dcb755ca'}
2026-05-14 17:06:29,057 - api.endpoints.user_api - INFO - POST https://user:senlatest@regoffice.senla.eu/sendUserRequest | payload: {'mode': 'wedding', 'personalLastName': 'PersonalSurname', 'personalFirstName': 'PersonalName', 'personalMiddleName': 'PersonalMiddle', 'personalPhoneNumber': '80295229669', 'personalNumberOfPassport': 'AB123456', 'personalAddress': 'г. Брест, ул. Ленина 1', 'citizenLastName': 'citizenSurname', 'citizenFirstName': 'citizenName', 'citizenMiddleName': 'citizenMiddle', 'citizenBirthDate': '2000-03-12', 'citizenNumberOfPassport': 'AB123789', 'citizenGender': 'Man', 'citizenAddress': 'г. Брест, ул. Карла Маркса', 'dateOfMarriage': '3123-12-12', 'newLastName': 'newSurname', 'anotherPersonLastName': 'suprugSurname', 'anotherPersonFirstName': 'suprugName', 'anotherPersonMiddleName': 'suprugMiddle', 'birth_of_anotoherPerson': '8444-08-06', 'anotherPersonPassport': 'SP123', 'birth_place': None, 'birth_mother': None, 'birth_father': None, 'birth_grandpa': None, 'birth_grandma': None, 'death_dateOfDeath': None, 'death_placeOfDeath': None}
2026-05-14 17:06:29,313 - api.endpoints.user_api - INFO - Response 200
2026-05-14 17:06:29,314 - tests_api.test_user_api - INFO - Response body: {'data': {'applicantid': 72589, 'citizenid': 65445, 'applicationid': 63897, 'merrigecertificateid': 28629}, 'requestId': '3c97c424-bb0a-4caa-a4cf-e54e4f9ab66a'}
2026-05-14 17:06:30,846 - api.endpoints.user_api - INFO - POST https://user:senlatest@regoffice.senla.eu/sendUserRequest | payload: {'mode': 'wedding', 'personalLastName': 'PersonalSurname', 'personalFirstName': 'PersonalName', 'personalMiddleName': 'PersonalMiddle', 'personalPhoneNumber': '80295229669', 'personalNumberOfPassport': 'AB123456', 'personalAddress': 'г. Брест, ул. Ленина 1', 'citizenLastName': 'citizenSurname', 'citizenFirstName': 'citizenName', 'citizenMiddleName': 'citizenMiddle', 'citizenBirthDate': '2000-03-12', 'citizenNumberOfPassport': 'AB123789', 'citizenGender': 'Man', 'citizenAddress': 'г. Брест, ул. Карла Маркса', 'dateOfMarriage': '3123-12-12', 'newLastName': 'newSurname', 'anotherPersonLastName': 'suprugSurname', 'anotherPersonFirstName': 'suprugName', 'anotherPersonMiddleName': 'suprugMiddle', 'birth_of_anotoherPerson': '8444-08-06', 'anotherPersonPassport': 'SP123', 'birth_place': None, 'birth_mother': None, 'birth_father': None, 'birth_grandpa': None, 'birth_grandma': None, 'death_dateOfDeath': None, 'death_placeOfDeath': None}
2026-05-14 17:06:31,098 - api.endpoints.user_api - INFO - Response 200
2026-05-14 17:06:31,099 - tests_api.test_user_api - INFO - Response body: {'data': {'applicantid': 72590, 'citizenid': 65446, 'applicationid': 63898, 'merrigecertificateid': 28630}, 'requestId': '33b82b95-d782-4179-9eda-ae56b421deb9'}
2026-05-14 17:06:32,426 - api.endpoints.user_api - INFO - POST https://user:senlatest@regoffice.senla.eu/sendUserRequest | payload: {'mode': 'wedding', 'personalLastName': 'PersonalSurname', 'personalFirstName': 'PersonalName', 'personalMiddleName': 'PersonalMiddle', 'personalPhoneNumber': '80295229669', 'personalNumberOfPassport': 'AB123456', 'personalAddress': 'г. Брест, ул. Ленина 1', 'citizenLastName': 'citizenSurname', 'citizenFirstName': 'citizenName', 'citizenMiddleName': 'citizenMiddle', 'citizenBirthDate': '2000-03-12', 'citizenNumberOfPassport': 'AB123789', 'citizenGender': 'Man', 'citizenAddress': 'г. Брест, ул. Карла Маркса', 'dateOfMarriage': '3123-12-12', 'newLastName': 'newSurname', 'anotherPersonLastName': 'suprugSurname', 'anotherPersonFirstName': 'suprugName', 'anotherPersonMiddleName': 'suprugMiddle', 'birth_of_anotoherPerson': '8444-08-06', 'anotherPersonPassport': 'SP123', 'birth_place': None, 'birth_mother': None, 'birth_father': None, 'birth_grandpa': None, 'birth_grandma': None, 'death_dateOfDeath': None, 'death_placeOfDeath': None}
2026-05-14 17:06:32,659 - api.endpoints.user_api - INFO - Response 200
2026-05-14 17:06:32,660 - tests_api.test_user_api - INFO - Response body: {'data': {'applicantid': 72591, 'citizenid': 65447, 'applicationid': 63899, 'merrigecertificateid': 28631}, 'requestId': '8b77154e-453e-4190-aba9-bb97f9b84f41'}
2026-05-14 17:06:33,960 - api.endpoints.user_api - INFO - POST https://user:senlatest@regoffice.senla.eu/sendUserRequest | payload: {'mode': 'wedding', 'personalLastName': 'PersonalSurname', 'personalFirstName': 'PersonalName', 'personalMiddleName': 'PersonalMiddle', 'personalPhoneNumber': '80295229669', 'personalNumberOfPassport': 'AB123456', 'personalAddress': 'г. Брест, ул. Ленина 1', 'citizenLastName': 'citizenSurname', 'citizenFirstName': 'citizenName', 'citizenMiddleName': 'citizenMiddle', 'citizenBirthDate': '2000-03-12', 'citizenNumberOfPassport': 'AB123789', 'citizenGender': 'Man', 'citizenAddress': 'г. Брест, ул. Карла Маркса', 'dateOfMarriage': '3123-12-12', 'newLastName': 'newSurname', 'anotherPersonLastName': 'suprugSurname', 'anotherPersonFirstName': 'suprugName', 'anotherPersonMiddleName': 'suprugMiddle', 'birth_of_anotoherPerson': '8444-08-06', 'anotherPersonPassport': 'SP123', 'birth_place': None, 'birth_mother': None, 'birth_father': None, 'birth_grandpa': None, 'birth_grandma': None, 'death_dateOfDeath': None, 'death_placeOfDeath': None}
2026-05-14 17:06:34,200 - api.endpoints.user_api - INFO - Response 200
2026-05-14 17:06:34,201 - tests_api.test_user_api - INFO - Response body: {'data': {'applicantid': 72592, 'citizenid': 65448, 'applicationid': 63900, 'merrigecertificateid': 28632}, 'requestId': '090a94da-6167-47e8-81fe-1adc6882c82e'}
2026-05-14 17:07:27,939 - api.endpoints.user_api - INFO - POST https://user:senlatest@regoffice.senla.eu/sendUserRequest | payload: {'mode': 'wedding', 'personalLastName': 'Куликова', 'personalFirstName': 'PersonalName', 'personalMiddleName': 'PersonalMiddle', 'personalPhoneNumber': '80295229669', 'personalNumberOfPassport': 'AB123456', 'personalAddress': 'г. Брест, ул. Ленина 1', 'citizenLastName': 'Колобов', 'citizenFirstName': 'citizenName', 'citizenMiddleName': 'citizenMiddle', 'citizenBirthDate': '2000-03-12', 'citizenNumberOfPassport': 'AB123789', 'citizenGender': 'Man', 'citizenAddress': 'г. Брест, ул. Карла Маркса', 'dateOfMarriage': '3123-12-12', 'newLastName': 'Воронцова', 'anotherPersonLastName': 'Васильев', 'anotherPersonFirstName': 'suprugName', 'anotherPersonMiddleName': 'suprugMiddle', 'birth_of_anotoherPerson': '8444-08-06', 'anotherPersonPassport': 'SP123', 'birth_place': None, 'birth_mother': None, 'birth_father': None, 'birth_grandpa': None, 'birth_grandma': None, 'death_dateOfDeath': None, 'death_placeOfDeath': None}
2026-05-14 17:07:28,180 - api.endpoints.user_api - INFO - Response 200
2026-05-14 17:07:28,181 - tests_api.test_user_api - INFO - Response body: {'data': {'applicantid': 72593, 'citizenid': 65449, 'applicationid': 63901, 'merrigecertificateid': 28633}, 'requestId': 'd895ab19-9063-4437-b174-5f87dd6747b2'}
2026-05-14 17:07:29,901 - api.endpoints.user_api - INFO - POST https://user:senlatest@regoffice.senla.eu/sendUserRequest | payload: {'mode': 'wedding', 'personalLastName': 'Фролов', 'personalFirstName': 'PersonalName', 'personalMiddleName': 'PersonalMiddle', 'personalPhoneNumber': '80295229669', 'personalNumberOfPassport': 'AB123456', 'personalAddress': 'г. Брест, ул. Ленина 1', 'citizenLastName': 'Кулагин', 'citizenFirstName': 'citizenName', 'citizenMiddleName': 'citizenMiddle', 'citizenBirthDate': '2000-03-12', 'citizenNumberOfPassport': 'AB123789', 'citizenGender': 'Man', 'citizenAddress': 'г. Брест, ул. Карла Маркса', 'dateOfMarriage': '3123-12-12', 'newLastName': 'Большакова', 'anotherPersonLastName': 'Калинина', 'anotherPersonFirstName': 'suprugName', 'anotherPersonMiddleName': 'suprugMiddle', 'birth_of_anotoherPerson': '8444-08-06', 'anotherPersonPassport': 'SP123', 'birth_place': None, 'birth_mother': None, 'birth_father': None, 'birth_grandpa': None, 'birth_grandma': None, 'death_dateOfDeath': None, 'death_placeOfDeath': None}
2026-05-14 17:07:30,142 - api.endpoints.user_api - INFO - Response 200
2026-05-14 17:07:30,144 - tests_api.test_user_api - INFO - Response body: {'data': {'applicantid': 72594, 'citizenid': 65450, 'applicationid': 63902, 'merrigecertificateid': 28634}, 'requestId': '7f3440b1-51ba-4ad3-9826-ac4ef04cf825'}
2026-05-14 17:07:31,492 - api.endpoints.user_api - INFO - POST https://user:senlatest@regoffice.senla.eu/sendUserRequest | payload: {'mode': 'wedding', 'personalLastName': 'Яковлева', 'personalFirstName': 'PersonalName', 'personalMiddleName': 'PersonalMiddle', 'personalPhoneNumber': '80295229669', 'personalNumberOfPassport': 'AB123456', 'personalAddress': 'г. Брест, ул. Ленина 1', 'citizenLastName': 'Власов', 'citizenFirstName': 'citizenName', 'citizenMiddleName': 'citizenMiddle', 'citizenBirthDate': '2000-03-12', 'citizenNumberOfPassport': 'AB123789', 'citizenGender': 'Man', 'citizenAddress': 'г. Брест, ул. Карла Маркса', 'dateOfMarriage': '3123-12-12', 'newLastName': 'Григорьев', 'anotherPersonLastName': 'Некрасова', 'anotherPersonFirstName': 'suprugName', 'anotherPersonMiddleName': 'suprugMiddle', 'birth_of_anotoherPerson': '8444-08-06', 'anotherPersonPassport': 'SP123', 'birth_place': None, 'birth_mother': None, 'birth_father': None, 'birth_grandpa': None, 'birth_grandma': None, 'death_dateOfDeath': None, 'death_placeOfDeath': None}
2026-05-14 17:07:31,744 - api.endpoints.user_api - INFO - Response 200
2026-05-14 17:07:31,745 - tests_api.test_user_api - INFO - Response body: {'data': {'applicantid': 72595, 'citizenid': 65451, 'applicationid': 63903, 'merrigecertificateid': 28635}, 'requestId': '655df0b6-9bf5-44a6-a301-cd8b86735983'}
2026-05-14 17:07:33,107 - api.endpoints.user_api - INFO - POST https://user:senlatest@regoffice.senla.eu/sendUserRequest | payload: {'mode': 'wedding', 'personalLastName': 'Сазонова', 'personalFirstName': 'PersonalName', 'personalMiddleName': 'PersonalMiddle', 'personalPhoneNumber': '80295229669', 'personalNumberOfPassport': 'AB123456', 'personalAddress': 'г. Брест, ул. Ленина 1', 'citizenLastName': 'Лазарева', 'citizenFirstName': 'citizenName', 'citizenMiddleName': 'citizenMiddle', 'citizenBirthDate': '2000-03-12', 'citizenNumberOfPassport': 'AB123789', 'citizenGender': 'Man', 'citizenAddress': 'г. Брест, ул. Карла Маркса', 'dateOfMarriage': '3123-12-12', 'newLastName': 'Бобылева', 'anotherPersonLastName': 'Кулагина', 'anotherPersonFirstName': 'suprugName', 'anotherPersonMiddleName': 'suprugMiddle', 'birth_of_anotoherPerson': '8444-08-06', 'anotherPersonPassport': 'SP123', 'birth_place': None, 'birth_mother': None, 'birth_father': None, 'birth_grandpa': None, 'birth_grandma': None, 'death_dateOfDeath': None, 'death_placeOfDeath': None}
2026-05-14 17:07:33,404 - api.endpoints.user_api - INFO - Response 200
2026-05-14 17:07:33,405 - tests_api.test_user_api - INFO - Response body: {'data': {'applicantid': 72596, 'citizenid': 65452, 'applicationid': 63904, 'merrigecertificateid': 28636}, 'requestId': 'd8a05f61-ece6-4dba-b954-423762972595'}
2026-05-14 17:07:34,744 - api.endpoints.user_api - INFO - POST https://user:senlatest@regoffice.senla.eu/sendUserRequest | payload: {'mode': 'wedding', 'personalLastName': 'Копылов', 'personalFirstName': 'PersonalName', 'personalMiddleName': 'PersonalMiddle', 'personalPhoneNumber': '80295229669', 'personalNumberOfPassport': 'AB123456', 'personalAddress': 'г. Брест, ул. Ленина 1', 'citizenLastName': 'Костина', 'citizenFirstName': 'citizenName', 'citizenMiddleName': 'citizenMiddle', 'citizenBirthDate': '2000-03-12', 'citizenNumberOfPassport': 'AB123789', 'citizenGender': 'Man', 'citizenAddress': 'г. Брест, ул. Карла Маркса', 'dateOfMarriage': '3123-12-12', 'newLastName': 'Александрова', 'anotherPersonLastName': 'Игнатьева', 'anotherPersonFirstName': 'suprugName', 'anotherPersonMiddleName': 'suprugMiddle', 'birth_of_anotoherPerson': '8444-08-06', 'anotherPersonPassport': 'SP123', 'birth_place': None, 'birth_mother': None, 'birth_father': None, 'birth_grandpa': None, 'birth_grandma': None, 'death_dateOfDeath': None, 'death_placeOfDeath': None}
2026-05-14 17:07:34,990 - api.endpoints.user_api - INFO - Response 200
2026-05-14 17:07:34,991 - tests_api.test_user_api - INFO - Response body: {'data': {'applicantid': 72597, 'citizenid': 65453, 'applicationid': 63905, 'merrigecertificateid': 28637}, 'requestId': '2e3af8db-5c6e-4e7d-a5a5-e5ab36f14942'}
2026-05-14 17:08:22,028 - api.endpoints.user_api - INFO - POST https://user:senlatest@regoffice.senla.eu/sendUserRequest | payload: {'mode': 'wedding', 'personalLastName': 'Фролов', 'personalFirstName': 'Еремей', 'personalMiddleName': 'Тимофеевна', 'personalPhoneNumber': '80295229669', 'personalNumberOfPassport': 'AB123456', 'personalAddress': 'г. Брест, ул. Ленина 1', 'citizenLastName': 'Матвеев', 'citizenFirstName': 'Оксана', 'citizenMiddleName': 'Тимофеевна', 'citizenBirthDate': '2000-03-12', 'citizenNumberOfPassport': 'AB123789', 'citizenGender': 'Man', 'citizenAddress': 'г. Брест, ул. Карла Маркса', 'dateOfMarriage': '3123-12-12', 'newLastName': 'Ларионова', 'anotherPersonLastName': 'Савельева', 'anotherPersonFirstName': 'Фёкла', 'anotherPersonMiddleName': 'Якубович', 'birth_of_anotoherPerson': '8444-08-06', 'anotherPersonPassport': 'SP123', 'birth_place': None, 'birth_mother': None, 'birth_father': None, 'birth_grandpa': None, 'birth_grandma': None, 'death_dateOfDeath': None, 'death_placeOfDeath': None}
2026-05-14 17:08:22,259 - api.endpoints.user_api - INFO - Response 200
2026-05-14 17:08:22,259 - tests_api.test_user_api - INFO - Response body: {'data': {'applicantid': 72598, 'citizenid': 65454, 'applicationid': 63906, 'merrigecertificateid': 28638}, 'requestId': '45f7289d-d730-48c3-97a1-dd648cd6e680'}
2026-05-14 17:08:23,931 - api.endpoints.user_api - INFO - POST https://user:senlatest@regoffice.senla.eu/sendUserRequest | payload: {'mode': 'wedding', 'personalLastName': 'Мельников', 'personalFirstName': 'Ювеналий', 'personalMiddleName': 'Трифонович', 'personalPhoneNumber': '80295229669', 'personalNumberOfPassport': 'AB123456', 'personalAddress': 'г. Брест, ул. Ленина 1', 'citizenLastName': 'Полякова', 'citizenFirstName': 'Борислав', 'citizenMiddleName': 'Ильич', 'citizenBirthDate': '2000-03-12', 'citizenNumberOfPassport': 'AB123789', 'citizenGender': 'Man', 'citizenAddress': 'г. Брест, ул. Карла Маркса', 'dateOfMarriage': '3123-12-12', 'newLastName': 'Федорова', 'anotherPersonLastName': 'Федотов', 'anotherPersonFirstName': 'Арефий', 'anotherPersonMiddleName': 'Юльевна', 'birth_of_anotoherPerson': '8444-08-06', 'anotherPersonPassport': 'SP123', 'birth_place': None, 'birth_mother': None, 'birth_father': None, 'birth_grandpa': None, 'birth_grandma': None, 'death_dateOfDeath': None, 'death_placeOfDeath': None}
2026-05-14 17:08:24,193 - api.endpoints.user_api - INFO - Response 200
2026-05-14 17:08:24,194 - tests_api.test_user_api - INFO - Response body: {'data': {'applicantid': 72599, 'citizenid': 65455, 'applicationid': 63907, 'merrigecertificateid': 28639}, 'requestId': 'e30ef731-0b9c-4449-9d07-f76c297c4aa4'}
2026-05-14 17:08:25,353 - api.endpoints.user_api - INFO - POST https://user:senlatest@regoffice.senla.eu/sendUserRequest | payload: {'mode': 'wedding', 'personalLastName': 'Мартынова', 'personalFirstName': 'Николай', 'personalMiddleName': 'Филиппович', 'personalPhoneNumber': '80295229669', 'personalNumberOfPassport': 'AB123456', 'personalAddress': 'г. Брест, ул. Ленина 1', 'citizenLastName': 'Дмитриев', 'citizenFirstName': 'Юрий', 'citizenMiddleName': 'Бориславович', 'citizenBirthDate': '2000-03-12', 'citizenNumberOfPassport': 'AB123789', 'citizenGender': 'Man', 'citizenAddress': 'г. Брест, ул. Карла Маркса', 'dateOfMarriage': '3123-12-12', 'newLastName': 'Муравьев', 'anotherPersonLastName': 'Копылова', 'anotherPersonFirstName': 'Фёкла', 'anotherPersonMiddleName': 'Федосеевич', 'birth_of_anotoherPerson': '8444-08-06', 'anotherPersonPassport': 'SP123', 'birth_place': None, 'birth_mother': None, 'birth_father': None, 'birth_grandpa': None, 'birth_grandma': None, 'death_dateOfDeath': None, 'death_placeOfDeath': None}
2026-05-14 17:08:25,612 - api.endpoints.user_api - INFO - Response 200
2026-05-14 17:08:25,613 - tests_api.test_user_api - INFO - Response body: {'data': {'applicantid': 72600, 'citizenid': 65456, 'applicationid': 63908, 'merrigecertificateid': 28640}, 'requestId': '5d710ba3-2f22-4d70-be30-ce2308727299'}
2026-05-14 17:08:27,110 - api.endpoints.user_api - INFO - POST https://user:senlatest@regoffice.senla.eu/sendUserRequest | payload: {'mode': 'wedding', 'personalLastName': 'Некрасова', 'personalFirstName': 'Фока', 'personalMiddleName': 'Ефимович', 'personalPhoneNumber': '80295229669', 'personalNumberOfPassport': 'AB123456', 'personalAddress': 'г. Брест, ул. Ленина 1', 'citizenLastName': 'Тихонова', 'citizenFirstName': 'Харитон', 'citizenMiddleName': 'Ефимовна', 'citizenBirthDate': '2000-03-12', 'citizenNumberOfPassport': 'AB123789', 'citizenGender': 'Man', 'citizenAddress': 'г. Брест, ул. Карла Маркса', 'dateOfMarriage': '3123-12-12', 'newLastName': 'Калашников', 'anotherPersonLastName': 'Федосеева', 'anotherPersonFirstName': 'Филарет', 'anotherPersonMiddleName': 'Андреевна', 'birth_of_anotoherPerson': '8444-08-06', 'anotherPersonPassport': 'SP123', 'birth_place': None, 'birth_mother': None, 'birth_father': None, 'birth_grandpa': None, 'birth_grandma': None, 'death_dateOfDeath': None, 'death_placeOfDeath': None}
2026-05-14 17:08:27,356 - api.endpoints.user_api - INFO - Response 200
2026-05-14 17:08:27,357 - tests_api.test_user_api - INFO - Response body: {'data': {'applicantid': 72601, 'citizenid': 65457, 'applicationid': 63909, 'merrigecertificateid': 28641}, 'requestId': 'd4ce4d68-5421-4490-bd4a-98f58008b212'}
2026-05-14 17:08:30,860 - api.endpoints.user_api - INFO - POST https://user:senlatest@regoffice.senla.eu/sendUserRequest | payload: {'mode': 'wedding', 'personalLastName': 'Колесников', 'personalFirstName': 'Алина', 'personalMiddleName': 'Фомич', 'personalPhoneNumber': '80295229669', 'personalNumberOfPassport': 'AB123456', 'personalAddress': 'г. Брест, ул. Ленина 1', 'citizenLastName': 'Симонов', 'citizenFirstName': 'Ульяна', 'citizenMiddleName': 'Артемьевич', 'citizenBirthDate': '2000-03-12', 'citizenNumberOfPassport': 'AB123789', 'citizenGender': 'Man', 'citizenAddress': 'г. Брест, ул. Карла Маркса', 'dateOfMarriage': '3123-12-12', 'newLastName': 'Шубин', 'anotherPersonLastName': 'Бурова', 'anotherPersonFirstName': 'Панкратий', 'anotherPersonMiddleName': 'Аксёнович', 'birth_of_anotoherPerson': '8444-08-06', 'anotherPersonPassport': 'SP123', 'birth_place': None, 'birth_mother': None, 'birth_father': None, 'birth_grandpa': None, 'birth_grandma': None, 'death_dateOfDeath': None, 'death_placeOfDeath': None}
2026-05-14 17:08:31,110 - api.endpoints.user_api - INFO - Response 200
2026-05-14 17:08:31,110 - tests_api.test_user_api - INFO - Response body: {'data': {'applicantid': 72602, 'citizenid': 65458, 'applicationid': 63910, 'merrigecertificateid': 28642}, 'requestId': 'abcdb665-29eb-4abd-8d24-57f100cf130c'}
2026-05-14 17:10:26,933 - api.endpoints.user_api - INFO - POST https://user:senlatest@regoffice.senla.eu/sendUserRequest | payload: {'mode': 'wedding', 'personalLastName': 'Хохлова', 'personalFirstName': 'Остап', 'personalMiddleName': 'Фадеевич', 'personalPhoneNumber': '01365762', 'personalNumberOfPassport': 'РС80516', 'personalAddress': 'г. Брест, ул. Ленина 1', 'citizenLastName': 'Васильев', 'citizenFirstName': 'Мартьян', 'citizenMiddleName': 'Вадимовна', 'citizenBirthDate': '2000-03-12', 'citizenNumberOfPassport': 'СР27775', 'citizenGender': 'Man', 'citizenAddress': 'г. Брест, ул. Карла Маркса', 'dateOfMarriage': '3123-12-12', 'newLastName': 'Гуляева', 'anotherPersonLastName': 'Крюков', 'anotherPersonFirstName': 'Леонид', 'anotherPersonMiddleName': 'Глебович', 'birth_of_anotoherPerson': '8444-08-06', 'anotherPersonPassport': 'ТН97237', 'birth_place': None, 'birth_mother': None, 'birth_father': None, 'birth_grandpa': None, 'birth_grandma': None, 'death_dateOfDeath': None, 'death_placeOfDeath': None}
2026-05-14 17:10:27,197 - api.endpoints.user_api - INFO - Response 200
2026-05-14 17:10:27,197 - tests_api.test_user_api - INFO - Response body: {'data': {'applicantid': 72603, 'citizenid': 65459, 'applicationid': 63911, 'merrigecertificateid': 28643}, 'requestId': 'd7ff0747-12df-4258-843c-ca6f954023d7'}
2026-05-14 17:10:28,626 - api.endpoints.user_api - INFO - POST https://user:senlatest@regoffice.senla.eu/sendUserRequest | payload: {'mode': 'wedding', 'personalLastName': 'Костин', 'personalFirstName': 'Милован', 'personalMiddleName': 'Ярославович', 'personalPhoneNumber': '84419552', 'personalNumberOfPassport': 'АВ30615', 'personalAddress': 'г. Брест, ул. Ленина 1', 'citizenLastName': 'Галкин', 'citizenFirstName': 'Изот', 'citizenMiddleName': 'Феодосьевич', 'citizenBirthDate': '2000-03-12', 'citizenNumberOfPassport': 'РВ30890', 'citizenGender': 'Man', 'citizenAddress': 'г. Брест, ул. Карла Маркса', 'dateOfMarriage': '3123-12-12', 'newLastName': 'Громова', 'anotherPersonLastName': 'Лаврентьев', 'anotherPersonFirstName': 'Фирс', 'anotherPersonMiddleName': 'Юльевич', 'birth_of_anotoherPerson': '8444-08-06', 'anotherPersonPassport': 'ВА11797', 'birth_place': None, 'birth_mother': None, 'birth_father': None, 'birth_grandpa': None, 'birth_grandma': None, 'death_dateOfDeath': None, 'death_placeOfDeath': None}
2026-05-14 17:10:28,913 - api.endpoints.user_api - INFO - Response 200
2026-05-14 17:10:28,914 - tests_api.test_user_api - INFO - Response body: {'data': {'applicantid': 72604, 'citizenid': 65460, 'applicationid': 63912, 'merrigecertificateid': 28644}, 'requestId': 'c30a26ee-10e9-41d9-9a3d-6e042b181941'}
2026-05-14 17:10:30,399 - api.endpoints.user_api - INFO - POST https://user:senlatest@regoffice.senla.eu/sendUserRequest | payload: {'mode': 'wedding', 'personalLastName': 'Афанасьев', 'personalFirstName': 'Твердислав', 'personalMiddleName': 'Феликсович', 'personalPhoneNumber': '91992536', 'personalNumberOfPassport': 'ОО37826', 'personalAddress': 'г. Брест, ул. Ленина 1', 'citizenLastName': 'Суворова', 'citizenFirstName': 'Евдоким', 'citizenMiddleName': 'Дорофеевич', 'citizenBirthDate': '2000-03-12', 'citizenNumberOfPassport': 'АС07658', 'citizenGender': 'Man', 'citizenAddress': 'г. Брест, ул. Карла Маркса', 'dateOfMarriage': '3123-12-12', 'newLastName': 'Громова', 'anotherPersonLastName': 'Афанасьев', 'anotherPersonFirstName': 'Вера', 'anotherPersonMiddleName': 'Богданович', 'birth_of_anotoherPerson': '8444-08-06', 'anotherPersonPassport': 'ТТ71384', 'birth_place': None, 'birth_mother': None, 'birth_father': None, 'birth_grandpa': None, 'birth_grandma': None, 'death_dateOfDeath': None, 'death_placeOfDeath': None}
2026-05-14 17:10:30,656 - api.endpoints.user_api - INFO - Response 200
2026-05-14 17:10:30,657 - tests_api.test_user_api - INFO - Response body: {'data': {'applicantid': 72605, 'citizenid': 65461, 'applicationid': 63913, 'merrigecertificateid': 28645}, 'requestId': '4c2b000e-65ae-4067-8b07-0c816a44af6e'}
2026-05-14 17:10:32,046 - api.endpoints.user_api - INFO - POST https://user:senlatest@regoffice.senla.eu/sendUserRequest | payload: {'mode': 'wedding', 'personalLastName': 'Кудряшова', 'personalFirstName': 'Стоян', 'personalMiddleName': 'Руслановна', 'personalPhoneNumber': '85023183', 'personalNumberOfPassport': 'РР89321', 'personalAddress': 'г. Брест, ул. Ленина 1', 'citizenLastName': 'Воронов', 'citizenFirstName': 'Евсей', 'citizenMiddleName': 'Филипповна', 'citizenBirthDate': '2000-03-12', 'citizenNumberOfPassport': 'АВ76173', 'citizenGender': 'Man', 'citizenAddress': 'г. Брест, ул. Карла Маркса', 'dateOfMarriage': '3123-12-12', 'newLastName': 'Воронов', 'anotherPersonLastName': 'Суворов', 'anotherPersonFirstName': 'Софрон', 'anotherPersonMiddleName': 'Вадимовна', 'birth_of_anotoherPerson': '8444-08-06', 'anotherPersonPassport': 'НС98572', 'birth_place': None, 'birth_mother': None, 'birth_father': None, 'birth_grandpa': None, 'birth_grandma': None, 'death_dateOfDeath': None, 'death_placeOfDeath': None}
2026-05-14 17:10:32,328 - api.endpoints.user_api - INFO - Response 200
2026-05-14 17:10:32,328 - tests_api.test_user_api - INFO - Response body: {'data': {'applicantid': 72606, 'citizenid': 65462, 'applicationid': 63914, 'merrigecertificateid': 28646}, 'requestId': '3609d951-93b9-4fc3-aa98-5c95bfd5367d'}
2026-05-14 17:11:17,377 - api.endpoints.user_api - INFO - POST https://user:senlatest@regoffice.senla.eu/sendUserRequest | payload: {'mode': 'wedding', 'personalLastName': 'Зыков', 'personalFirstName': 'Карл', 'personalMiddleName': 'Андреевич', 'personalPhoneNumber': '89751761', 'personalNumberOfPassport': 'СР08243', 'personalAddress': 'к. Стерлитамак, бул. Чкалова, д. 61 стр. 66, 810157', 'citizenLastName': 'Ларионов', 'citizenFirstName': 'Пантелеймон', 'citizenMiddleName': 'Демидович', 'citizenBirthDate': '2000-03-12', 'citizenNumberOfPassport': 'НС51301', 'citizenGender': 'м', 'citizenAddress': 'д. Истра, алл. Приозерная, д. 212, 230775', 'dateOfMarriage': '3123-12-12', 'newLastName': 'Романова', 'anotherPersonLastName': 'Крюков', 'anotherPersonFirstName': 'Эрнст', 'anotherPersonMiddleName': 'Авдеевич', 'birth_of_anotoherPerson': '8444-08-06', 'anotherPersonPassport': 'ВВ18764', 'birth_place': None, 'birth_mother': None, 'birth_father': None, 'birth_grandpa': None, 'birth_grandma': None, 'death_dateOfDeath': None, 'death_placeOfDeath': None}
2026-05-14 17:11:17,610 - api.endpoints.user_api - INFO - Response 500
2026-05-14 17:11:17,610 - tests_api.test_user_api - INFO - Response body: {'code': 'error', 'message': 'SequelizeDatabaseError'}
2026-05-14 17:11:47,654 - api.endpoints.user_api - INFO - POST https://user:senlatest@regoffice.senla.eu/sendUserRequest | payload: {'mode': 'wedding', 'personalLastName': 'Григорьева', 'personalFirstName': 'Любомир', 'personalMiddleName': 'Вилорович', 'personalPhoneNumber': '31359706', 'personalNumberOfPassport': 'СН04795', 'personalAddress': 'г. Брест, ул. Ленина 1', 'citizenLastName': 'Лазарев', 'citizenFirstName': 'Исай', 'citizenMiddleName': 'Васильевич', 'citizenBirthDate': '2000-03-12', 'citizenNumberOfPassport': 'СТ39976', 'citizenGender': 'м', 'citizenAddress': 'г. Брест, ул. Карла Маркса', 'dateOfMarriage': '3123-12-12', 'newLastName': 'Петрова', 'anotherPersonLastName': 'Шашкова', 'anotherPersonFirstName': 'Игорь', 'anotherPersonMiddleName': 'Измаилович', 'birth_of_anotoherPerson': '8444-08-06', 'anotherPersonPassport': 'СТ52214', 'birth_place': None, 'birth_mother': None, 'birth_father': None, 'birth_grandpa': None, 'birth_grandma': None, 'death_dateOfDeath': None, 'death_placeOfDeath': None}
2026-05-14 17:11:47,909 - api.endpoints.user_api - INFO - Response 200
2026-05-14 17:11:47,910 - tests_api.test_user_api - INFO - Response body: {'data': {'applicantid': 72607, 'citizenid': 65463, 'applicationid': 63915, 'merrigecertificateid': 28647}, 'requestId': '53482ebd-7b62-44f8-b0a9-e77eb27f1fbf'}
2026-05-14 17:11:49,510 - api.endpoints.user_api - INFO - POST https://user:senlatest@regoffice.senla.eu/sendUserRequest | payload: {'mode': 'wedding', 'personalLastName': 'Андреев', 'personalFirstName': 'Ерофей', 'personalMiddleName': 'Артемовна', 'personalPhoneNumber': '48459386', 'personalNumberOfPassport': 'ТР66986', 'personalAddress': 'г. Брест, ул. Ленина 1', 'citizenLastName': 'Петрова', 'citizenFirstName': 'Капитон', 'citizenMiddleName': 'Глебович', 'citizenBirthDate': '2000-03-12', 'citizenNumberOfPassport': 'СА85026', 'citizenGender': 'ж', 'citizenAddress': 'г. Брест, ул. Карла Маркса', 'dateOfMarriage': '3123-12-12', 'newLastName': 'Мельникова', 'anotherPersonLastName': 'Медведева', 'anotherPersonFirstName': 'Устин', 'anotherPersonMiddleName': 'Феликсович', 'birth_of_anotoherPerson': '8444-08-06', 'anotherPersonPassport': 'СС03309', 'birth_place': None, 'birth_mother': None, 'birth_father': None, 'birth_grandpa': None, 'birth_grandma': None, 'death_dateOfDeath': None, 'death_placeOfDeath': None}
2026-05-14 17:11:49,759 - api.endpoints.user_api - INFO - Response 200
2026-05-14 17:11:49,760 - tests_api.test_user_api - INFO - Response body: {'data': {'applicantid': 72608, 'citizenid': 65464, 'applicationid': 63916, 'merrigecertificateid': 28648}, 'requestId': 'b31fd1df-3f1a-45b3-b8c6-b13704fd08b4'}
2026-05-14 17:11:51,476 - api.endpoints.user_api - INFO - POST https://user:senlatest@regoffice.senla.eu/sendUserRequest | payload: {'mode': 'wedding', 'personalLastName': 'Гуляев', 'personalFirstName': 'Октябрина', 'personalMiddleName': 'Ивановна', 'personalPhoneNumber': '79046211', 'personalNumberOfPassport': 'РС78626', 'personalAddress': 'г. Брест, ул. Ленина 1', 'citizenLastName': 'Кириллов', 'citizenFirstName': 'Ананий', 'citizenMiddleName': 'Рудольфовна', 'citizenBirthDate': '2000-03-12', 'citizenNumberOfPassport': 'ТО31385', 'citizenGender': 'жен', 'citizenAddress': 'г. Брест, ул. Карла Маркса', 'dateOfMarriage': '3123-12-12', 'newLastName': 'Дементьев', 'anotherPersonLastName': 'Ларионов', 'anotherPersonFirstName': 'Прасковья', 'anotherPersonMiddleName': 'Адрианович', 'birth_of_anotoherPerson': '8444-08-06', 'anotherPersonPassport': 'ТН68281', 'birth_place': None, 'birth_mother': None, 'birth_father': None, 'birth_grandpa': None, 'birth_grandma': None, 'death_dateOfDeath': None, 'death_placeOfDeath': None}
2026-05-14 17:11:51,740 - api.endpoints.user_api - INFO - Response 200
2026-05-14 17:11:51,741 - tests_api.test_user_api - INFO - Response body: {'data': {'applicantid': 72609, 'citizenid': 65465, 'applicationid': 63917, 'merrigecertificateid': 28649}, 'requestId': '2b880ed9-8e47-424f-a176-f26a9b5601b0'}
2026-05-14 17:11:53,171 - api.endpoints.user_api - INFO - POST https://user:senlatest@regoffice.senla.eu/sendUserRequest | payload: {'mode': 'wedding', 'personalLastName': 'Бобылева', 'personalFirstName': 'Боян', 'personalMiddleName': 'Фомич', 'personalPhoneNumber': '90558664', 'personalNumberOfPassport': 'НА00403', 'personalAddress': 'г. Брест, ул. Ленина 1', 'citizenLastName': 'Чернов', 'citizenFirstName': 'Остап', 'citizenMiddleName': 'Вячеславовна', 'citizenBirthDate': '2000-03-12', 'citizenNumberOfPassport': 'ТН60621', 'citizenGender': 'ж', 'citizenAddress': 'г. Брест, ул. Карла Маркса', 'dateOfMarriage': '3123-12-12', 'newLastName': 'Моисеева', 'anotherPersonLastName': 'Сысоев', 'anotherPersonFirstName': 'Любовь', 'anotherPersonMiddleName': 'Ефимьевич', 'birth_of_anotoherPerson': '8444-08-06', 'anotherPersonPassport': 'ВС49741', 'birth_place': None, 'birth_mother': None, 'birth_father': None, 'birth_grandpa': None, 'birth_grandma': None, 'death_dateOfDeath': None, 'death_placeOfDeath': None}
2026-05-14 17:11:53,393 - api.endpoints.user_api - INFO - Response 200
2026-05-14 17:11:53,394 - tests_api.test_user_api - INFO - Response body: {'data': {'applicantid': 72610, 'citizenid': 65466, 'applicationid': 63918, 'merrigecertificateid': 28650}, 'requestId': '09c9bb60-2ae1-44c7-8ba0-36509a1edebc'}
2026-05-14 17:11:55,020 - api.endpoints.user_api - INFO - POST https://user:senlatest@regoffice.senla.eu/sendUserRequest | payload: {'mode': 'wedding', 'personalLastName': 'Овчинникова', 'personalFirstName': 'Изяслав', 'personalMiddleName': 'Болеславовна', 'personalPhoneNumber': '47887074', 'personalNumberOfPassport': 'ВА63973', 'personalAddress': 'г. Брест, ул. Ленина 1', 'citizenLastName': 'Кабанов', 'citizenFirstName': 'Марк', 'citizenMiddleName': 'Павловна', 'citizenBirthDate': '2000-03-12', 'citizenNumberOfPassport': 'ОВ81323', 'citizenGender': 'м', 'citizenAddress': 'г. Брест, ул. Карла Маркса', 'dateOfMarriage': '3123-12-12', 'newLastName': 'Силина', 'anotherPersonLastName': 'Горбунова', 'anotherPersonFirstName': 'Елизар', 'anotherPersonMiddleName': 'Феофанович', 'birth_of_anotoherPerson': '8444-08-06', 'anotherPersonPassport': 'ВР38361', 'birth_place': None, 'birth_mother': None, 'birth_father': None, 'birth_grandpa': None, 'birth_grandma': None, 'death_dateOfDeath': None, 'death_placeOfDeath': None}
2026-05-14 17:11:55,258 - api.endpoints.user_api - INFO - Response 200
2026-05-14 17:11:55,259 - tests_api.test_user_api - INFO - Response body: {'data': {'applicantid': 72611, 'citizenid': 65467, 'applicationid': 63919, 'merrigecertificateid': 28651}, 'requestId': '909ccdf0-6d19-4bad-abe4-be0f10bfcaf5'}
2026-05-14 17:11:56,795 - api.endpoints.user_api - INFO - POST https://user:senlatest@regoffice.senla.eu/sendUserRequest | payload: {'mode': 'wedding', 'personalLastName': 'Ширяева', 'personalFirstName': 'Софон', 'personalMiddleName': 'Глебович', 'personalPhoneNumber': '93659595', 'personalNumberOfPassport': 'СР24232', 'personalAddress': 'г. Брест, ул. Ленина 1', 'citizenLastName': 'Захаров', 'citizenFirstName': 'Ираида', 'citizenMiddleName': 'Харлампович', 'citizenBirthDate': '2000-03-12', 'citizenNumberOfPassport': 'СТ52522', 'citizenGender': 'жен', 'citizenAddress': 'г. Брест, ул. Карла Маркса', 'dateOfMarriage': '3123-12-12', 'newLastName': 'Котова', 'anotherPersonLastName': 'Брагина', 'anotherPersonFirstName': 'Лучезар', 'anotherPersonMiddleName': 'Геннадиевна', 'birth_of_anotoherPerson': '8444-08-06', 'anotherPersonPassport': 'АС27788', 'birth_place': None, 'birth_mother': None, 'birth_father': None, 'birth_grandpa': None, 'birth_grandma': None, 'death_dateOfDeath': None, 'death_placeOfDeath': None}
2026-05-14 17:11:57,044 - api.endpoints.user_api - INFO - Response 200
2026-05-14 17:11:57,045 - tests_api.test_user_api - INFO - Response body: {'data': {'applicantid': 72612, 'citizenid': 65468, 'applicationid': 63920, 'merrigecertificateid': 28652}, 'requestId': '7b428cce-5aae-487b-ad9a-7f6c9bd6b643'}
2026-05-14 17:12:42,062 - api.endpoints.user_api - INFO - POST https://user:senlatest@regoffice.senla.eu/sendUserRequest | payload: {'mode': 'wedding', 'personalLastName': 'Шубин', 'personalFirstName': 'Афанасий', 'personalMiddleName': 'Валерианович', 'personalPhoneNumber': '41353832', 'personalNumberOfPassport': 'ТО69163', 'personalAddress': 'ш. Гражданское, д. 3', 'citizenLastName': 'Кудрявцев', 'citizenFirstName': 'Зиновий', 'citizenMiddleName': 'Борисовна', 'citizenBirthDate': '2000-03-12', 'citizenNumberOfPassport': 'ОВ10238', 'citizenGender': 'муж', 'citizenAddress': 'бул. Троицкий, д. 52 стр. 881', 'dateOfMarriage': '3123-12-12', 'newLastName': 'Борисова', 'anotherPersonLastName': 'Горбачева', 'anotherPersonFirstName': 'Феофан', 'anotherPersonMiddleName': 'Тимурович', 'birth_of_anotoherPerson': '8444-08-06', 'anotherPersonPassport': 'АА05202', 'birth_place': None, 'birth_mother': None, 'birth_father': None, 'birth_grandpa': None, 'birth_grandma': None, 'death_dateOfDeath': None, 'death_placeOfDeath': None}
2026-05-14 17:12:42,302 - api.endpoints.user_api - INFO - Response 200
2026-05-14 17:12:42,303 - tests_api.test_user_api - INFO - Response body: {'data': {'applicantid': 72613, 'citizenid': 65469, 'applicationid': 63921, 'merrigecertificateid': 28653}, 'requestId': '9ad95cab-ca86-4d1b-b4e2-c3165c666a66'}
2026-05-14 17:12:43,736 - api.endpoints.user_api - INFO - POST https://user:senlatest@regoffice.senla.eu/sendUserRequest | payload: {'mode': 'wedding', 'personalLastName': 'Громов', 'personalFirstName': 'Прохор', 'personalMiddleName': 'Фёдорович', 'personalPhoneNumber': '00712289', 'personalNumberOfPassport': 'ТС10179', 'personalAddress': 'пр. Угловой, д. 4 к. 7/2', 'citizenLastName': 'Доронин', 'citizenFirstName': 'Спартак', 'citizenMiddleName': 'Ефимовна', 'citizenBirthDate': '2000-03-12', 'citizenNumberOfPassport': 'НТ42042', 'citizenGender': 'жен', 'citizenAddress': 'бул. Калинина, д. 57', 'dateOfMarriage': '3123-12-12', 'newLastName': 'Волкова', 'anotherPersonLastName': 'Рыбакова', 'anotherPersonFirstName': 'Ладимир', 'anotherPersonMiddleName': 'Антипович', 'birth_of_anotoherPerson': '8444-08-06', 'anotherPersonPassport': 'ВН36308', 'birth_place': None, 'birth_mother': None, 'birth_father': None, 'birth_grandpa': None, 'birth_grandma': None, 'death_dateOfDeath': None, 'death_placeOfDeath': None}
2026-05-14 17:12:43,971 - api.endpoints.user_api - INFO - Response 200
2026-05-14 17:12:43,971 - tests_api.test_user_api - INFO - Response body: {'data': {'applicantid': 72614, 'citizenid': 65470, 'applicationid': 63922, 'merrigecertificateid': 28654}, 'requestId': '3236a3ea-9c40-4fd4-87da-c4e1a24f871e'}
2026-05-14 17:12:45,376 - api.endpoints.user_api - INFO - POST https://user:senlatest@regoffice.senla.eu/sendUserRequest | payload: {'mode': 'wedding', 'personalLastName': 'Мамонтов', 'personalFirstName': 'Надежда', 'personalMiddleName': 'Николаевна', 'personalPhoneNumber': '73104377', 'personalNumberOfPassport': 'НС75782', 'personalAddress': 'ул. Луговая, д. 95 к. 3/2', 'citizenLastName': 'Панов', 'citizenFirstName': 'Лора', 'citizenMiddleName': 'Филиппович', 'citizenBirthDate': '2000-03-12', 'citizenNumberOfPassport': 'АВ82888', 'citizenGender': 'м', 'citizenAddress': 'ул. Олимпийская, д. 959', 'dateOfMarriage': '3123-12-12', 'newLastName': 'Тимофеев', 'anotherPersonLastName': 'Мельникова', 'anotherPersonFirstName': 'Сидор', 'anotherPersonMiddleName': 'Ефремович', 'birth_of_anotoherPerson': '8444-08-06', 'anotherPersonPassport': 'ОВ05005', 'birth_place': None, 'birth_mother': None, 'birth_father': None, 'birth_grandpa': None, 'birth_grandma': None, 'death_dateOfDeath': None, 'death_placeOfDeath': None}
2026-05-14 17:12:45,620 - api.endpoints.user_api - INFO - Response 200
2026-05-14 17:12:45,621 - tests_api.test_user_api - INFO - Response body: {'data': {'applicantid': 72615, 'citizenid': 65471, 'applicationid': 63923, 'merrigecertificateid': 28655}, 'requestId': '1fe3ccbd-241f-4c9d-9fbb-407b189d1614'}
2026-05-14 17:12:47,702 - api.endpoints.user_api - INFO - POST https://user:senlatest@regoffice.senla.eu/sendUserRequest | payload: {'mode': 'wedding', 'personalLastName': 'Сафонов', 'personalFirstName': 'Любосмысл', 'personalMiddleName': 'Тихонович', 'personalPhoneNumber': '35923860', 'personalNumberOfPassport': 'АВ58610', 'personalAddress': 'пер. Куйбышева, д. 798 стр. 66', 'citizenLastName': 'Харитонов', 'citizenFirstName': 'Ерофей', 'citizenMiddleName': 'Феликсович', 'citizenBirthDate': '2000-03-12', 'citizenNumberOfPassport': 'ВВ18317', 'citizenGender': 'жен', 'citizenAddress': 'алл. Воронежская, д. 2 к. 46', 'dateOfMarriage': '3123-12-12', 'newLastName': 'Архипов', 'anotherPersonLastName': 'Тихонов', 'anotherPersonFirstName': 'Капитон', 'anotherPersonMiddleName': 'Аскольдовна', 'birth_of_anotoherPerson': '8444-08-06', 'anotherPersonPassport': 'НА40765', 'birth_place': None, 'birth_mother': None, 'birth_father': None, 'birth_grandpa': None, 'birth_grandma': None, 'death_dateOfDeath': None, 'death_placeOfDeath': None}
2026-05-14 17:12:47,928 - api.endpoints.user_api - INFO - Response 200
2026-05-14 17:12:47,929 - tests_api.test_user_api - INFO - Response body: {'data': {'applicantid': 72616, 'citizenid': 65472, 'applicationid': 63924, 'merrigecertificateid': 28656}, 'requestId': 'a9f92c89-4f9e-4571-96b0-5346fa29189c'}
2026-05-14 17:12:52,623 - api.endpoints.user_api - INFO - POST https://user:senlatest@regoffice.senla.eu/sendUserRequest | payload: {'mode': 'wedding', 'personalLastName': 'Кудряшов', 'personalFirstName': 'Евдокия', 'personalMiddleName': 'Измаилович', 'personalPhoneNumber': '43431663', 'personalNumberOfPassport': 'НВ02492', 'personalAddress': 'ш. Волкова, д. 88', 'citizenLastName': 'Попов', 'citizenFirstName': 'Матвей', 'citizenMiddleName': 'Болеславовна', 'citizenBirthDate': '2000-03-12', 'citizenNumberOfPassport': 'ВА57594', 'citizenGender': 'ж', 'citizenAddress': 'пр. Шоссейный, д. 288 стр. 6/1', 'dateOfMarriage': '3123-12-12', 'newLastName': 'Шарапов', 'anotherPersonLastName': 'Ефимов', 'anotherPersonFirstName': 'Гаврила', 'anotherPersonMiddleName': 'Архиповна', 'birth_of_anotoherPerson': '8444-08-06', 'anotherPersonPassport': 'ОС77730', 'birth_place': None, 'birth_mother': None, 'birth_father': None, 'birth_grandpa': None, 'birth_grandma': None, 'death_dateOfDeath': None, 'death_placeOfDeath': None}
2026-05-14 17:12:52,871 - api.endpoints.user_api - INFO - Response 200
2026-05-14 17:12:52,872 - tests_api.test_user_api - INFO - Response body: {'data': {'applicantid': 72617, 'citizenid': 65473, 'applicationid': 63925, 'merrigecertificateid': 28657}, 'requestId': '61d98664-522e-408d-adfa-309bf148628e'}
2026-05-14 17:12:54,519 - api.endpoints.user_api - INFO - POST https://user:senlatest@regoffice.senla.eu/sendUserRequest | payload: {'mode': 'wedding', 'personalLastName': 'Фомичев', 'personalFirstName': 'Никанор', 'personalMiddleName': 'Давидович', 'personalPhoneNumber': '79391636', 'personalNumberOfPassport': 'ОТ39188', 'personalAddress': 'пер. Тимирязева, д. 55', 'citizenLastName': 'Горбунов', 'citizenFirstName': 'Иларион', 'citizenMiddleName': 'Константиновна', 'citizenBirthDate': '2000-03-12', 'citizenNumberOfPassport': 'ВС49159', 'citizenGender': 'ж', 'citizenAddress': 'пр. Коммунальный, д. 478', 'dateOfMarriage': '3123-12-12', 'newLastName': 'Гордеева', 'anotherPersonLastName': 'Козлов', 'anotherPersonFirstName': 'Корнил', 'anotherPersonMiddleName': 'Сергеевна', 'birth_of_anotoherPerson': '8444-08-06', 'anotherPersonPassport': 'ТО79469', 'birth_place': None, 'birth_mother': None, 'birth_father': None, 'birth_grandpa': None, 'birth_grandma': None, 'death_dateOfDeath': None, 'death_placeOfDeath': None}
2026-05-14 17:12:54,755 - api.endpoints.user_api - INFO - Response 200
2026-05-14 17:12:54,755 - tests_api.test_user_api - INFO - Response body: {'data': {'applicantid': 72618, 'citizenid': 65474, 'applicationid': 63926, 'merrigecertificateid': 28658}, 'requestId': 'adcfb7c3-16c9-44a3-8371-417ca7eccc6a'}
2026-05-14 17:16:00,763 - api.endpoints.user_api - INFO - POST https://user:senlatest@regoffice.senla.eu/sendUserRequest | payload: {'mode': 'wedding', 'personalLastName': 'Лазарева', 'personalFirstName': 'Галактион', 'personalMiddleName': 'Денисович', 'personalPhoneNumber': '39453699', 'personalNumberOfPassport': 'НР63687', 'personalAddress': 'ш. Воронежское, д. 3', 'citizenLastName': 'Данилова', 'citizenFirstName': 'Флорентин', 'citizenMiddleName': 'Харитонович', 'citizenBirthDate': '1990-11-10', 'citizenNumberOfPassport': 'ТО96995', 'citizenGender': 'ж', 'citizenAddress': 'ш. Северное, д. 9 стр. 36', 'dateOfMarriage': '2025-12-30', 'newLastName': 'Лаврентьева', 'anotherPersonLastName': 'Белов', 'anotherPersonFirstName': 'Якуб', 'anotherPersonMiddleName': 'Сергеевна', 'birth_of_anotoherPerson': '1923-11-10', 'anotherPersonPassport': 'НР99608', 'birth_place': None, 'birth_mother': None, 'birth_father': None, 'birth_grandpa': None, 'birth_grandma': None, 'death_dateOfDeath': None, 'death_placeOfDeath': None}
2026-05-14 17:16:01,027 - api.endpoints.user_api - INFO - Response 200
2026-05-14 17:16:01,028 - tests_api.test_user_api - INFO - Response body: {'data': {'applicantid': 72619, 'citizenid': 65475, 'applicationid': 63927, 'merrigecertificateid': 28659}, 'requestId': '6aa06122-0fdb-4485-9cfd-87886e3bcc2c'}
2026-05-14 17:16:02,604 - api.endpoints.user_api - INFO - POST https://user:senlatest@regoffice.senla.eu/sendUserRequest | payload: {'mode': 'wedding', 'personalLastName': 'Филиппова', 'personalFirstName': 'Михаил', 'personalMiddleName': 'Станиславовна', 'personalPhoneNumber': '09446581', 'personalNumberOfPassport': 'РО96024', 'personalAddress': 'пр. Кольцова, д. 9/6 к. 467', 'citizenLastName': 'Русаков', 'citizenFirstName': 'Селиверст', 'citizenMiddleName': 'Герасимович', 'citizenBirthDate': '1916-07-21', 'citizenNumberOfPassport': 'НА28724', 'citizenGender': 'муж', 'citizenAddress': 'ш. Фрунзе, д. 689 стр. 8/8', 'dateOfMarriage': '2021-08-23', 'newLastName': 'Суворова', 'anotherPersonLastName': 'Зуева', 'anotherPersonFirstName': 'Парфен', 'anotherPersonMiddleName': 'Григорьевич', 'birth_of_anotoherPerson': '1914-09-19', 'anotherPersonPassport': 'РН29032', 'birth_place': None, 'birth_mother': None, 'birth_father': None, 'birth_grandpa': None, 'birth_grandma': None, 'death_dateOfDeath': None, 'death_placeOfDeath': None}
2026-05-14 17:16:02,868 - api.endpoints.user_api - INFO - Response 200
2026-05-14 17:16:02,869 - tests_api.test_user_api - INFO - Response body: {'data': {'applicantid': 72620, 'citizenid': 65476, 'applicationid': 63928, 'merrigecertificateid': 28660}, 'requestId': '4fcf13c5-df5f-4b52-96ba-93f21ab0a2cc'}
2026-05-14 17:16:04,473 - api.endpoints.user_api - INFO - POST https://user:senlatest@regoffice.senla.eu/sendUserRequest | payload: {'mode': 'wedding', 'personalLastName': 'Евсеева', 'personalFirstName': 'Евстафий', 'personalMiddleName': 'Наумовна', 'personalPhoneNumber': '93816758', 'personalNumberOfPassport': 'РВ76358', 'personalAddress': 'пер. Западный, д. 648', 'citizenLastName': 'Игнатьева', 'citizenFirstName': 'Синклитикия', 'citizenMiddleName': 'Михайловна', 'citizenBirthDate': '1938-06-08', 'citizenNumberOfPassport': 'РТ60343', 'citizenGender': 'м', 'citizenAddress': 'алл. Хуторская, д. 7 к. 4/5', 'dateOfMarriage': '1996-11-04', 'newLastName': 'Анисимова', 'anotherPersonLastName': 'Савина', 'anotherPersonFirstName': 'Каллистрат', 'anotherPersonMiddleName': 'Оскаровна', 'birth_of_anotoherPerson': '1968-11-14', 'anotherPersonPassport': 'АО54679', 'birth_place': None, 'birth_mother': None, 'birth_father': None, 'birth_grandpa': None, 'birth_grandma': None, 'death_dateOfDeath': None, 'death_placeOfDeath': None}
2026-05-14 17:16:04,720 - api.endpoints.user_api - INFO - Response 200
2026-05-14 17:16:04,721 - tests_api.test_user_api - INFO - Response body: {'data': {'applicantid': 72621, 'citizenid': 65477, 'applicationid': 63929, 'merrigecertificateid': 28661}, 'requestId': '1b98012f-c940-4e28-9efd-70eab54394bf'}
2026-05-14 17:16:06,887 - api.endpoints.user_api - INFO - POST https://user:senlatest@regoffice.senla.eu/sendUserRequest | payload: {'mode': 'wedding', 'personalLastName': 'Панова', 'personalFirstName': 'Таисия', 'personalMiddleName': 'Тимуровна', 'personalPhoneNumber': '37371837', 'personalNumberOfPassport': 'РА80033', 'personalAddress': 'ш. Кочубея, д. 805 стр. 505', 'citizenLastName': 'Лебедев', 'citizenFirstName': 'Лука', 'citizenMiddleName': 'Львовна', 'citizenBirthDate': '1975-04-09', 'citizenNumberOfPassport': 'РВ37591', 'citizenGender': 'ж', 'citizenAddress': 'пр. Садовый, д. 610', 'dateOfMarriage': '2017-08-25', 'newLastName': 'Лукина', 'anotherPersonLastName': 'Евдокимова', 'anotherPersonFirstName': 'Софон', 'anotherPersonMiddleName': 'Михайловна', 'birth_of_anotoherPerson': '1972-03-10', 'anotherPersonPassport': 'ОВ10168', 'birth_place': None, 'birth_mother': None, 'birth_father': None, 'birth_grandpa': None, 'birth_grandma': None, 'death_dateOfDeath': None, 'death_placeOfDeath': None}
2026-05-14 17:16:07,136 - api.endpoints.user_api - INFO - Response 200
2026-05-14 17:16:07,137 - tests_api.test_user_api - INFO - Response body: {'data': {'applicantid': 72622, 'citizenid': 65478, 'applicationid': 63930, 'merrigecertificateid': 28662}, 'requestId': '06477934-614d-4c27-bf94-0788d152ed2c'}
2026-05-14 17:16:08,046 - api.endpoints.user_api - INFO - POST https://user:senlatest@regoffice.senla.eu/sendUserRequest | payload: {'mode': 'wedding', 'personalLastName': 'Филиппова', 'personalFirstName': 'Автоном', 'personalMiddleName': 'Феликсовна', 'personalPhoneNumber': '53127056', 'personalNumberOfPassport': 'АО39825', 'personalAddress': 'пер. Пригородный, д. 30 стр. 6', 'citizenLastName': 'Соколов', 'citizenFirstName': 'Тамара', 'citizenMiddleName': 'Фадеевич', 'citizenBirthDate': '1939-12-19', 'citizenNumberOfPassport': 'СР26306', 'citizenGender': 'муж', 'citizenAddress': 'ул. Дорожников, д. 505 к. 245', 'dateOfMarriage': '2026-01-14', 'newLastName': 'Русаков', 'anotherPersonLastName': 'Кондратьев', 'anotherPersonFirstName': 'Корнил', 'anotherPersonMiddleName': 'Данилович', 'birth_of_anotoherPerson': '1911-02-12', 'anotherPersonPassport': 'СА69202', 'birth_place': None, 'birth_mother': None, 'birth_father': None, 'birth_grandpa': None, 'birth_grandma': None, 'death_dateOfDeath': None, 'death_placeOfDeath': None}
2026-05-14 17:16:08,315 - api.endpoints.user_api - INFO - Response 200
2026-05-14 17:16:08,315 - tests_api.test_user_api - INFO - Response body: {'data': {'applicantid': 72623, 'citizenid': 65479, 'applicationid': 63931, 'merrigecertificateid': 28663}, 'requestId': '54bf36a0-7baa-4497-8ea5-f6597824b49e'}
2026-05-14 17:16:09,506 - api.endpoints.user_api - INFO - POST https://user:senlatest@regoffice.senla.eu/sendUserRequest | payload: {'mode': 'wedding', 'personalLastName': 'Ермаков', 'personalFirstName': 'Ермолай', 'personalMiddleName': 'Игоревич', 'personalPhoneNumber': '10267447', 'personalNumberOfPassport': 'АН52321', 'personalAddress': 'бул. Нагорный, д. 7 к. 6/6', 'citizenLastName': 'Емельянова', 'citizenFirstName': 'Ипполит', 'citizenMiddleName': 'Ефстафьевич', 'citizenBirthDate': '2000-08-08', 'citizenNumberOfPassport': 'СО93251', 'citizenGender': 'муж', 'citizenAddress': 'бул. Маяковского, д. 6/8 к. 71', 'dateOfMarriage': '2017-06-10', 'newLastName': 'Рыбакова', 'anotherPersonLastName': 'Афанасьев', 'anotherPersonFirstName': 'Эмилия', 'anotherPersonMiddleName': 'Зиновьевич', 'birth_of_anotoherPerson': '1915-08-16', 'anotherPersonPassport': 'РР57339', 'birth_place': None, 'birth_mother': None, 'birth_father': None, 'birth_grandpa': None, 'birth_grandma': None, 'death_dateOfDeath': None, 'death_placeOfDeath': None}
2026-05-14 17:16:09,786 - api.endpoints.user_api - INFO - Response 200
2026-05-14 17:16:09,787 - tests_api.test_user_api - INFO - Response body: {'data': {'applicantid': 72624, 'citizenid': 65480, 'applicationid': 63932, 'merrigecertificateid': 28664}, 'requestId': '01c1e0c4-75e0-44f4-a7f6-00d2a4e5f747'}
2026-05-14 17:16:10,698 - api.endpoints.user_api - INFO - POST https://user:senlatest@regoffice.senla.eu/sendUserRequest | payload: {'mode': 'wedding', 'personalLastName': 'Гаврилов', 'personalFirstName': 'Варвара', 'personalMiddleName': 'Евгеньевна', 'personalPhoneNumber': '43537610', 'personalNumberOfPassport': 'ВС45764', 'personalAddress': 'наб. Бульварная, д. 393 стр. 1', 'citizenLastName': 'Гущин', 'citizenFirstName': 'Парамон', 'citizenMiddleName': 'Леонидовна', 'citizenBirthDate': '1917-11-30', 'citizenNumberOfPassport': 'АР76596', 'citizenGender': 'м', 'citizenAddress': 'алл. Флотская, д. 3/6', 'dateOfMarriage': '2024-08-06', 'newLastName': 'Шашков', 'anotherPersonLastName': 'Попова', 'anotherPersonFirstName': 'Людмила', 'anotherPersonMiddleName': 'Геннадиевич', 'birth_of_anotoherPerson': '1986-03-17', 'anotherPersonPassport': 'ТТ83377', 'birth_place': None, 'birth_mother': None, 'birth_father': None, 'birth_grandpa': None, 'birth_grandma': None, 'death_dateOfDeath': None, 'death_placeOfDeath': None}
2026-05-14 17:16:11,153 - api.endpoints.user_api - INFO - Response 200
2026-05-14 17:16:11,154 - tests_api.test_user_api - INFO - Response body: {'data': {'applicantid': 72625, 'citizenid': 65481, 'applicationid': 63933, 'merrigecertificateid': 28665}, 'requestId': 'b1c3d691-8aa8-4d69-a647-270fba7cabf3'}
2026-05-14 17:16:15,475 - api.endpoints.user_api - INFO - POST https://user:senlatest@regoffice.senla.eu/sendUserRequest | payload: {'mode': 'wedding', 'personalLastName': 'Кулакова', 'personalFirstName': 'Ксения', 'personalMiddleName': 'Федоровна', 'personalPhoneNumber': '46758041', 'personalNumberOfPassport': 'ВТ04884', 'personalAddress': 'алл. Севастопольская, д. 808', 'citizenLastName': 'Казакова', 'citizenFirstName': 'Ипполит', 'citizenMiddleName': 'Тарасович', 'citizenBirthDate': '1945-06-02', 'citizenNumberOfPassport': 'РА21251', 'citizenGender': 'жен', 'citizenAddress': 'ул. Томская, д. 4/6 к. 5/5', 'dateOfMarriage': '1999-09-18', 'newLastName': 'Белоусов', 'anotherPersonLastName': 'Кабанов', 'anotherPersonFirstName': 'Авксентий', 'anotherPersonMiddleName': 'Вилорович', 'birth_of_anotoherPerson': '1919-06-07', 'anotherPersonPassport': 'СТ96392', 'birth_place': None, 'birth_mother': None, 'birth_father': None, 'birth_grandpa': None, 'birth_grandma': None, 'death_dateOfDeath': None, 'death_placeOfDeath': None}
2026-05-14 17:16:15,705 - api.endpoints.user_api - INFO - Response 200
2026-05-14 17:16:15,706 - tests_api.test_user_api - INFO - Response body: {'data': {'applicantid': 72626, 'citizenid': 65482, 'applicationid': 63934, 'merrigecertificateid': 28666}, 'requestId': '525f3362-0972-41ab-ab15-ab78a613bb4a'}
2026-05-14 17:16:17,006 - api.endpoints.user_api - INFO - POST https://user:senlatest@regoffice.senla.eu/sendUserRequest | payload: {'mode': 'wedding', 'personalLastName': 'Медведева', 'personalFirstName': 'Чеслав', 'personalMiddleName': 'Александрович', 'personalPhoneNumber': '16850737', 'personalNumberOfPassport': 'НТ59716', 'personalAddress': 'ул. Восьмого Марта, д. 3/3 к. 1/8', 'citizenLastName': 'Артемьева', 'citizenFirstName': 'Оксана', 'citizenMiddleName': 'Федосеевич', 'citizenBirthDate': '1942-11-25', 'citizenNumberOfPassport': 'ОН33757', 'citizenGender': 'м', 'citizenAddress': 'ш. Воровского, д. 843', 'dateOfMarriage': '2008-11-28', 'newLastName': 'Воробьев', 'anotherPersonLastName': 'Степанова', 'anotherPersonFirstName': 'Венедикт', 'anotherPersonMiddleName': 'Димитриевич', 'birth_of_anotoherPerson': '1960-11-04', 'anotherPersonPassport': 'ВТ99685', 'birth_place': None, 'birth_mother': None, 'birth_father': None, 'birth_grandpa': None, 'birth_grandma': None, 'death_dateOfDeath': None, 'death_placeOfDeath': None}
2026-05-14 17:16:17,259 - api.endpoints.user_api - INFO - Response 200
2026-05-14 17:16:17,260 - tests_api.test_user_api - INFO - Response body: {'data': {'applicantid': 72627, 'citizenid': 65483, 'applicationid': 63935, 'merrigecertificateid': 28667}, 'requestId': '58d9c241-20ce-4b5a-a1ea-9c8c10edda88'}
2026-05-14 17:16:50,124 - api.endpoints.user_api - INFO - POST https://user:senlatest@regoffice.senla.eu/sendUserRequest | payload: {'mode': 'wedding', 'personalLastName': 'Русаков', 'personalFirstName': 'Антип', 'personalMiddleName': 'Давыдович', 'personalPhoneNumber': '31830310', 'personalNumberOfPassport': 'ОС67214', 'personalAddress': 'ул. Красина, д. 48 стр. 6/9', 'citizenLastName': 'Яковлева', 'citizenFirstName': 'Ия', 'citizenMiddleName': 'Августович', 'citizenBirthDate': '2007-09-07', 'citizenNumberOfPassport': 'СВ34273', 'citizenGender': 'м', 'citizenAddress': 'алл. Ясная, д. 700 к. 2/3', 'dateOfMarriage': '2018-08-27', 'newLastName': 'Казаков', 'anotherPersonLastName': 'Шестакова', 'anotherPersonFirstName': 'Валерьян', 'anotherPersonMiddleName': 'Фадеевич', 'birth_of_anotoherPerson': '1936-02-24', 'anotherPersonPassport': 'ОН28391', 'birth_place': None, 'birth_mother': None, 'birth_father': None, 'birth_grandpa': None, 'birth_grandma': None, 'death_dateOfDeath': None, 'death_placeOfDeath': None}
2026-05-14 17:16:50,371 - api.endpoints.user_api - INFO - Response 200
2026-05-14 17:16:50,372 - tests_api.test_user_api - INFO - Response body: {'data': {'applicantid': 72628, 'citizenid': 65484, 'applicationid': 63936, 'merrigecertificateid': 28668}, 'requestId': 'ea5c4f38-c98e-4554-91c1-b9f17b6ff535'}
2026-05-14 17:17:46,889 - api.endpoints.user_api - INFO - POST https://user:senlatest@regoffice.senla.eu/sendUserRequest | payload: {'mode': 'wedding', 'personalLastName': 'Бурова', 'personalFirstName': 'Трифон', 'personalMiddleName': 'Викторовна', 'personalPhoneNumber': '89788169', 'personalNumberOfPassport': 'РС22209', 'personalAddress': 'ш. 40 лет Октября, д. 74 стр. 117', 'citizenLastName': 'Нестерова', 'citizenFirstName': 'Селиверст', 'citizenMiddleName': 'Егоровна', 'citizenBirthDate': '1934-03-16', 'citizenNumberOfPassport': 'НС99397', 'citizenGender': 'м', 'citizenAddress': 'бул. Сурикова, д. 7/1 стр. 40', 'dateOfMarriage': '1998-03-20', 'newLastName': 'Алексеева', 'anotherPersonLastName': 'Никитин', 'anotherPersonFirstName': 'Якуб', 'anotherPersonMiddleName': 'Якубович', 'birth_of_anotoherPerson': '1999-01-02', 'anotherPersonPassport': 'АС67835', 'birth_place': None, 'birth_mother': None, 'birth_father': None, 'birth_grandpa': None, 'birth_grandma': None, 'death_dateOfDeath': None, 'death_placeOfDeath': None}
2026-05-14 17:17:47,144 - api.endpoints.user_api - INFO - Response 200
2026-05-14 17:17:47,145 - tests_api.test_user_api - INFO - Response body: {'data': {'applicantid': 72629, 'citizenid': 65485, 'applicationid': 63937, 'merrigecertificateid': 28669}, 'requestId': '26d951ec-4a56-41a7-90d7-cc1b40c69c3a'}
2026-05-14 17:20:17,842 - api.endpoints.user_api - INFO - POST https://user:senlatest@regoffice.senla.eu/sendUserRequest | payload: {'mode': 'wedding', 'personalLastName': 'Наумова', 'personalFirstName': 'Лукия', 'personalMiddleName': 'Валерианович', 'personalPhoneNumber': '50805390', 'personalNumberOfPassport': 'РС11258', 'personalAddress': 'бул. Моховой, д. 7/5 стр. 16', 'citizenLastName': 'Журавлев', 'citizenFirstName': 'Данила', 'citizenMiddleName': 'Вилорович', 'citizenBirthDate': '1958-12-31', 'citizenNumberOfPassport': 'НН26099', 'citizenGender': 'ж', 'citizenAddress': 'пер. Клары Цеткин, д. 137 к. 60', 'dateOfMarriage': '2005-11-26', 'newLastName': 'Соловьев', 'anotherPersonLastName': 'Шарапов', 'anotherPersonFirstName': 'Афанасий', 'anotherPersonMiddleName': 'Анатольевна', 'birth_of_anotoherPerson': '1924-08-24', 'anotherPersonPassport': 'СО60737', 'birth_place': None, 'birth_mother': None, 'birth_father': None, 'birth_grandpa': None, 'birth_grandma': None, 'death_dateOfDeath': None, 'death_placeOfDeath': None}
2026-05-14 17:20:18,080 - api.endpoints.user_api - INFO - Response 200
2026-05-14 17:20:18,081 - tests_api.test_user_api - INFO - Response body: {'data': {'applicantid': 72630, 'citizenid': 65486, 'applicationid': 63938, 'merrigecertificateid': 28670}, 'requestId': '1def5e1a-7048-4f3c-96a3-dc6da73effeb'}
2026-05-14 17:20:27,360 - api.endpoints.user_api - INFO - POST https://user:senlatest@regoffice.senla.eu/sendUserRequest | payload: {'mode': 'wedding', 'personalLastName': 'Антонов', 'personalFirstName': 'Прохор', 'personalMiddleName': 'Антоновна', 'personalPhoneNumber': '85468521', 'personalNumberOfPassport': 'ВС70404', 'personalAddress': 'ш. Нахимова, д. 5', 'citizenLastName': 'Капустина', 'citizenFirstName': 'Алевтина', 'citizenMiddleName': 'Гордеевич', 'citizenBirthDate': '1917-04-01', 'citizenNumberOfPassport': 'РТ69386', 'citizenGender': 'м', 'citizenAddress': 'алл. Полтавская, д. 776 стр. 733', 'dateOfMarriage': '2010-09-02', 'newLastName': 'Терентьева', 'anotherPersonLastName': 'Копылов', 'anotherPersonFirstName': 'Игорь', 'anotherPersonMiddleName': 'Феликсовна', 'birth_of_anotoherPerson': '1997-12-02', 'anotherPersonPassport': 'ВН71695', 'birth_place': None, 'birth_mother': None, 'birth_father': None, 'birth_grandpa': None, 'birth_grandma': None, 'death_dateOfDeath': None, 'death_placeOfDeath': None}
2026-05-14 17:20:27,608 - api.endpoints.user_api - INFO - Response 200
2026-05-14 17:20:27,609 - tests_api.test_user_api - INFO - Response body: {'data': {'applicantid': 72631, 'citizenid': 65487, 'applicationid': 63939, 'merrigecertificateid': 28671}, 'requestId': '74a37544-50fb-4a5c-8e05-7c4088545eeb'}
2026-05-14 17:20:29,684 - api.endpoints.user_api - INFO - POST https://user:senlatest@regoffice.senla.eu/sendUserRequest | payload: {'mode': 'wedding', 'personalLastName': 'Крылова', 'personalFirstName': 'Клавдий', 'personalMiddleName': 'Ефстафьевич', 'personalPhoneNumber': '45886996', 'personalNumberOfPassport': 'ВС38149', 'personalAddress': 'ш. Громова, д. 6 стр. 6', 'citizenLastName': 'Ефимова', 'citizenFirstName': 'Глафира', 'citizenMiddleName': 'Брониславович', 'citizenBirthDate': '1931-01-08', 'citizenNumberOfPassport': 'РО70657', 'citizenGender': 'м', 'citizenAddress': 'бул. Вокзальный, д. 513', 'dateOfMarriage': '2009-08-13', 'newLastName': 'Попова', 'anotherPersonLastName': 'Анисимов', 'anotherPersonFirstName': 'Елизавета', 'anotherPersonMiddleName': 'Аверьянович', 'birth_of_anotoherPerson': '1989-05-15', 'anotherPersonPassport': 'ОС40768', 'birth_place': None, 'birth_mother': None, 'birth_father': None, 'birth_grandpa': None, 'birth_grandma': None, 'death_dateOfDeath': None, 'death_placeOfDeath': None}
2026-05-14 17:20:29,930 - api.endpoints.user_api - INFO - Response 200
2026-05-14 17:20:29,931 - tests_api.test_user_api - INFO - Response body: {'data': {'applicantid': 72632, 'citizenid': 65488, 'applicationid': 63940, 'merrigecertificateid': 28672}, 'requestId': '30314b5c-1971-4a17-809f-0e9e2383bf51'}
2026-05-14 17:20:34,772 - api.endpoints.user_api - INFO - POST https://user:senlatest@regoffice.senla.eu/sendUserRequest | payload: {'mode': 'wedding', 'personalLastName': 'Молчанов', 'personalFirstName': 'Азарий', 'personalMiddleName': 'Ефимовна', 'personalPhoneNumber': '47729877', 'personalNumberOfPassport': 'ТО39131', 'personalAddress': 'ул. Монтажников, д. 6/9', 'citizenLastName': 'Абрамов', 'citizenFirstName': 'Мария', 'citizenMiddleName': 'Аркадьевна', 'citizenBirthDate': '1982-06-17', 'citizenNumberOfPassport': 'ТВ39331', 'citizenGender': 'муж', 'citizenAddress': 'пер. Привокзальный, д. 359 стр. 9', 'dateOfMarriage': '1999-01-26', 'newLastName': 'Юдин', 'anotherPersonLastName': 'Быков', 'anotherPersonFirstName': 'Николай', 'anotherPersonMiddleName': 'Валерьянович', 'birth_of_anotoherPerson': '1943-03-24', 'anotherPersonPassport': 'СВ58341', 'birth_place': None, 'birth_mother': None, 'birth_father': None, 'birth_grandpa': None, 'birth_grandma': None, 'death_dateOfDeath': None, 'death_placeOfDeath': None}
2026-05-14 17:20:35,017 - api.endpoints.user_api - INFO - Response 200
2026-05-14 17:20:35,018 - tests_api.test_user_api - INFO - Response body: {'data': {'applicantid': 72633, 'citizenid': 65489, 'applicationid': 63941, 'merrigecertificateid': 28673}, 'requestId': '182a7f2b-2de8-405a-9266-b4f4c4b73cf5'}
2026-05-14 17:20:36,695 - api.endpoints.user_api - INFO - POST https://user:senlatest@regoffice.senla.eu/sendUserRequest | payload: {'mode': 'wedding', 'personalLastName': 'Некрасов', 'personalFirstName': 'Елена', 'personalMiddleName': 'Чеславович', 'personalPhoneNumber': '92069526', 'personalNumberOfPassport': 'ОА21225', 'personalAddress': 'бул. Мелиораторов, д. 5 стр. 879', 'citizenLastName': 'Кудрявцев', 'citizenFirstName': 'Нонна', 'citizenMiddleName': 'Тимурович', 'citizenBirthDate': '1952-09-15', 'citizenNumberOfPassport': 'РР29411', 'citizenGender': 'жен', 'citizenAddress': 'пер. Осенний, д. 4/3 стр. 89', 'dateOfMarriage': '2024-04-01', 'newLastName': 'Захаров', 'anotherPersonLastName': 'Котова', 'anotherPersonFirstName': 'Фрол', 'anotherPersonMiddleName': 'Владиславовна', 'birth_of_anotoherPerson': '1971-07-11', 'anotherPersonPassport': 'ОТ49773', 'birth_place': None, 'birth_mother': None, 'birth_father': None, 'birth_grandpa': None, 'birth_grandma': None, 'death_dateOfDeath': None, 'death_placeOfDeath': None}
2026-05-14 17:20:36,957 - api.endpoints.user_api - INFO - Response 200
2026-05-14 17:20:36,957 - tests_api.test_user_api - INFO - Response body: {'data': {'applicantid': 72634, 'citizenid': 65490, 'applicationid': 63942, 'merrigecertificateid': 28674}, 'requestId': '86c3e5f8-fb16-45a6-9d81-610eca1e7f51'}
2026-05-14 17:20:58,933 - api.endpoints.user_api - INFO - POST https://user:senlatest@regoffice.senla.eu/sendUserRequest | payload: {'mode': 'wedding', 'personalLastName': 'Никитина', 'personalFirstName': 'Аггей', 'personalMiddleName': 'Игнатьевич', 'personalPhoneNumber': '18889608', 'personalNumberOfPassport': 'ОТ19862', 'personalAddress': 'пр. Жуковского, д. 66 стр. 671', 'citizenLastName': 'Трофимова', 'citizenFirstName': 'Милий', 'citizenMiddleName': 'Кирилловна', 'citizenBirthDate': '1917-12-11', 'citizenNumberOfPassport': 'АВ45868', 'citizenGender': 'ж', 'citizenAddress': 'наб. Свободы, д. 1/9 к. 177', 'dateOfMarriage': '2024-12-11', 'newLastName': 'Григорьева', 'anotherPersonLastName': 'Кузнецов', 'anotherPersonFirstName': 'Валерия', 'anotherPersonMiddleName': 'Архипович', 'birth_of_anotoherPerson': '1930-04-08', 'anotherPersonPassport': 'ВН29559', 'birth_place': None, 'birth_mother': None, 'birth_father': None, 'birth_grandpa': None, 'birth_grandma': None, 'death_dateOfDeath': None, 'death_placeOfDeath': None}
2026-05-14 17:20:59,161 - api.endpoints.user_api - INFO - Response 200
2026-05-14 17:20:59,162 - tests_api.test_user_api - INFO - Response body: {'data': {'applicantid': 72635, 'citizenid': 65491, 'applicationid': 63943, 'merrigecertificateid': 28675}, 'requestId': '5026f263-7ec3-458f-8b63-2b39a14ee59b'}
2026-05-14 17:21:07,692 - api.endpoints.user_api - INFO - POST https://user:senlatest@regoffice.senla.eu/sendUserRequest | payload: {'mode': 'wedding', 'personalLastName': 'Кузьмина', 'personalFirstName': 'Давыд', 'personalMiddleName': 'Борисович', 'personalPhoneNumber': '38193011', 'personalNumberOfPassport': 'ВА76512', 'personalAddress': 'алл. Ореховая, д. 3 к. 30', 'citizenLastName': 'Костина', 'citizenFirstName': 'Виталий', 'citizenMiddleName': 'Алексеевич', 'citizenBirthDate': '2004-12-24', 'citizenNumberOfPassport': 'АА81977', 'citizenGender': 'муж', 'citizenAddress': 'алл. 1 Мая, д. 852 стр. 29', 'dateOfMarriage': '1997-08-12', 'newLastName': 'Кузьмина', 'anotherPersonLastName': 'Миронов', 'anotherPersonFirstName': 'Евсей', 'anotherPersonMiddleName': 'Августович', 'birth_of_anotoherPerson': '1913-06-15', 'anotherPersonPassport': 'НТ37879', 'birth_place': None, 'birth_mother': None, 'birth_father': None, 'birth_grandpa': None, 'birth_grandma': None, 'death_dateOfDeath': None, 'death_placeOfDeath': None}
2026-05-14 17:21:07,931 - api.endpoints.user_api - INFO - Response 200
2026-05-14 17:21:07,932 - tests_api.test_user_api - INFO - Response body: {'data': {'applicantid': 72636, 'citizenid': 65492, 'applicationid': 63944, 'merrigecertificateid': 28676}, 'requestId': '55e14feb-d2d4-492e-82e4-8023a4470ae9'}
2026-05-14 17:23:50,971 - api.endpoints.user_api - INFO - POST https://user:senlatest@regoffice.senla.eu/sendUserRequest | payload: {'mode': 'wedding', 'personalLastName': 'Шестаков', 'personalFirstName': 'Мариан', 'personalMiddleName': 'Дмитриевна', 'personalPhoneNumber': '99408930', 'personalNumberOfPassport': '', 'personalAddress': 'наб. Металлургов, д. 4', 'citizenLastName': 'Волкова', 'citizenFirstName': 'Тимур', 'citizenMiddleName': 'Ефстафьевич', 'citizenBirthDate': '1960-07-31', 'citizenNumberOfPassport': 'ОС74835', 'citizenGender': 'ж', 'citizenAddress': 'наб. Челюскинцев, д. 5/3 стр. 522', 'dateOfMarriage': '2009-12-22', 'newLastName': 'Егоров', 'anotherPersonLastName': 'Соколов', 'anotherPersonFirstName': 'Прокл', 'anotherPersonMiddleName': 'Феодосьевич', 'birth_of_anotoherPerson': '1994-01-03', 'anotherPersonPassport': 'ТА09550', 'birth_place': None, 'birth_mother': None, 'birth_father': None, 'birth_grandpa': None, 'birth_grandma': None, 'death_dateOfDeath': None, 'death_placeOfDeath': None}
2026-05-14 17:23:51,239 - api.endpoints.user_api - INFO - Response 200
2026-05-14 17:23:51,239 - tests_api.test_user_api - INFO - Response body: {"data":{"applicantid":72637,"citizenid":65493,"applicationid":63945,"merrigecertificateid":28677},"requestId":"cc11da7c-d3fc-444f-a458-4c1eb9680f80"}
2026-05-14 17:26:18,325 - api.endpoints.user_api - INFO - POST https://user:senlatest@regoffice.senla.eu/sendUserRequest | payload: {'mode': 'wedding', 'personalLastName': 'Сазонова', 'personalFirstName': 'Таисия', 'personalMiddleName': 'Максимовна', 'personalPhoneNumber': '81121333', 'personalNumberOfPassport': None, 'personalAddress': 'пер. Васильковый, д. 70 к. 51', 'citizenLastName': 'Блохина', 'citizenFirstName': 'Светозар', 'citizenMiddleName': 'Витальевич', 'citizenBirthDate': '1962-11-05', 'citizenNumberOfPassport': 'НС53052', 'citizenGender': 'ж', 'citizenAddress': 'наб. Спартака, д. 373 стр. 716', 'dateOfMarriage': '2003-07-16', 'newLastName': 'Носов', 'anotherPersonLastName': 'Петухова', 'anotherPersonFirstName': 'Ксения', 'anotherPersonMiddleName': 'Сергеевна', 'birth_of_anotoherPerson': '1989-07-27', 'anotherPersonPassport': 'НТ96109', 'birth_place': None, 'birth_mother': None, 'birth_father': None, 'birth_grandpa': None, 'birth_grandma': None, 'death_dateOfDeath': None, 'death_placeOfDeath': None}
2026-05-14 17:26:18,556 - api.endpoints.user_api - INFO - Response 400
2026-05-14 17:26:18,557 - tests_api.test_user_api - INFO - Response body: {"code":"request error","message":"Property personalNumberOfPassport is null!"}
2026-05-14 17:27:01,496 - api.endpoints.user_api - INFO - POST https://user:senlatest@regoffice.senla.eu/sendUserRequest | payload: {'mode': 'wedding', 'personalLastName': 'Вишняков', 'personalFirstName': 'Исай', 'personalMiddleName': 'Афанасьевна', 'personalPhoneNumber': '44232645', 'personalNumberOfPassport': None, 'personalAddress': 'пер. Мельничный, д. 9 стр. 67', 'citizenLastName': 'Кулаков', 'citizenFirstName': 'Натан', 'citizenMiddleName': 'Антипович', 'citizenBirthDate': '1994-11-21', 'citizenNumberOfPassport': 'ТТ13159', 'citizenGender': 'м', 'citizenAddress': 'пр. Раздольный, д. 762 к. 1', 'dateOfMarriage': '2009-03-15', 'newLastName': 'Рогов', 'anotherPersonLastName': 'Казаков', 'anotherPersonFirstName': 'Викентий', 'anotherPersonMiddleName': 'Владиславовна', 'birth_of_anotoherPerson': '1934-11-03', 'anotherPersonPassport': 'ОН99236', 'birth_place': None, 'birth_mother': None, 'birth_father': None, 'birth_grandpa': None, 'birth_grandma': None, 'death_dateOfDeath': None, 'death_placeOfDeath': None}
2026-05-14 17:27:01,768 - api.endpoints.user_api - INFO - Response 400
2026-05-14 17:27:01,769 - tests_api.test_user_api - INFO - Response body: {"code":"request error","message":"Property personalNumberOfPassport is null!"}
2026-05-14 17:52:16,462 - api.endpoints.user_api - INFO - POST https://user:senlatest@regoffice.senla.eu/sendUserRequest | payload: {'mode': 'birth', 'personalLastName': 'Гусева', 'personalFirstName': 'Макар', 'personalMiddleName': 'Семеновна', 'personalPhoneNumber': '03134501', 'personalNumberOfPassport': 'АА785183', 'personalAddress': 'ш. Нефтяников, д. 63 стр. 4/5', 'citizenLastName': 'Кондратьев', 'citizenFirstName': 'Анжела', 'citizenMiddleName': 'Ааронович', 'citizenBirthDate': '1977.10.05', 'citizenNumberOfPassport': 'РС359842', 'citizenGender': 'жен', 'citizenAddress': 'пр. Нижний, д. 101', 'dateOfMarriage': None, 'newLastName': None, 'anotherPersonLastName': None, 'anotherPersonFirstName': None, 'anotherPersonMiddleName': None, 'birth_of_anotoherPerson': None, 'anotherPersonPassport': None, 'birth_place': 'пер. Советов, д. 9/2 стр. 5', 'birth_mother': 'Евгения Денисова Наумовна', 'birth_father': 'Рюрик Корнилов Харитонович', 'birth_grandpa': 'Авдей Дементьев Евстигнеевич', 'birth_grandma': 'Евгения Кузьмина Олеговна', 'death_dateOfDeath': None, 'death_placeOfDeath': None}
2026-05-14 17:52:16,774 - api.endpoints.user_api - INFO - Response 500
2026-05-14 17:52:16,775 - tests_api.test_user_api - INFO - response body: {'code': 'error', 'message': 'SequelizeDatabaseError'}
2026-05-14 17:54:02,320 - api.endpoints.user_api - INFO - POST https://user:senlatest@regoffice.senla.eu/sendUserRequest | payload: {'mode': 'birth', 'personalLastName': 'Филатова', 'personalFirstName': 'Радим', 'personalMiddleName': 'Терентьевич', 'personalPhoneNumber': '12160565', 'personalNumberOfPassport': 'АТ37505', 'personalAddress': 'алл. Калинина, д. 2 стр. 54', 'citizenLastName': 'Фокина', 'citizenFirstName': 'Куприян', 'citizenMiddleName': 'Измаилович', 'citizenBirthDate': '1934-03-05', 'citizenNumberOfPassport': 'РТ77669', 'citizenGender': 'жен', 'citizenAddress': 'пер. Дарвина, д. 302', 'dateOfMarriage': None, 'newLastName': None, 'anotherPersonLastName': None, 'anotherPersonFirstName': None, 'anotherPersonMiddleName': None, 'birth_of_anotoherPerson': None, 'anotherPersonPassport': None, 'birth_place': 'наб. Комарова, д. 13', 'birth_mother': 'Ольга Прохорова Валентиновна', 'birth_father': 'Ростислав Ковалев Вячеславович', 'birth_grandpa': 'Якуб Терентьев Анатольевич', 'birth_grandma': 'Эмилия Алексеева Львовна', 'death_dateOfDeath': None, 'death_placeOfDeath': None}
2026-05-14 17:54:02,546 - api.endpoints.user_api - INFO - Response 500
2026-05-14 17:54:02,546 - tests_api.test_user_api - INFO - response body: {'code': 'error', 'message': 'SequelizeDatabaseError'}
2026-05-14 17:55:23,207 - api.endpoints.user_api - INFO - POST https://user:senlatest@regoffice.senla.eu/sendUserRequest | payload: {'mode': 'birth', 'personalLastName': 'Романов', 'personalFirstName': 'Евстигней', 'personalMiddleName': 'Димитриевич', 'personalPhoneNumber': '51974673', 'personalNumberOfPassport': 'ТТ97037', 'personalAddress': 'наб. Васильковая, д. 5', 'citizenLastName': 'Колобов', 'citizenFirstName': 'Михаил', 'citizenMiddleName': 'Натановна', 'citizenBirthDate': '1958-09-19', 'citizenNumberOfPassport': 'НТ81138', 'citizenGender': 'жен', 'citizenAddress': 'ш. Котовского, д. 842 к. 6/2', 'dateOfMarriage': None, 'newLastName': None, 'anotherPersonLastName': None, 'anotherPersonFirstName': None, 'anotherPersonMiddleName': None, 'birth_of_anotoherPerson': None, 'anotherPersonPassport': None, 'birth_place': 'наб. Шолохова, д. 8', 'birth_mother': 'Марина Борисовна Симонова', 'birth_father': 'Марина Александровна Устинова', 'birth_grandpa': 'Леонтий Дорофеевич Щукин', 'birth_grandma': 'Ермаков Ермолай Захарьевич', 'death_dateOfDeath': None, 'death_placeOfDeath': None}
2026-05-14 17:55:23,498 - api.endpoints.user_api - INFO - Response 500
2026-05-14 17:55:23,498 - tests_api.test_user_api - INFO - response body: {'code': 'error', 'message': 'SequelizeDatabaseError'}
2026-05-14 17:56:11,093 - api.endpoints.user_api - INFO - POST https://user:senlatest@regoffice.senla.eu/sendUserRequest | payload: {'mode': 'birth', 'personalLastName': 'Терентьев', 'personalFirstName': 'Спартак', 'personalMiddleName': 'Ефимовна', 'personalPhoneNumber': '38493254', 'personalNumberOfPassport': 'СТ41518', 'personalAddress': 'ул. Детская, д. 3 к. 4/2', 'citizenLastName': 'Воробьев', 'citizenFirstName': 'Андрей', 'citizenMiddleName': 'Аскольдовна', 'citizenBirthDate': '1962-08-23', 'citizenNumberOfPassport': 'ВО43914', 'citizenGender': 'жен', 'citizenAddress': 'алл. Подгорная, д. 231', 'dateOfMarriage': None, 'newLastName': None, 'anotherPersonLastName': None, 'anotherPersonFirstName': None, 'anotherPersonMiddleName': None, 'birth_of_anotoherPerson': None, 'anotherPersonPassport': None, 'birth_place': 'ш. Калинина, д. 36 к. 6/3', 'birth_mother': 'Фадеев Аким Аверьянович', 'birth_father': 'Тамара Макаровна Голубева', 'birth_grandpa': 'Мартынова Жанна Павловна', 'birth_grandma': 'Валерия Игоревна Сергеева', 'death_dateOfDeath': None, 'death_placeOfDeath': None}
2026-05-14 17:56:11,299 - api.endpoints.user_api - INFO - Response 500
2026-05-14 17:56:11,300 - tests_api.test_user_api - INFO - response body: {'code': 'error', 'message': 'SequelizeDatabaseError'}
2026-05-14 17:56:21,080 - api.endpoints.user_api - INFO - POST https://user:senlatest@regoffice.senla.eu/sendUserRequest | payload: {'mode': 'wedding', 'personalLastName': 'Герасимов', 'personalFirstName': 'Сидор', 'personalMiddleName': 'Юльевич', 'personalPhoneNumber': '35591540', 'personalNumberOfPassport': 'ВР05748', 'personalAddress': 'алл. Ключевая, д. 71 к. 560', 'citizenLastName': 'Силин', 'citizenFirstName': 'Софрон', 'citizenMiddleName': 'Всеволодович', 'citizenBirthDate': '1920-12-02', 'citizenNumberOfPassport': 'СВ64873', 'citizenGender': 'м', 'citizenAddress': 'пер. Томский, д. 53 стр. 65', 'dateOfMarriage': '2021-08-13', 'newLastName': 'Сафонов', 'anotherPersonLastName': 'Соболев', 'anotherPersonFirstName': 'Евстафий', 'anotherPersonMiddleName': 'Леоновна', 'birth_of_anotoherPerson': '1922-10-28', 'anotherPersonPassport': 'НР94045', 'birth_place': None, 'birth_mother': None, 'birth_father': None, 'birth_grandpa': None, 'birth_grandma': None, 'death_dateOfDeath': None, 'death_placeOfDeath': None}
2026-05-14 17:56:21,336 - api.endpoints.user_api - INFO - Response 200
2026-05-14 17:56:21,337 - tests_api.test_user_api - INFO - Response body: {'data': {'applicantid': 72644, 'citizenid': 65500, 'applicationid': 63952, 'merrigecertificateid': 28678}, 'requestId': 'e08a9aec-00b8-4922-ac1b-6540a71340ce'}
2026-05-14 17:56:22,851 - api.endpoints.user_api - INFO - POST https://user:senlatest@regoffice.senla.eu/sendUserRequest | payload: {'mode': 'wedding', 'personalLastName': 'Савина', 'personalFirstName': 'Тит', 'personalMiddleName': 'Вячеславовна', 'personalPhoneNumber': '31198749', 'personalNumberOfPassport': 'РС97706', 'personalAddress': 'пр. Депутатский, д. 737 к. 32', 'citizenLastName': 'Мясников', 'citizenFirstName': 'Мечислав', 'citizenMiddleName': 'Ануфриевич', 'citizenBirthDate': '1970-04-28', 'citizenNumberOfPassport': 'ОА49411', 'citizenGender': 'м', 'citizenAddress': 'пер. Комсомольский, д. 23 к. 3/3', 'dateOfMarriage': '2020-09-06', 'newLastName': 'Петрова', 'anotherPersonLastName': 'Бобылев', 'anotherPersonFirstName': 'Ерофей', 'anotherPersonMiddleName': 'Викторович', 'birth_of_anotoherPerson': '1939-02-17', 'anotherPersonPassport': 'СР40640', 'birth_place': None, 'birth_mother': None, 'birth_father': None, 'birth_grandpa': None, 'birth_grandma': None, 'death_dateOfDeath': None, 'death_placeOfDeath': None}
2026-05-14 17:56:23,077 - api.endpoints.user_api - INFO - Response 200
2026-05-14 17:56:23,078 - tests_api.test_user_api - INFO - Response body: {'data': {'applicantid': 72645, 'citizenid': 65501, 'applicationid': 63953, 'merrigecertificateid': 28679}, 'requestId': '58e44a4b-d136-42d3-861a-0599e54de2d2'}
2026-05-14 17:56:24,729 - api.endpoints.user_api - INFO - POST https://user:senlatest@regoffice.senla.eu/sendUserRequest | payload: {'mode': 'wedding', 'personalLastName': 'Яковлев', 'personalFirstName': 'Петр', 'personalMiddleName': 'Георгиевич', 'personalPhoneNumber': '43680865', 'personalNumberOfPassport': 'СС44437', 'personalAddress': 'алл. М.Горького, д. 6', 'citizenLastName': 'Назарова', 'citizenFirstName': 'Нонна', 'citizenMiddleName': 'Тихонович', 'citizenBirthDate': '1937-01-29', 'citizenNumberOfPassport': 'ОВ50758', 'citizenGender': 'ж', 'citizenAddress': 'ул. Комсомольская, д. 4/8', 'dateOfMarriage': '2001-08-25', 'newLastName': 'Михайлова', 'anotherPersonLastName': 'Степанова', 'anotherPersonFirstName': 'Феофан', 'anotherPersonMiddleName': 'Валерианович', 'birth_of_anotoherPerson': '1929-02-24', 'anotherPersonPassport': 'АТ76064', 'birth_place': None, 'birth_mother': None, 'birth_father': None, 'birth_grandpa': None, 'birth_grandma': None, 'death_dateOfDeath': None, 'death_placeOfDeath': None}
2026-05-14 17:56:24,959 - api.endpoints.user_api - INFO - Response 200
2026-05-14 17:56:24,959 - tests_api.test_user_api - INFO - Response body: {'data': {'applicantid': 72646, 'citizenid': 65502, 'applicationid': 63954, 'merrigecertificateid': 28680}, 'requestId': '58c57db3-af42-49fd-8c24-b862695e0ecc'}
2026-05-14 17:57:29,058 - api.endpoints.user_api - INFO - POST https://user:senlatest@regoffice.senla.eu/sendUserRequest | payload: {'mode': 'wedding', 'personalLastName': 'Борисова', 'personalFirstName': 'Моисей', 'personalMiddleName': 'Всеволодович', 'personalPhoneNumber': '71592516', 'personalNumberOfPassport': 'ОО16576', 'personalAddress': 'бул. Пионерский, д. 6 к. 590', 'citizenLastName': 'Федорова', 'citizenFirstName': 'Аггей', 'citizenMiddleName': 'Святославовна', 'citizenBirthDate': '1929-05-02', 'citizenNumberOfPassport': 'СС83592', 'citizenGender': 'ж', 'citizenAddress': 'бул. Воронежский, д. 2', 'dateOfMarriage': '2003-07-27', 'newLastName': 'Яковлев', 'anotherPersonLastName': 'Крюкова', 'anotherPersonFirstName': 'Терентий', 'anotherPersonMiddleName': 'Елисеевич', 'birth_of_anotoherPerson': '1978-04-29', 'anotherPersonPassport': 'СР57048', 'birth_place': None, 'birth_mother': None, 'birth_father': None, 'birth_grandpa': None, 'birth_grandma': None, 'death_dateOfDeath': None, 'death_placeOfDeath': None}
2026-05-14 17:57:29,282 - api.endpoints.user_api - INFO - Response 200
2026-05-14 17:57:29,283 - tests_api.test_user_api - INFO - Response body: {'data': {'applicantid': 72647, 'citizenid': 65503, 'applicationid': 63955, 'merrigecertificateid': 28681}, 'requestId': '493fef93-6d8a-4706-b393-f4a4ee31cd6e'}
2026-05-14 17:57:31,162 - api.endpoints.user_api - INFO - POST https://user:senlatest@regoffice.senla.eu/sendUserRequest | payload: {'mode': 'wedding', 'personalLastName': 'Орлов', 'personalFirstName': 'Афиноген', 'personalMiddleName': 'Кузьминична', 'personalPhoneNumber': '20247439', 'personalNumberOfPassport': 'ОВ49903', 'personalAddress': 'ш. Луговое, д. 382 к. 243', 'citizenLastName': 'Субботина', 'citizenFirstName': 'Гостомысл', 'citizenMiddleName': 'Фомич', 'citizenBirthDate': '2004-04-23', 'citizenNumberOfPassport': 'ОР12140', 'citizenGender': 'м', 'citizenAddress': 'алл. Производственная, д. 9', 'dateOfMarriage': '1997-03-15', 'newLastName': 'Осипова', 'anotherPersonLastName': 'Осипова', 'anotherPersonFirstName': 'Серафим', 'anotherPersonMiddleName': 'Давыдович', 'birth_of_anotoherPerson': '1927-08-17', 'anotherPersonPassport': 'ТН76291', 'birth_place': None, 'birth_mother': None, 'birth_father': None, 'birth_grandpa': None, 'birth_grandma': None, 'death_dateOfDeath': None, 'death_placeOfDeath': None}
2026-05-14 17:57:31,386 - api.endpoints.user_api - INFO - Response 200
2026-05-14 17:57:31,387 - tests_api.test_user_api - INFO - Response body: {'data': {'applicantid': 72648, 'citizenid': 65504, 'applicationid': 63956, 'merrigecertificateid': 28682}, 'requestId': '1e2daefc-cadf-4089-b40e-46aa6bfe922a'}
2026-05-14 17:57:33,095 - api.endpoints.user_api - INFO - POST https://user:senlatest@regoffice.senla.eu/sendUserRequest | payload: {'mode': 'wedding', 'personalLastName': 'Кулакова', 'personalFirstName': 'Вадим', 'personalMiddleName': 'Федосьевич', 'personalPhoneNumber': '80655806', 'personalNumberOfPassport': 'ОА83903', 'personalAddress': 'ш. Просторное, д. 2 стр. 4', 'citizenLastName': 'Логинов', 'citizenFirstName': 'Ефрем', 'citizenMiddleName': 'Фомич', 'citizenBirthDate': '1981-02-15', 'citizenNumberOfPassport': 'АС21496', 'citizenGender': 'муж', 'citizenAddress': 'пр. Л.Толстого, д. 7 к. 4', 'dateOfMarriage': '2012-03-24', 'newLastName': 'Сысоев', 'anotherPersonLastName': 'Костин', 'anotherPersonFirstName': 'Федор', 'anotherPersonMiddleName': 'Демидович', 'birth_of_anotoherPerson': '1915-04-09', 'anotherPersonPassport': 'РВ25044', 'birth_place': None, 'birth_mother': None, 'birth_father': None, 'birth_grandpa': None, 'birth_grandma': None, 'death_dateOfDeath': None, 'death_placeOfDeath': None}
2026-05-14 17:57:33,330 - api.endpoints.user_api - INFO - Response 200
2026-05-14 17:57:33,331 - tests_api.test_user_api - INFO - Response body: {'data': {'applicantid': 72649, 'citizenid': 65505, 'applicationid': 63957, 'merrigecertificateid': 28683}, 'requestId': '259649da-75cd-45b5-9efe-0751ac0a4888'}
2026-05-14 17:57:34,775 - api.endpoints.user_api - INFO - POST https://user:senlatest@regoffice.senla.eu/sendUserRequest | payload: {'mode': 'wedding', 'personalLastName': 'Ширяева', 'personalFirstName': 'Осип', 'personalMiddleName': 'Леоновна', 'personalPhoneNumber': '40231865', 'personalNumberOfPassport': 'ВА67670', 'personalAddress': 'бул. Путейский, д. 14 к. 32', 'citizenLastName': 'Кулаков', 'citizenFirstName': 'Регина', 'citizenMiddleName': 'Данилович', 'citizenBirthDate': '1980-09-11', 'citizenNumberOfPassport': 'ОР03388', 'citizenGender': 'муж', 'citizenAddress': 'пр. Белинского, д. 8 стр. 3', 'dateOfMarriage': '2002-10-20', 'newLastName': 'Назаров', 'anotherPersonLastName': 'Зыков', 'anotherPersonFirstName': 'Евсей', 'anotherPersonMiddleName': 'Харлампович', 'birth_of_anotoherPerson': '2004-11-25', 'anotherPersonPassport': 'ВР42867', 'birth_place': None, 'birth_mother': None, 'birth_father': None, 'birth_grandpa': None, 'birth_grandma': None, 'death_dateOfDeath': None, 'death_placeOfDeath': None}
2026-05-14 17:57:34,999 - api.endpoints.user_api - INFO - Response 200
2026-05-14 17:57:34,999 - tests_api.test_user_api - INFO - Response body: {'data': {'applicantid': 72650, 'citizenid': 65506, 'applicationid': 63958, 'merrigecertificateid': 28684}, 'requestId': '3fe71ff7-58ea-4fb8-9fbc-035ac09cfd92'}
2026-05-14 18:00:29,589 - api.endpoints.user_api - INFO - POST https://user:senlatest@regoffice.senla.eu/sendUserRequest | payload: {'mode': 'wedding', 'personalLastName': 'Ковалева', 'personalFirstName': 'Степан', 'personalMiddleName': 'Федосьевич', 'personalPhoneNumber': '36689467', 'personalNumberOfPassport': 'НВ75045', 'personalAddress': 'пр. Ореховый, д. 7 стр. 6/2', 'citizenLastName': 'Якушева', 'citizenFirstName': 'Онуфрий', 'citizenMiddleName': 'Гавриилович', 'citizenBirthDate': '1944-12-02', 'citizenNumberOfPassport': 'АР38262', 'citizenGender': 'жен', 'citizenAddress': 'пер. Выгонный, д. 5/8 к. 34', 'dateOfMarriage': '1996-12-22', 'newLastName': 'Игнатьев', 'anotherPersonLastName': 'Федотова', 'anotherPersonFirstName': 'Натан', 'anotherPersonMiddleName': 'Владиленович', 'birth_of_anotoherPerson': '1915-03-23', 'anotherPersonPassport': 'РВ76058', 'birth_place': None, 'birth_mother': None, 'birth_father': None, 'birth_grandpa': None, 'birth_grandma': None, 'death_dateOfDeath': None, 'death_placeOfDeath': None}
2026-05-14 18:00:29,806 - api.endpoints.user_api - INFO - Response 200
2026-05-14 18:00:29,807 - tests_api.test_user_api - INFO - Response body: {'data': {'applicantid': 72651, 'citizenid': 65507, 'applicationid': 63959, 'merrigecertificateid': 28685}, 'requestId': 'e122efd8-8cec-44f5-ac9a-bb8eadbf04f8'}
2026-05-14 18:00:29,816 - api.endpoints.user_api - INFO - POST https://user:senlatest@regoffice.senla.eu/sendUserRequest | payload: {'mode': 'birth', 'personalLastName': 'Ширяева', 'personalFirstName': 'Клавдия', 'personalMiddleName': 'Артемьевич', 'personalPhoneNumber': '90382338', 'personalNumberOfPassport': 'ВС50036', 'personalAddress': 'бул. Садовый, д. 76 стр. 84', 'citizenLastName': 'Лыткина', 'citizenFirstName': 'Бажен', 'citizenMiddleName': 'Дмитриевич', 'citizenBirthDate': '1910-06-14', 'citizenNumberOfPassport': 'ОА23796', 'citizenGender': 'м', 'citizenAddress': 'ш. Коммунаров, д. 2/5 стр. 562', 'dateOfMarriage': None, 'newLastName': None, 'anotherPersonLastName': None, 'anotherPersonFirstName': None, 'anotherPersonMiddleName': None, 'birth_of_anotoherPerson': None, 'anotherPersonPassport': None, 'birth_place': 'пер. Литейный, д. 4 к. 875', 'birth_mother': 'Антонина Никифоровна Романова', 'birth_father': 'Нифонт Еремеевич Мельников', 'birth_grandpa': 'Антонин Григорьевич Власов', 'birth_grandma': 'Любомир Владиславович Иванов', 'death_dateOfDeath': None, 'death_placeOfDeath': None}
2026-05-14 18:00:29,846 - api.endpoints.user_api - INFO - Response 500
2026-05-14 18:00:29,846 - tests_api.test_user_api - INFO - response body: {'code': 'error', 'message': 'SequelizeDatabaseError'}
2026-05-14 18:00:29,922 - api.endpoints.user_api - INFO - POST https://user:senlatest@regoffice.senla.eu/sendUserRequest | payload: {'mode': 'birth', 'personalLastName': 'Блохина', 'personalFirstName': 'Василий', 'personalMiddleName': 'Викентьевич', 'personalPhoneNumber': '36978253', 'personalNumberOfPassport': 'СА91474', 'personalAddress': 'ш. Виноградное, д. 349', 'citizenLastName': 'Лаврентьев', 'citizenFirstName': 'Олимпиада', 'citizenMiddleName': 'Мироновна', 'citizenBirthDate': '1964-02-05', 'citizenNumberOfPassport': 'ТС66277', 'citizenGender': 'м', 'citizenAddress': 'ш. Орджоникидзе, д. 592', 'dateOfMarriage': None, 'newLastName': None, 'anotherPersonLastName': None, 'anotherPersonFirstName': None, 'anotherPersonMiddleName': None, 'birth_of_anotoherPerson': None, 'anotherPersonPassport': None, 'birth_place': None, 'birth_mother': 'Наина Аскольдовна Куликова', 'birth_father': 'Аполлинарий Авдеевич Гусев', 'birth_grandpa': 'Прасковья Николаевна Морозова', 'birth_grandma': 'Рюрик Якубович Евдокимов', 'death_dateOfDeath': None, 'death_placeOfDeath': None}
2026-05-14 18:00:29,943 - api.endpoints.user_api - INFO - Response 400
2026-05-14 18:00:29,943 - tests_api.test_user_api - INFO - Response body: {"code":"request error","message":"Property birth_place is null!"}
2026-05-14 18:01:15,602 - api.endpoints.user_api - INFO - POST https://user:senlatest@regoffice.senla.eu/sendUserRequest | payload: {'mode': 'birth', 'personalLastName': 'Комиссарова', 'personalFirstName': 'Каллистрат', 'personalMiddleName': 'Яковлевна', 'personalPhoneNumber': '30921567', 'personalNumberOfPassport': 'ОС40638', 'personalAddress': 'наб. Октября, д. 2/9', 'citizenLastName': 'Мишина', 'citizenFirstName': 'Поликарп', 'citizenMiddleName': 'Витальевич', 'citizenBirthDate': '1923-06-09', 'citizenNumberOfPassport': 'НО60428', 'citizenGender': 'жен', 'citizenAddress': 'ш. Спартака, д. 9/4', 'dateOfMarriage': None, 'newLastName': None, 'anotherPersonLastName': None, 'anotherPersonFirstName': None, 'anotherPersonMiddleName': None, 'birth_of_anotoherPerson': None, 'anotherPersonPassport': None, 'birth_place': 'бул. Тельмана, д. 2/9 стр. 2/2', 'birth_mother': 'Лариса Ждановна Агафонова', 'birth_father': 'Юлия Егоровна Савельева', 'birth_grandpa': 'тов. Филатова Оксана Руслановна', 'birth_grandma': 'Арсений Евстигнеевич Бобылев', 'death_dateOfDeath': None, 'death_placeOfDeath': None}
2026-05-14 18:01:15,823 - api.endpoints.user_api - INFO - Response 500
2026-05-14 18:01:15,824 - tests_api.test_user_api - INFO - response body: {'code': 'error', 'message': 'SequelizeDatabaseError'}
2026-05-14 18:01:17,970 - api.endpoints.user_api - INFO - POST https://user:senlatest@regoffice.senla.eu/sendUserRequest | payload: {'mode': 'birth', 'personalLastName': 'Журавлев', 'personalFirstName': 'Никифор', 'personalMiddleName': 'Львовна', 'personalPhoneNumber': '03128839', 'personalNumberOfPassport': 'СН54257', 'personalAddress': 'ш. Никитина, д. 398 к. 399', 'citizenLastName': 'Шарова', 'citizenFirstName': 'Остромир', 'citizenMiddleName': 'Георгиевна', 'citizenBirthDate': '1975-12-12', 'citizenNumberOfPassport': 'НР00721', 'citizenGender': 'ж', 'citizenAddress': 'ш. Сплавное, д. 3/6', 'dateOfMarriage': None, 'newLastName': None, 'anotherPersonLastName': None, 'anotherPersonFirstName': None, 'anotherPersonMiddleName': None, 'birth_of_anotoherPerson': None, 'anotherPersonPassport': None, 'birth_place': 'бул. Геологов, д. 451', 'birth_mother': 'Зоя Вячеславовна Кошелева', 'birth_father': 'Владимир Ярославович Калашников', 'birth_grandpa': 'Денисов Филимон Харитонович', 'birth_grandma': 'Бронислав Изотович Степанов', 'death_dateOfDeath': None, 'death_placeOfDeath': None}
2026-05-14 18:01:18,189 - api.endpoints.user_api - INFO - Response 500
2026-05-14 18:01:18,189 - tests_api.test_user_api - INFO - response body: {'code': 'error', 'message': 'SequelizeDatabaseError'}
2026-05-14 18:01:53,352 - api.endpoints.user_api - INFO - POST https://user:senlatest@regoffice.senla.eu/sendUserRequest | payload: {'mode': 'birth', 'personalLastName': 'Панфилова', 'personalFirstName': 'Денис', 'personalMiddleName': 'Феоктистович', 'personalPhoneNumber': '68725194', 'personalNumberOfPassport': 'ТР78241', 'personalAddress': 'алл. Специалистов, д. 972', 'citizenLastName': 'Кошелев', 'citizenFirstName': 'Еремей', 'citizenMiddleName': 'Матвеевич', 'citizenBirthDate': '1981-11-09', 'citizenNumberOfPassport': 'СТ03672', 'citizenGender': 'жен', 'citizenAddress': 'пр. Краснофлотский, д. 737 стр. 8', 'dateOfMarriage': None, 'newLastName': None, 'anotherPersonLastName': None, 'anotherPersonFirstName': None, 'anotherPersonMiddleName': None, 'birth_of_anotoherPerson': None, 'anotherPersonPassport': None, 'birth_place': 'наб. Тракторная, д. 8/9 стр. 5/9', 'birth_mother': 'fdfdsfdsfds', 'birth_father': 'fdfdsfdsfds', 'birth_grandpa': 'fdfdsfdsfds', 'birth_grandma': 'fdfdsfdsfds', 'death_dateOfDeath': None, 'death_placeOfDeath': None}
2026-05-14 18:01:53,593 - api.endpoints.user_api - INFO - Response 200
2026-05-14 18:01:53,594 - tests_api.test_user_api - INFO - response body: {'data': {'applicantid': 72655, 'citizenid': 65511, 'applicationid': 63963, 'birthcertificateid': 17535}, 'requestId': '8486c99e-1299-49a9-98cf-82ddf4e76f81'}
2026-05-14 18:01:56,416 - api.endpoints.user_api - INFO - POST https://user:senlatest@regoffice.senla.eu/sendUserRequest | payload: {'mode': 'birth', 'personalLastName': 'Кузьмина', 'personalFirstName': 'Мартьян', 'personalMiddleName': 'Фокич', 'personalPhoneNumber': '00985666', 'personalNumberOfPassport': 'РВ72847', 'personalAddress': 'бул. Омский, д. 759', 'citizenLastName': 'Фомина', 'citizenFirstName': 'Октябрина', 'citizenMiddleName': 'Венедиктович', 'citizenBirthDate': '1920-12-09', 'citizenNumberOfPassport': 'СВ34840', 'citizenGender': 'ж', 'citizenAddress': 'алл. З.Космодемьянской, д. 143 к. 299', 'dateOfMarriage': None, 'newLastName': None, 'anotherPersonLastName': None, 'anotherPersonFirstName': None, 'anotherPersonMiddleName': None, 'birth_of_anotoherPerson': None, 'anotherPersonPassport': None, 'birth_place': 'пер. Металлургов, д. 2 стр. 28', 'birth_mother': 'fdfdsfdsfds', 'birth_father': 'fdfdsfdsfds', 'birth_grandpa': 'fdfdsfdsfds', 'birth_grandma': 'fdfdsfdsfds', 'death_dateOfDeath': None, 'death_placeOfDeath': None}
2026-05-14 18:01:56,651 - api.endpoints.user_api - INFO - Response 200
2026-05-14 18:01:56,652 - tests_api.test_user_api - INFO - response body: {'data': {'applicantid': 72656, 'citizenid': 65512, 'applicationid': 63964, 'birthcertificateid': 17536}, 'requestId': '1982b51f-dd79-41a4-ac3d-ce2904c49798'}
2026-05-14 18:01:59,058 - api.endpoints.user_api - INFO - POST https://user:senlatest@regoffice.senla.eu/sendUserRequest | payload: {'mode': 'birth', 'personalLastName': 'Денисова', 'personalFirstName': 'Валентин', 'personalMiddleName': 'Феоктистович', 'personalPhoneNumber': '47628310', 'personalNumberOfPassport': 'АА40886', 'personalAddress': 'пр. Геологический, д. 7', 'citizenLastName': 'Субботина', 'citizenFirstName': 'Иннокентий', 'citizenMiddleName': 'Бориславович', 'citizenBirthDate': '1957-08-09', 'citizenNumberOfPassport': 'АН33334', 'citizenGender': 'жен', 'citizenAddress': 'наб. Песчаная, д. 8/1 к. 399', 'dateOfMarriage': None, 'newLastName': None, 'anotherPersonLastName': None, 'anotherPersonFirstName': None, 'anotherPersonMiddleName': None, 'birth_of_anotoherPerson': None, 'anotherPersonPassport': None, 'birth_place': 'пр. Кооперативный, д. 9/1 к. 65', 'birth_mother': 'fdfdsfdsfds', 'birth_father': 'fdfdsfdsfds', 'birth_grandpa': 'fdfdsfdsfds', 'birth_grandma': 'fdfdsfdsfds', 'death_dateOfDeath': None, 'death_placeOfDeath': None}
2026-05-14 18:01:59,293 - api.endpoints.user_api - INFO - Response 200
2026-05-14 18:01:59,293 - tests_api.test_user_api - INFO - response body: {'data': {'applicantid': 72657, 'citizenid': 65513, 'applicationid': 63965, 'birthcertificateid': 17537}, 'requestId': '352fbd08-7be1-4548-ac25-ab13950cfb1a'}
2026-05-14 18:02:01,877 - api.endpoints.user_api - INFO - POST https://user:senlatest@regoffice.senla.eu/sendUserRequest | payload: {'mode': 'birth', 'personalLastName': 'Белозерова', 'personalFirstName': 'Анжела', 'personalMiddleName': 'Венедиктович', 'personalPhoneNumber': '98272671', 'personalNumberOfPassport': 'ТР15080', 'personalAddress': 'пр. Красина, д. 712 к. 544', 'citizenLastName': 'Аксенова', 'citizenFirstName': 'Варвара', 'citizenMiddleName': 'Власович', 'citizenBirthDate': '1979-12-25', 'citizenNumberOfPassport': 'АВ21642', 'citizenGender': 'ж', 'citizenAddress': 'наб. Коминтерна, д. 5/2 к. 2', 'dateOfMarriage': None, 'newLastName': None, 'anotherPersonLastName': None, 'anotherPersonFirstName': None, 'anotherPersonMiddleName': None, 'birth_of_anotoherPerson': None, 'anotherPersonPassport': None, 'birth_place': 'наб. Ударная, д. 7', 'birth_mother': 'fdfdsfdsfds', 'birth_father': 'fdfdsfdsfds', 'birth_grandpa': 'fdfdsfdsfds', 'birth_grandma': 'fdfdsfdsfds', 'death_dateOfDeath': None, 'death_placeOfDeath': None}
2026-05-14 18:02:02,112 - api.endpoints.user_api - INFO - Response 200
2026-05-14 18:02:02,113 - tests_api.test_user_api - INFO - response body: {'data': {'applicantid': 72658, 'citizenid': 65514, 'applicationid': 63966, 'birthcertificateid': 17538}, 'requestId': 'cf41feae-bcb7-47b9-b2e4-a4ef7ea2f030'}
2026-05-14 18:02:03,514 - api.endpoints.user_api - INFO - POST https://user:senlatest@regoffice.senla.eu/sendUserRequest | payload: {'mode': 'birth', 'personalLastName': 'Филатов', 'personalFirstName': 'Ульян', 'personalMiddleName': 'Димитриевич', 'personalPhoneNumber': '14065861', 'personalNumberOfPassport': 'РВ00872', 'personalAddress': 'пер. Докучаева, д. 6/4 стр. 8/9', 'citizenLastName': 'Попова', 'citizenFirstName': 'Анна', 'citizenMiddleName': 'Борисович', 'citizenBirthDate': '1999-07-25', 'citizenNumberOfPassport': 'РР95341', 'citizenGender': 'м', 'citizenAddress': 'бул. Володарского, д. 8 к. 52', 'dateOfMarriage': None, 'newLastName': None, 'anotherPersonLastName': None, 'anotherPersonFirstName': None, 'anotherPersonMiddleName': None, 'birth_of_anotoherPerson': None, 'anotherPersonPassport': None, 'birth_place': 'бул. Лунный, д. 246 стр. 2', 'birth_mother': 'fdfdsfdsfds', 'birth_father': 'fdfdsfdsfds', 'birth_grandpa': 'fdfdsfdsfds', 'birth_grandma': 'fdfdsfdsfds', 'death_dateOfDeath': None, 'death_placeOfDeath': None}
2026-05-14 18:02:03,733 - api.endpoints.user_api - INFO - Response 200
2026-05-14 18:02:03,734 - tests_api.test_user_api - INFO - response body: {'data': {'applicantid': 72659, 'citizenid': 65515, 'applicationid': 63967, 'birthcertificateid': 17539}, 'requestId': 'ac8734dc-9318-48f3-aa9e-2caee84180ff'}
2026-05-14 18:02:05,543 - api.endpoints.user_api - INFO - POST https://user:senlatest@regoffice.senla.eu/sendUserRequest | payload: {'mode': 'birth', 'personalLastName': 'Матвеев', 'personalFirstName': 'Фадей', 'personalMiddleName': 'Феоктистович', 'personalPhoneNumber': '27250340', 'personalNumberOfPassport': 'ВА44516', 'personalAddress': 'ул. Волкова, д. 2 к. 7', 'citizenLastName': 'Тихонова', 'citizenFirstName': 'Василиса', 'citizenMiddleName': 'Дмитриевич', 'citizenBirthDate': '1948-09-17', 'citizenNumberOfPassport': 'РТ39426', 'citizenGender': 'муж', 'citizenAddress': 'наб. 50 лет ВЛКСМ, д. 5', 'dateOfMarriage': None, 'newLastName': None, 'anotherPersonLastName': None, 'anotherPersonFirstName': None, 'anotherPersonMiddleName': None, 'birth_of_anotoherPerson': None, 'anotherPersonPassport': None, 'birth_place': 'бул. Лунный, д. 703', 'birth_mother': 'fdfdsfdsfds', 'birth_father': 'fdfdsfdsfds', 'birth_grandpa': 'fdfdsfdsfds', 'birth_grandma': 'fdfdsfdsfds', 'death_dateOfDeath': None, 'death_placeOfDeath': None}
2026-05-14 18:02:05,797 - api.endpoints.user_api - INFO - Response 200
2026-05-14 18:02:05,798 - tests_api.test_user_api - INFO - response body: {'data': {'applicantid': 72660, 'citizenid': 65516, 'applicationid': 63968, 'birthcertificateid': 17540}, 'requestId': '7d5bdac0-a488-424d-83ec-49853b7377d7'}
2026-05-14 18:02:07,380 - api.endpoints.user_api - INFO - POST https://user:senlatest@regoffice.senla.eu/sendUserRequest | payload: {'mode': 'birth', 'personalLastName': 'Щукина', 'personalFirstName': 'Рюрик', 'personalMiddleName': 'Валентинович', 'personalPhoneNumber': '37161242', 'personalNumberOfPassport': 'ОВ35080', 'personalAddress': 'ш. Суворова, д. 9', 'citizenLastName': 'Журавлева', 'citizenFirstName': 'Лора', 'citizenMiddleName': 'Федосеевич', 'citizenBirthDate': '1980-09-30', 'citizenNumberOfPassport': 'АО02939', 'citizenGender': 'м', 'citizenAddress': 'алл. Седова, д. 678 к. 3/3', 'dateOfMarriage': None, 'newLastName': None, 'anotherPersonLastName': None, 'anotherPersonFirstName': None, 'anotherPersonMiddleName': None, 'birth_of_anotoherPerson': None, 'anotherPersonPassport': None, 'birth_place': 'ш. Заозерное, д. 14', 'birth_mother': 'fdfdsfdsfds', 'birth_father': 'fdfdsfdsfds', 'birth_grandpa': 'fdfdsfdsfds', 'birth_grandma': 'fdfdsfdsfds', 'death_dateOfDeath': None, 'death_placeOfDeath': None}
2026-05-14 18:02:07,616 - api.endpoints.user_api - INFO - Response 200
2026-05-14 18:02:07,616 - tests_api.test_user_api - INFO - response body: {'data': {'applicantid': 72661, 'citizenid': 65517, 'applicationid': 63969, 'birthcertificateid': 17541}, 'requestId': 'a26bd7f6-b36d-4bf4-adc9-587f8804abea'}
2026-05-14 18:02:17,066 - api.endpoints.user_api - INFO - POST https://user:senlatest@regoffice.senla.eu/sendUserRequest | payload: {'mode': 'wedding', 'personalLastName': 'Фролов', 'personalFirstName': 'Регина', 'personalMiddleName': 'Тимуровна', 'personalPhoneNumber': '36472214', 'personalNumberOfPassport': 'ВТ11194', 'personalAddress': 'алл. Ольховая, д. 13 стр. 4', 'citizenLastName': 'Молчанов', 'citizenFirstName': 'Лариса', 'citizenMiddleName': 'Афанасьевна', 'citizenBirthDate': '1991-08-07', 'citizenNumberOfPassport': 'ОН97436', 'citizenGender': 'муж', 'citizenAddress': 'пр. Пугачева, д. 2 к. 2', 'dateOfMarriage': '2023-01-15', 'newLastName': 'Жуков', 'anotherPersonLastName': 'Яковлев', 'anotherPersonFirstName': 'Варлаам', 'anotherPersonMiddleName': 'Устинович', 'birth_of_anotoherPerson': '1935-11-17', 'anotherPersonPassport': 'РС73718', 'birth_place': None, 'birth_mother': None, 'birth_father': None, 'birth_grandpa': None, 'birth_grandma': None, 'death_dateOfDeath': None, 'death_placeOfDeath': None}
2026-05-14 18:02:17,302 - api.endpoints.user_api - INFO - Response 200
2026-05-14 18:02:17,302 - tests_api.test_user_api - INFO - Response body: {'data': {'applicantid': 72662, 'citizenid': 65518, 'applicationid': 63970, 'merrigecertificateid': 28686}, 'requestId': '2acbedf7-7e74-4459-a614-0f9026589d1a'}
2026-05-14 18:02:17,313 - api.endpoints.user_api - INFO - POST https://user:senlatest@regoffice.senla.eu/sendUserRequest | payload: {'mode': 'birth', 'personalLastName': 'Самойлов', 'personalFirstName': 'Селиван', 'personalMiddleName': 'Ефимовна', 'personalPhoneNumber': '92625005', 'personalNumberOfPassport': 'ОВ35938', 'personalAddress': 'алл. Томская, д. 7/5 стр. 508', 'citizenLastName': 'Евсеева', 'citizenFirstName': 'Савватий', 'citizenMiddleName': 'Егоровна', 'citizenBirthDate': '1915-06-15', 'citizenNumberOfPassport': 'РВ59798', 'citizenGender': 'ж', 'citizenAddress': 'пр. 40 лет Победы, д. 750 стр. 14', 'dateOfMarriage': None, 'newLastName': None, 'anotherPersonLastName': None, 'anotherPersonFirstName': None, 'anotherPersonMiddleName': None, 'birth_of_anotoherPerson': None, 'anotherPersonPassport': None, 'birth_place': 'алл. Чкалова, д. 8/1', 'birth_mother': 'fdfdsfdsfds', 'birth_father': 'fdfdsfdsfds', 'birth_grandpa': 'fdfdsfdsfds', 'birth_grandma': 'fdfdsfdsfds', 'death_dateOfDeath': None, 'death_placeOfDeath': None}
2026-05-14 18:02:17,354 - api.endpoints.user_api - INFO - Response 200
2026-05-14 18:02:17,355 - tests_api.test_user_api - INFO - response body: {'data': {'applicantid': 72663, 'citizenid': 65519, 'applicationid': 63971, 'birthcertificateid': 17542}, 'requestId': '5f214c4a-00c9-44d8-8b91-d8282859304f'}
2026-05-14 18:02:17,364 - api.endpoints.user_api - INFO - POST https://user:senlatest@regoffice.senla.eu/sendUserRequest | payload: {'mode': 'birth', 'personalLastName': 'Беспалов', 'personalFirstName': 'Мстислав', 'personalMiddleName': 'Бориславович', 'personalPhoneNumber': '46494025', 'personalNumberOfPassport': 'РО20859', 'personalAddress': 'пер. Энергетический, д. 1 к. 3', 'citizenLastName': 'Осипова', 'citizenFirstName': 'Аникей', 'citizenMiddleName': 'Егоровна', 'citizenBirthDate': '1985-01-08', 'citizenNumberOfPassport': 'ВТ70410', 'citizenGender': 'м', 'citizenAddress': 'наб. Цветочная, д. 930', 'dateOfMarriage': None, 'newLastName': None, 'anotherPersonLastName': None, 'anotherPersonFirstName': None, 'anotherPersonMiddleName': None, 'birth_of_anotoherPerson': None, 'anotherPersonPassport': None, 'birth_place': None, 'birth_mother': 'fdfdsfdsfds', 'birth_father': 'fdfdsfdsfds', 'birth_grandpa': 'fdfdsfdsfds', 'birth_grandma': 'fdfdsfdsfds', 'death_dateOfDeath': None, 'death_placeOfDeath': None}
2026-05-14 18:02:17,396 - api.endpoints.user_api - INFO - Response 400
2026-05-14 18:02:17,396 - tests_api.test_user_api - INFO - Response body: {"code":"request error","message":"Property birth_place is null!"}
2026-05-14 18:04:40,559 - api.endpoints.user_api - INFO - POST https://user:senlatest@regoffice.senla.eu/sendUserRequest | payload: {'mode': 'wedding', 'personalLastName': 'Брагин', 'personalFirstName': 'София', 'personalMiddleName': 'Игоревна', 'personalPhoneNumber': '99201387', 'personalNumberOfPassport': 'РС62453', 'personalAddress': 'ш. Украинское, д. 3', 'citizenLastName': 'Лобанов', 'citizenFirstName': 'Остромир', 'citizenMiddleName': 'Арсеньевич', 'citizenBirthDate': '2006-08-02', 'citizenNumberOfPassport': 'ОТ44788', 'citizenGender': 'ж', 'citizenAddress': 'ул. Короткая, д. 902', 'dateOfMarriage': '2015-12-12', 'newLastName': 'Исаев', 'anotherPersonLastName': 'Капустина', 'anotherPersonFirstName': 'Тимофей', 'anotherPersonMiddleName': 'Сергеевна', 'birth_of_anotoherPerson': '1915-01-16', 'anotherPersonPassport': 'НС76489', 'birth_place': None, 'birth_mother': None, 'birth_father': None, 'birth_grandpa': None, 'birth_grandma': None, 'death_dateOfDeath': None, 'death_placeOfDeath': None}
2026-05-14 18:04:40,801 - api.endpoints.user_api - INFO - Response 200
2026-05-14 18:04:40,802 - tests_api.test_user_api - INFO - Response body: {'data': {'applicantid': 72664, 'citizenid': 65520, 'applicationid': 63972, 'merrigecertificateid': 28687}, 'requestId': '1a4cdf94-0128-4b28-a173-c05dcc6754c9'}
2026-05-14 18:04:40,812 - api.endpoints.user_api - INFO - POST https://user:senlatest@regoffice.senla.eu/sendUserRequest | payload: {'mode': 'birth', 'personalLastName': 'Зайцев', 'personalFirstName': 'Евдокия', 'personalMiddleName': 'Афанасьевна', 'personalPhoneNumber': '59188400', 'personalNumberOfPassport': 'ОН73602', 'personalAddress': 'ш. Мельничное, д. 99 к. 5', 'citizenLastName': 'Шилова', 'citizenFirstName': 'Галактион', 'citizenMiddleName': 'Иосифович', 'citizenBirthDate': '1951-08-15', 'citizenNumberOfPassport': 'АН54338', 'citizenGender': 'жен', 'citizenAddress': 'бул. Верхний, д. 61 к. 132', 'dateOfMarriage': None, 'newLastName': None, 'anotherPersonLastName': None, 'anotherPersonFirstName': None, 'anotherPersonMiddleName': None, 'birth_of_anotoherPerson': None, 'anotherPersonPassport': None, 'birth_place': 'алл. Урицкого, д. 4 к. 2', 'birth_mother': 'Онуфрий', 'birth_father': 'Ладислав', 'birth_grandpa': 'Фома', 'birth_grandma': 'Милица', 'death_dateOfDeath': None, 'death_placeOfDeath': None}
2026-05-14 18:04:40,847 - api.endpoints.user_api - INFO - Response 200
2026-05-14 18:04:40,848 - tests_api.test_user_api - INFO - response body: {'data': {'applicantid': 72665, 'citizenid': 65521, 'applicationid': 63973, 'birthcertificateid': 17543}, 'requestId': 'a7c9c69c-370c-4f7b-a5d5-7353980e746a'}
2026-05-14 18:04:40,853 - api.endpoints.user_api - INFO - POST https://user:senlatest@regoffice.senla.eu/sendUserRequest | payload: {'mode': 'birth', 'personalLastName': 'Волков', 'personalFirstName': 'Измаил', 'personalMiddleName': 'Ефстафьевич', 'personalPhoneNumber': '69485908', 'personalNumberOfPassport': 'РТ19956', 'personalAddress': 'бул. 8-е Марта, д. 256 стр. 82', 'citizenLastName': 'Маслов', 'citizenFirstName': 'Виссарион', 'citizenMiddleName': 'Антоновна', 'citizenBirthDate': '1916-05-18', 'citizenNumberOfPassport': 'ОА24594', 'citizenGender': 'м', 'citizenAddress': 'алл. Мира, д. 423 стр. 240', 'dateOfMarriage': None, 'newLastName': None, 'anotherPersonLastName': None, 'anotherPersonFirstName': None, 'anotherPersonMiddleName': None, 'birth_of_anotoherPerson': None, 'anotherPersonPassport': None, 'birth_place': None, 'birth_mother': 'Александра', 'birth_father': 'Боян', 'birth_grandpa': 'Лавр', 'birth_grandma': 'Парамон', 'death_dateOfDeath': None, 'death_placeOfDeath': None}
2026-05-14 18:04:40,875 - api.endpoints.user_api - INFO - Response 400
2026-05-14 18:04:40,875 - tests_api.test_user_api - INFO - Response body: {"code":"request error","message":"Property birth_place is null!"}
2026-05-14 18:04:42,281 - api.endpoints.user_api - INFO - POST https://user:senlatest@regoffice.senla.eu/sendUserRequest | payload: {'mode': 'wedding', 'personalLastName': 'Хохлов', 'personalFirstName': 'Вениамин', 'personalMiddleName': 'Кирилловна', 'personalPhoneNumber': '78327980', 'personalNumberOfPassport': 'НО95499', 'personalAddress': 'ул. Коммунистическая, д. 69 стр. 453', 'citizenLastName': 'Тарасов', 'citizenFirstName': 'Фрол', 'citizenMiddleName': 'Терентьевич', 'citizenBirthDate': '1969-10-03', 'citizenNumberOfPassport': 'РВ46172', 'citizenGender': 'муж', 'citizenAddress': 'ш. Седова, д. 43', 'dateOfMarriage': '2003-05-19', 'newLastName': 'Зайцев', 'anotherPersonLastName': 'Богданова', 'anotherPersonFirstName': 'Амос', 'anotherPersonMiddleName': 'Матвеевич', 'birth_of_anotoherPerson': '2004-09-13', 'anotherPersonPassport': 'ТВ57230', 'birth_place': None, 'birth_mother': None, 'birth_father': None, 'birth_grandpa': None, 'birth_grandma': None, 'death_dateOfDeath': None, 'death_placeOfDeath': None}
2026-05-14 18:04:42,533 - api.endpoints.user_api - INFO - Response 200
2026-05-14 18:04:42,533 - tests_api.test_user_api - INFO - Response body: {'data': {'applicantid': 72666, 'citizenid': 65522, 'applicationid': 63974, 'merrigecertificateid': 28688}, 'requestId': '983d4f35-b102-4ac8-856f-4e06fdc23a4a'}
2026-05-14 18:04:42,545 - api.endpoints.user_api - INFO - POST https://user:senlatest@regoffice.senla.eu/sendUserRequest | payload: {'mode': 'birth', 'personalLastName': 'Калинин', 'personalFirstName': 'Фёкла', 'personalMiddleName': 'Марсович', 'personalPhoneNumber': '99440102', 'personalNumberOfPassport': 'ОТ24422', 'personalAddress': 'пр. Большевистский, д. 153 стр. 6/4', 'citizenLastName': 'Селиверстов', 'citizenFirstName': 'Кузьма', 'citizenMiddleName': 'Авдеевич', 'citizenBirthDate': '1970-11-26', 'citizenNumberOfPassport': 'РА27857', 'citizenGender': 'м', 'citizenAddress': 'пр. Дзержинского, д. 849', 'dateOfMarriage': None, 'newLastName': None, 'anotherPersonLastName': None, 'anotherPersonFirstName': None, 'anotherPersonMiddleName': None, 'birth_of_anotoherPerson': None, 'anotherPersonPassport': None, 'birth_place': 'бул. Ивановский, д. 917 к. 9/2', 'birth_mother': 'Ермолай', 'birth_father': 'Тит', 'birth_grandpa': 'Силантий', 'birth_grandma': 'Куприян', 'death_dateOfDeath': None, 'death_placeOfDeath': None}
2026-05-14 18:04:42,586 - api.endpoints.user_api - INFO - Response 200
2026-05-14 18:04:42,587 - tests_api.test_user_api - INFO - response body: {'data': {'applicantid': 72667, 'citizenid': 65523, 'applicationid': 63975, 'birthcertificateid': 17544}, 'requestId': 'f74a39ba-eea1-4773-9d65-35b320ef49b8'}
2026-05-14 18:04:42,597 - api.endpoints.user_api - INFO - POST https://user:senlatest@regoffice.senla.eu/sendUserRequest | payload: {'mode': 'birth', 'personalLastName': 'Терентьев', 'personalFirstName': 'Трифон', 'personalMiddleName': 'Владиславович', 'personalPhoneNumber': '55676530', 'personalNumberOfPassport': 'ВА51597', 'personalAddress': 'бул. Ясный, д. 6', 'citizenLastName': 'Селиверстов', 'citizenFirstName': 'Герасим', 'citizenMiddleName': 'Валерьянович', 'citizenBirthDate': '1929-12-05', 'citizenNumberOfPassport': 'РН33664', 'citizenGender': 'жен', 'citizenAddress': 'алл. Ермака, д. 4 стр. 5', 'dateOfMarriage': None, 'newLastName': None, 'anotherPersonLastName': None, 'anotherPersonFirstName': None, 'anotherPersonMiddleName': None, 'birth_of_anotoherPerson': None, 'anotherPersonPassport': None, 'birth_place': None, 'birth_mother': 'Амвросий', 'birth_father': 'Христофор', 'birth_grandpa': 'Агафья', 'birth_grandma': 'Конон', 'death_dateOfDeath': None, 'death_placeOfDeath': None}
2026-05-14 18:04:42,623 - api.endpoints.user_api - INFO - Response 400
2026-05-14 18:04:42,624 - tests_api.test_user_api - INFO - Response body: {"code":"request error","message":"Property birth_place is null!"}
2026-05-14 18:04:43,852 - api.endpoints.user_api - INFO - POST https://user:senlatest@regoffice.senla.eu/sendUserRequest | payload: {'mode': 'wedding', 'personalLastName': 'Петров', 'personalFirstName': 'Демид', 'personalMiddleName': 'Вадимовна', 'personalPhoneNumber': '18948026', 'personalNumberOfPassport': 'ВВ11471', 'personalAddress': 'ш. Виноградное, д. 7', 'citizenLastName': 'Григорьева', 'citizenFirstName': 'Мария', 'citizenMiddleName': 'Натановна', 'citizenBirthDate': '2003-07-09', 'citizenNumberOfPassport': 'ОВ29295', 'citizenGender': 'муж', 'citizenAddress': 'пр. Санаторный, д. 86', 'dateOfMarriage': '2008-06-21', 'newLastName': 'Доронина', 'anotherPersonLastName': 'Марков', 'anotherPersonFirstName': 'Савелий', 'anotherPersonMiddleName': 'Кузьминична', 'birth_of_anotoherPerson': '1972-11-30', 'anotherPersonPassport': 'ВО18675', 'birth_place': None, 'birth_mother': None, 'birth_father': None, 'birth_grandpa': None, 'birth_grandma': None, 'death_dateOfDeath': None, 'death_placeOfDeath': None}
2026-05-14 18:04:44,095 - api.endpoints.user_api - INFO - Response 200
2026-05-14 18:04:44,096 - tests_api.test_user_api - INFO - Response body: {'data': {'applicantid': 72668, 'citizenid': 65524, 'applicationid': 63976, 'merrigecertificateid': 28689}, 'requestId': '142b7bbc-2d1b-4a76-b255-610b402252d6'}
2026-05-14 18:04:44,108 - api.endpoints.user_api - INFO - POST https://user:senlatest@regoffice.senla.eu/sendUserRequest | payload: {'mode': 'birth', 'personalLastName': 'Потапова', 'personalFirstName': 'Константин', 'personalMiddleName': 'Валерьевич', 'personalPhoneNumber': '44560146', 'personalNumberOfPassport': 'НВ43182', 'personalAddress': 'пер. Куйбышева, д. 927 стр. 42', 'citizenLastName': 'Титова', 'citizenFirstName': 'Амвросий', 'citizenMiddleName': 'Ефимовна', 'citizenBirthDate': '1913-10-04', 'citizenNumberOfPassport': 'ТС60143', 'citizenGender': 'ж', 'citizenAddress': 'наб. Жукова, д. 7 к. 7', 'dateOfMarriage': None, 'newLastName': None, 'anotherPersonLastName': None, 'anotherPersonFirstName': None, 'anotherPersonMiddleName': None, 'birth_of_anotoherPerson': None, 'anotherPersonPassport': None, 'birth_place': 'ш. Котовского, д. 2/4 к. 81', 'birth_mother': 'Авксентий', 'birth_father': 'Феоктист', 'birth_grandpa': 'Яков', 'birth_grandma': 'Эрнст', 'death_dateOfDeath': None, 'death_placeOfDeath': None}
2026-05-14 18:04:44,145 - api.endpoints.user_api - INFO - Response 200
2026-05-14 18:04:44,145 - tests_api.test_user_api - INFO - response body: {'data': {'applicantid': 72669, 'citizenid': 65525, 'applicationid': 63977, 'birthcertificateid': 17545}, 'requestId': '5f929d35-e246-4870-8571-75f5d35992f0'}
2026-05-14 18:04:44,153 - api.endpoints.user_api - INFO - POST https://user:senlatest@regoffice.senla.eu/sendUserRequest | payload: {'mode': 'birth', 'personalLastName': 'Сазонова', 'personalFirstName': 'Нинель', 'personalMiddleName': 'Дорофеевич', 'personalPhoneNumber': '81501649', 'personalNumberOfPassport': 'РВ68587', 'personalAddress': 'ш. Клары Цеткин, д. 7/5', 'citizenLastName': 'Бирюков', 'citizenFirstName': 'Вышеслав', 'citizenMiddleName': 'Иосипович', 'citizenBirthDate': '1993-09-12', 'citizenNumberOfPassport': 'АН25172', 'citizenGender': 'жен', 'citizenAddress': 'пр. Больничный, д. 2', 'dateOfMarriage': None, 'newLastName': None, 'anotherPersonLastName': None, 'anotherPersonFirstName': None, 'anotherPersonMiddleName': None, 'birth_of_anotoherPerson': None, 'anotherPersonPassport': None, 'birth_place': None, 'birth_mother': 'Филипп', 'birth_father': 'Ангелина', 'birth_grandpa': 'Савватий', 'birth_grandma': 'Алевтина', 'death_dateOfDeath': None, 'death_placeOfDeath': None}
2026-05-14 18:04:44,175 - api.endpoints.user_api - INFO - Response 400
2026-05-14 18:04:44,175 - tests_api.test_user_api - INFO - Response body: {"code":"request error","message":"Property birth_place is null!"}
2026-05-14 18:07:23,353 - api.endpoints.user_api - INFO - POST https://user:senlatest@regoffice.senla.eu/sendUserRequest | payload: {'mode': 'wedding', 'personalLastName': 'Назарова', 'personalFirstName': 'Влас', 'personalMiddleName': 'Якубович', 'personalPhoneNumber': '19664787', 'personalNumberOfPassport': 'АО83236', 'personalAddress': 'наб. Мичурина, д. 893 к. 4', 'citizenLastName': 'Сафонов', 'citizenFirstName': 'Каллистрат', 'citizenMiddleName': 'Иларионович', 'citizenBirthDate': '1991-05-31', 'citizenNumberOfPassport': 'ОН34341', 'citizenGender': 'муж', 'citizenAddress': 'наб. Сахалинская, д. 6/3 к. 911', 'dateOfMarriage': '2000-08-03', 'newLastName': 'Гуляева', 'anotherPersonLastName': 'Быков', 'anotherPersonFirstName': 'Велимир', 'anotherPersonMiddleName': 'Федотович', 'birth_of_anotoherPerson': '1923-08-18', 'anotherPersonPassport': 'ТА82329', 'birth_place': None, 'birth_mother': None, 'birth_father': None, 'birth_grandpa': None, 'birth_grandma': None, 'death_dateOfDeath': None, 'death_placeOfDeath': None}
2026-05-14 18:07:23,579 - api.endpoints.user_api - INFO - Response 200
2026-05-14 18:07:23,580 - tests_api.test_user_api - INFO - Response body: {'data': {'applicantid': 72670, 'citizenid': 65526, 'applicationid': 63978, 'merrigecertificateid': 28690}, 'requestId': 'f0fe3f2e-6945-496c-b691-c2a7c7699a78'}
2026-05-14 18:07:23,590 - api.endpoints.user_api - INFO - POST https://user:senlatest@regoffice.senla.eu/sendUserRequest | payload: {'mode': 'birth', 'personalLastName': 'Трофимова', 'personalFirstName': 'Андрей', 'personalMiddleName': 'Эдгарович', 'personalPhoneNumber': '73950625', 'personalNumberOfPassport': 'ТР06263', 'personalAddress': 'пр. Красных Партизан, д. 66', 'citizenLastName': 'Некрасов', 'citizenFirstName': 'Глеб', 'citizenMiddleName': 'Трофимович', 'citizenBirthDate': '1935-12-19', 'citizenNumberOfPassport': 'ВТ57902', 'citizenGender': 'муж', 'citizenAddress': 'ул. Докучаева, д. 43 стр. 24', 'dateOfMarriage': None, 'newLastName': None, 'anotherPersonLastName': None, 'anotherPersonFirstName': None, 'anotherPersonMiddleName': None, 'birth_of_anotoherPerson': None, 'anotherPersonPassport': None, 'birth_place': 'алл. Мичурина, д. 51', 'birth_mother': 'Маргарита Георгиевна Макарова', 'birth_father': 'Фёкла', 'birth_grandpa': 'Феофан', 'birth_grandma': 'Гедеон', 'death_dateOfDeath': None, 'death_placeOfDeath': None}
2026-05-14 18:07:23,624 - api.endpoints.user_api - INFO - Response 500
2026-05-14 18:07:23,625 - tests_api.test_user_api - INFO - response body: {'code': 'error', 'message': 'SequelizeDatabaseError'}
2026-05-14 18:07:23,697 - api.endpoints.user_api - INFO - POST https://user:senlatest@regoffice.senla.eu/sendUserRequest | payload: {'mode': 'birth', 'personalLastName': 'Фокина', 'personalFirstName': 'Ярополк', 'personalMiddleName': 'Юльевич', 'personalPhoneNumber': '67800937', 'personalNumberOfPassport': 'СС24087', 'personalAddress': 'алл. Тупиковая, д. 7', 'citizenLastName': 'Кузьмин', 'citizenFirstName': 'Поликарп', 'citizenMiddleName': 'Арсенович', 'citizenBirthDate': '1911-03-30', 'citizenNumberOfPassport': 'ВВ03108', 'citizenGender': 'м', 'citizenAddress': 'бул. Омский, д. 8/1 к. 1', 'dateOfMarriage': None, 'newLastName': None, 'anotherPersonLastName': None, 'anotherPersonFirstName': None, 'anotherPersonMiddleName': None, 'birth_of_anotoherPerson': None, 'anotherPersonPassport': None, 'birth_place': None, 'birth_mother': 'Алина Юльевна Никитина', 'birth_father': 'Татьяна', 'birth_grandpa': 'Зосима', 'birth_grandma': 'Александр', 'death_dateOfDeath': None, 'death_placeOfDeath': None}
2026-05-14 18:07:23,720 - api.endpoints.user_api - INFO - Response 400
2026-05-14 18:07:23,721 - tests_api.test_user_api - INFO - Response body: {"code":"request error","message":"Property birth_place is null!"}
2026-05-14 18:07:25,392 - api.endpoints.user_api - INFO - POST https://user:senlatest@regoffice.senla.eu/sendUserRequest | payload: {'mode': 'wedding', 'personalLastName': 'Анисимова', 'personalFirstName': 'Валентина', 'personalMiddleName': 'Григорьевна', 'personalPhoneNumber': '46429837', 'personalNumberOfPassport': 'НТ72812', 'personalAddress': 'алл. Куйбышева, д. 36 стр. 141', 'citizenLastName': 'Дроздова', 'citizenFirstName': 'Прокофий', 'citizenMiddleName': 'Рудольфовна', 'citizenBirthDate': '1945-05-17', 'citizenNumberOfPassport': 'СР52361', 'citizenGender': 'м', 'citizenAddress': 'пер. Краснопартизанский, д. 5', 'dateOfMarriage': '2016-06-05', 'newLastName': 'Стрелкова', 'anotherPersonLastName': 'Федорова', 'anotherPersonFirstName': 'Ипатий', 'anotherPersonMiddleName': 'Фролович', 'birth_of_anotoherPerson': '2009-08-03', 'anotherPersonPassport': 'СС52768', 'birth_place': None, 'birth_mother': None, 'birth_father': None, 'birth_grandpa': None, 'birth_grandma': None, 'death_dateOfDeath': None, 'death_placeOfDeath': None}
2026-05-14 18:07:25,600 - api.endpoints.user_api - INFO - Response 200
2026-05-14 18:07:25,601 - tests_api.test_user_api - INFO - Response body: {'data': {'applicantid': 72672, 'citizenid': 65528, 'applicationid': 63980, 'merrigecertificateid': 28691}, 'requestId': 'e1b5e833-9ce8-4d35-9db1-65ec9ee75804'}
2026-05-14 18:07:25,611 - api.endpoints.user_api - INFO - POST https://user:senlatest@regoffice.senla.eu/sendUserRequest | payload: {'mode': 'birth', 'personalLastName': 'Агафонов', 'personalFirstName': 'Лазарь', 'personalMiddleName': 'Арсеньевич', 'personalPhoneNumber': '53360510', 'personalNumberOfPassport': 'ОС43835', 'personalAddress': 'бул. Октябрьский, д. 789', 'citizenLastName': 'Бурова', 'citizenFirstName': 'Пелагея', 'citizenMiddleName': 'Васильевна', 'citizenBirthDate': '1923-10-24', 'citizenNumberOfPassport': 'РН34118', 'citizenGender': 'муж', 'citizenAddress': 'пер. Краснодарский, д. 95 стр. 2', 'dateOfMarriage': None, 'newLastName': None, 'anotherPersonLastName': None, 'anotherPersonFirstName': None, 'anotherPersonMiddleName': None, 'birth_of_anotoherPerson': None, 'anotherPersonPassport': None, 'birth_place': 'бул. Курский, д. 3', 'birth_mother': 'Валентина Георгиевна Рябова', 'birth_father': 'Виктория', 'birth_grandpa': 'Ермолай', 'birth_grandma': 'Леонтий', 'death_dateOfDeath': None, 'death_placeOfDeath': None}
2026-05-14 18:07:25,641 - api.endpoints.user_api - INFO - Response 500
2026-05-14 18:07:25,641 - tests_api.test_user_api - INFO - response body: {'code': 'error', 'message': 'SequelizeDatabaseError'}
2026-05-14 18:07:25,714 - api.endpoints.user_api - INFO - POST https://user:senlatest@regoffice.senla.eu/sendUserRequest | payload: {'mode': 'birth', 'personalLastName': 'Громова', 'personalFirstName': 'Назар', 'personalMiddleName': 'Ефимовна', 'personalPhoneNumber': '49363896', 'personalNumberOfPassport': 'НН32306', 'personalAddress': 'наб. Пирогова, д. 261 к. 653', 'citizenLastName': 'Артемьева', 'citizenFirstName': 'Рюрик', 'citizenMiddleName': 'Ермолаевич', 'citizenBirthDate': '1919-06-10', 'citizenNumberOfPassport': 'СА29078', 'citizenGender': 'м', 'citizenAddress': 'ул. Ворошилова, д. 519', 'dateOfMarriage': None, 'newLastName': None, 'anotherPersonLastName': None, 'anotherPersonFirstName': None, 'anotherPersonMiddleName': None, 'birth_of_anotoherPerson': None, 'anotherPersonPassport': None, 'birth_place': None, 'birth_mother': 'Красильникова Акулина Тимуровна', 'birth_father': 'Лора', 'birth_grandpa': 'Станимир', 'birth_grandma': 'Галина', 'death_dateOfDeath': None, 'death_placeOfDeath': None}
2026-05-14 18:07:25,734 - api.endpoints.user_api - INFO - Response 400
2026-05-14 18:07:25,734 - tests_api.test_user_api - INFO - Response body: {"code":"request error","message":"Property birth_place is null!"}
2026-05-14 18:07:27,388 - api.endpoints.user_api - INFO - POST https://user:senlatest@regoffice.senla.eu/sendUserRequest | payload: {'mode': 'wedding', 'personalLastName': 'Меркушев', 'personalFirstName': 'Павел', 'personalMiddleName': 'Ануфриевич', 'personalPhoneNumber': '31975719', 'personalNumberOfPassport': 'ТА70296', 'personalAddress': 'алл. Партизанская, д. 6 стр. 59', 'citizenLastName': 'Исакова', 'citizenFirstName': 'Родион', 'citizenMiddleName': 'Еремеевич', 'citizenBirthDate': '1996-01-06', 'citizenNumberOfPassport': 'СТ60503', 'citizenGender': 'м', 'citizenAddress': 'наб. Пригородная, д. 4/1 стр. 8', 'dateOfMarriage': '1997-08-07', 'newLastName': 'Зимин', 'anotherPersonLastName': 'Кудрявцев', 'anotherPersonFirstName': 'Евгения', 'anotherPersonMiddleName': 'Архиповна', 'birth_of_anotoherPerson': '2001-08-18', 'anotherPersonPassport': 'ОВ13144', 'birth_place': None, 'birth_mother': None, 'birth_father': None, 'birth_grandpa': None, 'birth_grandma': None, 'death_dateOfDeath': None, 'death_placeOfDeath': None}
2026-05-14 18:07:27,606 - api.endpoints.user_api - INFO - Response 200
2026-05-14 18:07:27,607 - tests_api.test_user_api - INFO - Response body: {'data': {'applicantid': 72674, 'citizenid': 65530, 'applicationid': 63982, 'merrigecertificateid': 28692}, 'requestId': '663d79c8-a2d8-4853-a823-fefebec85842'}
2026-05-14 18:07:27,619 - api.endpoints.user_api - INFO - POST https://user:senlatest@regoffice.senla.eu/sendUserRequest | payload: {'mode': 'birth', 'personalLastName': 'Устинов', 'personalFirstName': 'Милица', 'personalMiddleName': 'Леонидовна', 'personalPhoneNumber': '67590055', 'personalNumberOfPassport': 'СТ34581', 'personalAddress': 'бул. Крупской, д. 5/1', 'citizenLastName': 'Медведев', 'citizenFirstName': 'Модест', 'citizenMiddleName': 'Даниилович', 'citizenBirthDate': '1925-12-10', 'citizenNumberOfPassport': 'ОА44097', 'citizenGender': 'муж', 'citizenAddress': 'ул. Новоселов, д. 3 стр. 6/7', 'dateOfMarriage': None, 'newLastName': None, 'anotherPersonLastName': None, 'anotherPersonFirstName': None, 'anotherPersonMiddleName': None, 'birth_of_anotoherPerson': None, 'anotherPersonPassport': None, 'birth_place': 'ул. Подстанция, д. 4/6 к. 9', 'birth_mother': 'Валерия Вячеславовна Кулагина', 'birth_father': 'Вячеслав', 'birth_grandpa': 'Милица', 'birth_grandma': 'Эмиль', 'death_dateOfDeath': None, 'death_placeOfDeath': None}
2026-05-14 18:07:27,650 - api.endpoints.user_api - INFO - Response 500
2026-05-14 18:07:27,651 - tests_api.test_user_api - INFO - response body: {'code': 'error', 'message': 'SequelizeDatabaseError'}
2026-05-14 18:07:27,720 - api.endpoints.user_api - INFO - POST https://user:senlatest@regoffice.senla.eu/sendUserRequest | payload: {'mode': 'birth', 'personalLastName': 'Горбунов', 'personalFirstName': 'Ираклий', 'personalMiddleName': 'Федосеевич', 'personalPhoneNumber': '88836309', 'personalNumberOfPassport': 'ТР92676', 'personalAddress': 'пр. Ильича, д. 7', 'citizenLastName': 'Нестерова', 'citizenFirstName': 'Зиновий', 'citizenMiddleName': 'Бориславович', 'citizenBirthDate': '1925-01-20', 'citizenNumberOfPassport': 'АВ29278', 'citizenGender': 'ж', 'citizenAddress': 'бул. Солнечный, д. 414', 'dateOfMarriage': None, 'newLastName': None, 'anotherPersonLastName': None, 'anotherPersonFirstName': None, 'anotherPersonMiddleName': None, 'birth_of_anotoherPerson': None, 'anotherPersonPassport': None, 'birth_place': None, 'birth_mother': 'Игнатий Ярославович Виноградов', 'birth_father': 'Спартак', 'birth_grandpa': 'Бронислав', 'birth_grandma': 'Порфирий', 'death_dateOfDeath': None, 'death_placeOfDeath': None}
2026-05-14 18:07:27,743 - api.endpoints.user_api - INFO - Response 400
2026-05-14 18:07:27,744 - tests_api.test_user_api - INFO - Response body: {"code":"request error","message":"Property birth_place is null!"}
2026-05-14 18:07:29,564 - api.endpoints.user_api - INFO - POST https://user:senlatest@regoffice.senla.eu/sendUserRequest | payload: {'mode': 'wedding', 'personalLastName': 'Гущина', 'personalFirstName': 'Эраст', 'personalMiddleName': 'Константиновна', 'personalPhoneNumber': '70235586', 'personalNumberOfPassport': 'РА20936', 'personalAddress': 'пер. Тукая, д. 2/5 к. 17', 'citizenLastName': 'Кабанов', 'citizenFirstName': 'Ангелина', 'citizenMiddleName': 'Константиновна', 'citizenBirthDate': '1930-03-06', 'citizenNumberOfPassport': 'РВ14191', 'citizenGender': 'ж', 'citizenAddress': 'ул. Таманская, д. 78 стр. 6', 'dateOfMarriage': '2019-02-12', 'newLastName': 'Константинов', 'anotherPersonLastName': 'Быков', 'anotherPersonFirstName': 'Евдоким', 'anotherPersonMiddleName': 'Тарасович', 'birth_of_anotoherPerson': '1942-08-16', 'anotherPersonPassport': 'ОН33948', 'birth_place': None, 'birth_mother': None, 'birth_father': None, 'birth_grandpa': None, 'birth_grandma': None, 'death_dateOfDeath': None, 'death_placeOfDeath': None}
2026-05-14 18:07:29,805 - api.endpoints.user_api - INFO - Response 200
2026-05-14 18:07:29,806 - tests_api.test_user_api - INFO - Response body: {'data': {'applicantid': 72676, 'citizenid': 65532, 'applicationid': 63984, 'merrigecertificateid': 28693}, 'requestId': 'e243ec69-8012-4c97-9b03-a00c5872e9f5'}
2026-05-14 18:07:29,818 - api.endpoints.user_api - INFO - POST https://user:senlatest@regoffice.senla.eu/sendUserRequest | payload: {'mode': 'birth', 'personalLastName': 'Макарова', 'personalFirstName': 'Мокей', 'personalMiddleName': 'Григорьевич', 'personalPhoneNumber': '14553544', 'personalNumberOfPassport': 'НР01545', 'personalAddress': 'бул. Ленина, д. 2/8 стр. 81', 'citizenLastName': 'Доронин', 'citizenFirstName': 'Станимир', 'citizenMiddleName': 'Арсеньевич', 'citizenBirthDate': '1928-12-03', 'citizenNumberOfPassport': 'ВР75681', 'citizenGender': 'муж', 'citizenAddress': 'ш. З.Космодемьянской, д. 86 стр. 166', 'dateOfMarriage': None, 'newLastName': None, 'anotherPersonLastName': None, 'anotherPersonFirstName': None, 'anotherPersonMiddleName': None, 'birth_of_anotoherPerson': None, 'anotherPersonPassport': None, 'birth_place': 'наб. Тракторная, д. 68 к. 64', 'birth_mother': 'Аникей Игнатьевич Лебедев', 'birth_father': 'Азарий', 'birth_grandpa': 'Ювеналий', 'birth_grandma': 'Клавдия', 'death_dateOfDeath': None, 'death_placeOfDeath': None}
2026-05-14 18:07:29,858 - api.endpoints.user_api - INFO - Response 500
2026-05-14 18:07:29,858 - tests_api.test_user_api - INFO - response body: {'code': 'error', 'message': 'SequelizeDatabaseError'}
2026-05-14 18:07:29,933 - api.endpoints.user_api - INFO - POST https://user:senlatest@regoffice.senla.eu/sendUserRequest | payload: {'mode': 'birth', 'personalLastName': 'Голубева', 'personalFirstName': 'Ефрем', 'personalMiddleName': 'Леоновна', 'personalPhoneNumber': '69098690', 'personalNumberOfPassport': 'СН97986', 'personalAddress': 'пер. Фурманова, д. 711', 'citizenLastName': 'Селезнев', 'citizenFirstName': 'Регина', 'citizenMiddleName': 'Ивановна', 'citizenBirthDate': '1997-03-19', 'citizenNumberOfPassport': 'СО93697', 'citizenGender': 'ж', 'citizenAddress': 'бул. Смирнова, д. 8 стр. 4/5', 'dateOfMarriage': None, 'newLastName': None, 'anotherPersonLastName': None, 'anotherPersonFirstName': None, 'anotherPersonMiddleName': None, 'birth_of_anotoherPerson': None, 'anotherPersonPassport': None, 'birth_place': None, 'birth_mother': 'Логинов Елисей Захарьевич', 'birth_father': 'Наина', 'birth_grandpa': 'Ладислав', 'birth_grandma': 'Харлампий', 'death_dateOfDeath': None, 'death_placeOfDeath': None}
2026-05-14 18:07:29,957 - api.endpoints.user_api - INFO - Response 400
2026-05-14 18:07:29,958 - tests_api.test_user_api - INFO - Response body: {"code":"request error","message":"Property birth_place is null!"}
2026-05-14 18:07:32,152 - api.endpoints.user_api - INFO - POST https://user:senlatest@regoffice.senla.eu/sendUserRequest | payload: {'mode': 'wedding', 'personalLastName': 'Пестова', 'personalFirstName': 'Лидия', 'personalMiddleName': 'Устинович', 'personalPhoneNumber': '50614700', 'personalNumberOfPassport': 'СН58785', 'personalAddress': 'ш. Октября, д. 8 стр. 32', 'citizenLastName': 'Шубин', 'citizenFirstName': 'Агап', 'citizenMiddleName': 'Ефимьевич', 'citizenBirthDate': '1925-12-30', 'citizenNumberOfPassport': 'ВА01363', 'citizenGender': 'м', 'citizenAddress': 'наб. Фрунзе, д. 65 к. 45', 'dateOfMarriage': '2000-01-07', 'newLastName': 'Лыткин', 'anotherPersonLastName': 'Щукин', 'anotherPersonFirstName': 'Юлия', 'anotherPersonMiddleName': 'Матвеевна', 'birth_of_anotoherPerson': '1921-06-20', 'anotherPersonPassport': 'ОН54921', 'birth_place': None, 'birth_mother': None, 'birth_father': None, 'birth_grandpa': None, 'birth_grandma': None, 'death_dateOfDeath': None, 'death_placeOfDeath': None}
2026-05-14 18:07:32,382 - api.endpoints.user_api - INFO - Response 200
2026-05-14 18:07:32,383 - tests_api.test_user_api - INFO - Response body: {'data': {'applicantid': 72678, 'citizenid': 65534, 'applicationid': 63986, 'merrigecertificateid': 28694}, 'requestId': '3b038444-5fe4-46c9-b93d-d80bf626cfb6'}
2026-05-14 18:07:32,393 - api.endpoints.user_api - INFO - POST https://user:senlatest@regoffice.senla.eu/sendUserRequest | payload: {'mode': 'birth', 'personalLastName': 'Зиновьева', 'personalFirstName': 'Иван', 'personalMiddleName': 'Ефимовна', 'personalPhoneNumber': '95827863', 'personalNumberOfPassport': 'РН20558', 'personalAddress': 'ул. Почтовая, д. 181 стр. 68', 'citizenLastName': 'Кулагина', 'citizenFirstName': 'Клавдий', 'citizenMiddleName': 'Викторовна', 'citizenBirthDate': '1956-06-08', 'citizenNumberOfPassport': 'РО97800', 'citizenGender': 'м', 'citizenAddress': 'пр. Привольный, д. 185 стр. 594', 'dateOfMarriage': None, 'newLastName': None, 'anotherPersonLastName': None, 'anotherPersonFirstName': None, 'anotherPersonMiddleName': None, 'birth_of_anotoherPerson': None, 'anotherPersonPassport': None, 'birth_place': 'ш. Демьяна Бедного, д. 39', 'birth_mother': 'Гришин Валентин Георгиевич', 'birth_father': 'Кирилл', 'birth_grandpa': 'Эмиль', 'birth_grandma': 'Ангелина', 'death_dateOfDeath': None, 'death_placeOfDeath': None}
2026-05-14 18:07:32,427 - api.endpoints.user_api - INFO - Response 500
2026-05-14 18:07:32,428 - tests_api.test_user_api - INFO - response body: {'code': 'error', 'message': 'SequelizeDatabaseError'}
2026-05-14 18:07:32,498 - api.endpoints.user_api - INFO - POST https://user:senlatest@regoffice.senla.eu/sendUserRequest | payload: {'mode': 'birth', 'personalLastName': 'Виноградова', 'personalFirstName': 'Эмиль', 'personalMiddleName': 'Феодосьевич', 'personalPhoneNumber': '87456834', 'personalNumberOfPassport': 'ТС86414', 'personalAddress': 'пр. Железнодорожный, д. 6/5 стр. 70', 'citizenLastName': 'Одинцов', 'citizenFirstName': 'Всемил', 'citizenMiddleName': 'Матвеевич', 'citizenBirthDate': '1985-11-26', 'citizenNumberOfPassport': 'СА02485', 'citizenGender': 'жен', 'citizenAddress': 'алл. Островского, д. 5/6', 'dateOfMarriage': None, 'newLastName': None, 'anotherPersonLastName': None, 'anotherPersonFirstName': None, 'anotherPersonMiddleName': None, 'birth_of_anotoherPerson': None, 'anotherPersonPassport': None, 'birth_place': None, 'birth_mother': 'Кошелев Юрий Эдгардович', 'birth_father': 'Ермил', 'birth_grandpa': 'Варфоломей', 'birth_grandma': 'Сигизмунд', 'death_dateOfDeath': None, 'death_placeOfDeath': None}
2026-05-14 18:07:32,524 - api.endpoints.user_api - INFO - Response 400
2026-05-14 18:07:32,525 - tests_api.test_user_api - INFO - Response body: {"code":"request error","message":"Property birth_place is null!"}
2026-05-14 18:07:34,219 - api.endpoints.user_api - INFO - POST https://user:senlatest@regoffice.senla.eu/sendUserRequest | payload: {'mode': 'wedding', 'personalLastName': 'Самсонова', 'personalFirstName': 'Ираклий', 'personalMiddleName': 'Чеславович', 'personalPhoneNumber': '92695557', 'personalNumberOfPassport': 'РВ69540', 'personalAddress': 'бул. Озерный, д. 7', 'citizenLastName': 'Евдокимов', 'citizenFirstName': 'Станимир', 'citizenMiddleName': 'Денисович', 'citizenBirthDate': '1982-05-09', 'citizenNumberOfPassport': 'ВА04120', 'citizenGender': 'ж', 'citizenAddress': 'ул. Литейная, д. 1', 'dateOfMarriage': '2016-03-07', 'newLastName': 'Осипов', 'anotherPersonLastName': 'Федотов', 'anotherPersonFirstName': 'Зоя', 'anotherPersonMiddleName': 'Германович', 'birth_of_anotoherPerson': '1961-01-21', 'anotherPersonPassport': 'ТС95444', 'birth_place': None, 'birth_mother': None, 'birth_father': None, 'birth_grandpa': None, 'birth_grandma': None, 'death_dateOfDeath': None, 'death_placeOfDeath': None}
2026-05-14 18:07:34,439 - api.endpoints.user_api - INFO - Response 200
2026-05-14 18:07:34,440 - tests_api.test_user_api - INFO - Response body: {'data': {'applicantid': 72680, 'citizenid': 65536, 'applicationid': 63988, 'merrigecertificateid': 28695}, 'requestId': 'a8ef24c2-4905-4fd4-a6a6-42dbf9f43a00'}
2026-05-14 18:07:34,451 - api.endpoints.user_api - INFO - POST https://user:senlatest@regoffice.senla.eu/sendUserRequest | payload: {'mode': 'birth', 'personalLastName': 'Белов', 'personalFirstName': 'Евдокия', 'personalMiddleName': 'Бориславович', 'personalPhoneNumber': '05333460', 'personalNumberOfPassport': 'АС33850', 'personalAddress': 'ул. Большая, д. 2/2 стр. 5', 'citizenLastName': 'Емельянов', 'citizenFirstName': 'Карл', 'citizenMiddleName': 'Бориславович', 'citizenBirthDate': '1957-08-23', 'citizenNumberOfPassport': 'СН63954', 'citizenGender': 'муж', 'citizenAddress': 'бул. Урицкого, д. 6/7 к. 9', 'dateOfMarriage': None, 'newLastName': None, 'anotherPersonLastName': None, 'anotherPersonFirstName': None, 'anotherPersonMiddleName': None, 'birth_of_anotoherPerson': None, 'anotherPersonPassport': None, 'birth_place': 'пр. Таманский, д. 8 стр. 1/2', 'birth_mother': 'Воронцов Герман Дорофеевич', 'birth_father': 'Митофан', 'birth_grandpa': 'Данила', 'birth_grandma': 'Радим', 'death_dateOfDeath': None, 'death_placeOfDeath': None}
2026-05-14 18:07:34,482 - api.endpoints.user_api - INFO - Response 500
2026-05-14 18:07:34,482 - tests_api.test_user_api - INFO - response body: {'code': 'error', 'message': 'SequelizeDatabaseError'}
2026-05-14 18:07:34,550 - api.endpoints.user_api - INFO - POST https://user:senlatest@regoffice.senla.eu/sendUserRequest | payload: {'mode': 'birth', 'personalLastName': 'Шубина', 'personalFirstName': 'Анжела', 'personalMiddleName': 'Фадеевич', 'personalPhoneNumber': '81181586', 'personalNumberOfPassport': 'ТО38170', 'personalAddress': 'ул. Первомайская, д. 361 стр. 4/7', 'citizenLastName': 'Беспалова', 'citizenFirstName': 'Борис', 'citizenMiddleName': 'Борисович', 'citizenBirthDate': '1918-09-16', 'citizenNumberOfPassport': 'ТР50850', 'citizenGender': 'м', 'citizenAddress': 'бул. Заводской, д. 2 к. 4/3', 'dateOfMarriage': None, 'newLastName': None, 'anotherPersonLastName': None, 'anotherPersonFirstName': None, 'anotherPersonMiddleName': None, 'birth_of_anotoherPerson': None, 'anotherPersonPassport': None, 'birth_place': None, 'birth_mother': 'Олимпий Харлампьевич Марков', 'birth_father': 'Тарас', 'birth_grandpa': 'Владилен', 'birth_grandma': 'Модест', 'death_dateOfDeath': None, 'death_placeOfDeath': None}
2026-05-14 18:07:34,572 - api.endpoints.user_api - INFO - Response 400
2026-05-14 18:07:34,572 - tests_api.test_user_api - INFO - Response body: {"code":"request error","message":"Property birth_place is null!"}
2026-05-14 19:51:04,269 - api.endpoints.user_api - INFO - POST https://user:senlatest@regoffice.senla.eu/sendUserRequest | payload: {'mode': 'wedding', 'personalLastName': 'Стрелков', 'personalFirstName': 'Лора', 'personalMiddleName': 'Иосифович', 'personalPhoneNumber': '51539048', 'personalNumberOfPassport': 'АН45747', 'personalAddress': 'ул. Медицинская, д. 34', 'citizenLastName': 'Зыкова', 'citizenFirstName': 'Надежда', 'citizenMiddleName': 'Игоревна', 'citizenBirthDate': '1916-02-13', 'citizenNumberOfPassport': 'ВН34094', 'citizenGender': 'муж', 'citizenAddress': 'ш. Заовражное, д. 47 к. 687', 'dateOfMarriage': '2000-08-20', 'newLastName': 'Исаков', 'anotherPersonLastName': 'Носов', 'anotherPersonFirstName': 'Никон', 'anotherPersonMiddleName': 'Харитонович', 'birth_of_anotoherPerson': '1978-08-26', 'anotherPersonPassport': 'ТВ80387', 'birth_place': None, 'birth_mother': None, 'birth_father': None, 'birth_grandpa': None, 'birth_grandma': None, 'death_dateOfDeath': None, 'death_placeOfDeath': None}
2026-05-14 19:51:05,012 - api.endpoints.user_api - INFO - Response 200
2026-05-14 19:51:05,013 - tests_api.test_user_api - INFO - Response body: {'data': {'applicantid': 72682, 'citizenid': 65538, 'applicationid': 63990, 'merrigecertificateid': 28696}, 'requestId': '49e3a926-3e03-4568-aec3-a09b52f0521e'}
2026-05-14 19:51:05,024 - api.endpoints.user_api - INFO - POST https://user:senlatest@regoffice.senla.eu/sendUserRequest | payload: {'mode': 'birth', 'personalLastName': 'Орехова', 'personalFirstName': 'Руслан', 'personalMiddleName': 'Ермилович', 'personalPhoneNumber': '86593135', 'personalNumberOfPassport': 'ОС07497', 'personalAddress': 'пер. Юности, д. 1/6', 'citizenLastName': 'Горшков', 'citizenFirstName': 'Панкратий', 'citizenMiddleName': 'Кузьминична', 'citizenBirthDate': '1953-04-19', 'citizenNumberOfPassport': 'НР96944', 'citizenGender': 'ж', 'citizenAddress': 'пер. Лазо, д. 3/5', 'dateOfMarriage': None, 'newLastName': None, 'anotherPersonLastName': None, 'anotherPersonFirstName': None, 'anotherPersonMiddleName': None, 'birth_of_anotoherPerson': None, 'anotherPersonPassport': None, 'birth_place': 'пер. Воровского, д. 3/1 к. 1', 'birth_mother': 'Соколов Леонид Феликсович', 'birth_father': 'Харитон', 'birth_grandpa': 'Никон', 'birth_grandma': 'Синклитикия', 'death_dateOfDeath': None, 'death_placeOfDeath': None}
2026-05-14 19:51:05,106 - api.endpoints.user_api - INFO - Response 500
2026-05-14 19:51:05,107 - tests_api.test_user_api - INFO - response body: {'code': 'error', 'message': 'SequelizeDatabaseError'}
2026-05-14 19:51:05,185 - api.endpoints.user_api - INFO - POST https://user:senlatest@regoffice.senla.eu/sendUserRequest | payload: {'mode': 'wedding', 'personalLastName': 'Брагина', 'personalFirstName': 'Таисия', 'personalMiddleName': 'Анисимович', 'personalPhoneNumber': '10703991', 'personalNumberOfPassport': None, 'personalAddress': 'пер. Иркутский, д. 3/6 стр. 26', 'citizenLastName': 'Попова', 'citizenFirstName': 'Ирина', 'citizenMiddleName': 'Владимировна', 'citizenBirthDate': '1971-10-19', 'citizenNumberOfPassport': 'ОВ64035', 'citizenGender': 'ж', 'citizenAddress': 'пр. 40 лет Октября, д. 5/3', 'dateOfMarriage': '2020-12-01', 'newLastName': 'Королева', 'anotherPersonLastName': 'Павлова', 'anotherPersonFirstName': 'Кирилл', 'anotherPersonMiddleName': 'Леоновна', 'birth_of_anotoherPerson': '2006-12-26', 'anotherPersonPassport': 'СР09643', 'birth_place': None, 'birth_mother': None, 'birth_father': None, 'birth_grandpa': None, 'birth_grandma': None, 'death_dateOfDeath': None, 'death_placeOfDeath': None}
2026-05-14 19:51:05,265 - api.endpoints.user_api - INFO - Response 400
2026-05-14 19:51:05,266 - tests_api.test_user_api - INFO - Response body: {"code":"request error","message":"Property personalNumberOfPassport is null!"}
2026-05-14 19:51:05,272 - api.endpoints.user_api - INFO - POST https://user:senlatest@regoffice.senla.eu/sendUserRequest | payload: {'mode': 'birth', 'personalLastName': 'Михайлов', 'personalFirstName': 'Марфа', 'personalMiddleName': 'Гертрудович', 'personalPhoneNumber': '47857013', 'personalNumberOfPassport': 'РО23940', 'personalAddress': 'наб. Вахитова, д. 39 стр. 88', 'citizenLastName': 'Орлова', 'citizenFirstName': 'Никон', 'citizenMiddleName': 'Чеславович', 'citizenBirthDate': '1930-12-27', 'citizenNumberOfPassport': 'АР14009', 'citizenGender': 'муж', 'citizenAddress': 'ш. Новое, д. 438 стр. 4/9', 'dateOfMarriage': None, 'newLastName': None, 'anotherPersonLastName': None, 'anotherPersonFirstName': None, 'anotherPersonMiddleName': None, 'birth_of_anotoherPerson': None, 'anotherPersonPassport': None, 'birth_place': None, 'birth_mother': 'Ермолай Аверьянович Федосеев', 'birth_father': 'Светлана', 'birth_grandpa': 'Олимпий', 'birth_grandma': 'Маргарита', 'death_dateOfDeath': None, 'death_placeOfDeath': None}
2026-05-14 19:51:05,358 - api.endpoints.user_api - INFO - Response 400
2026-05-14 19:51:05,358 - tests_api.test_user_api - INFO - Response body: {"code":"request error","message":"Property birth_place is null!"}
2026-05-14 19:52:32,669 - api.endpoints.user_api - INFO - POST https://user:senlatest@regoffice.senla.eu/sendUserRequest | payload: {'mode': 'wedding', 'personalLastName': 'Калашникова', 'personalFirstName': 'Федор', 'personalMiddleName': 'Иосипович', 'personalPhoneNumber': '04605727', 'personalNumberOfPassport': 'РН74230', 'personalAddress': 'ш. Декабристов, д. 49', 'citizenLastName': 'Павлова', 'citizenFirstName': 'Дорофей', 'citizenMiddleName': 'Харитонович', 'citizenBirthDate': '1950-07-29', 'citizenNumberOfPassport': 'ТТ63637', 'citizenGender': 'м', 'citizenAddress': 'бул. Пограничный, д. 52', 'dateOfMarriage': '2005-06-25', 'newLastName': 'Кошелев', 'anotherPersonLastName': 'Карпова', 'anotherPersonFirstName': 'Сергей', 'anotherPersonMiddleName': 'Феликсович', 'birth_of_anotoherPerson': '1960-01-10', 'anotherPersonPassport': 'НО41694', 'birth_place': None, 'birth_mother': None, 'birth_father': None, 'birth_grandpa': None, 'birth_grandma': None, 'death_dateOfDeath': None, 'death_placeOfDeath': None}
2026-05-14 19:52:33,049 - api.endpoints.user_api - INFO - Response 200
2026-05-14 19:52:33,049 - tests_api.test_user_api - INFO - Response body: {'data': {'applicantid': 72684, 'citizenid': 65540, 'applicationid': 63992, 'merrigecertificateid': 28697}, 'requestId': '153d5b59-8b2d-4ae8-83af-148ce7d121d0'}
2026-05-14 19:52:33,059 - api.endpoints.user_api - INFO - POST https://user:senlatest@regoffice.senla.eu/sendUserRequest | payload: {'mode': 'birth', 'personalLastName': 'Михайлова', 'personalFirstName': 'Аверьян', 'personalMiddleName': 'Егоровна', 'personalPhoneNumber': '94628108', 'personalNumberOfPassport': 'ТР86531', 'personalAddress': 'наб. Халтурина, д. 82', 'citizenLastName': 'Панова', 'citizenFirstName': 'Ростислав', 'citizenMiddleName': 'Сергеевна', 'citizenBirthDate': '1971-04-25', 'citizenNumberOfPassport': 'РТ89412', 'citizenGender': 'муж', 'citizenAddress': 'бул. Красноярский, д. 6', 'dateOfMarriage': None, 'newLastName': None, 'anotherPersonLastName': None, 'anotherPersonFirstName': None, 'anotherPersonMiddleName': None, 'birth_of_anotoherPerson': None, 'anotherPersonPassport': None, 'birth_place': 'ул. Кирпичная, д. 57', 'birth_mother': 'Сидор', 'birth_father': 'Порфирий', 'birth_grandpa': 'Спартак', 'birth_grandma': 'Ипполит', 'death_dateOfDeath': None, 'death_placeOfDeath': None}
2026-05-14 19:52:33,116 - api.endpoints.user_api - INFO - Response 200
2026-05-14 19:52:33,117 - tests_api.test_user_api - INFO - response body: {'data': {'applicantid': 72685, 'citizenid': 65541, 'applicationid': 63993, 'birthcertificateid': 17546}, 'requestId': '084997fc-9d1d-4df2-aad2-034e2f9c0897'}
2026-05-14 19:52:33,125 - api.endpoints.user_api - INFO - POST https://user:senlatest@regoffice.senla.eu/sendUserRequest | payload: {'mode': 'wedding', 'personalLastName': 'Гришин', 'personalFirstName': 'Алина', 'personalMiddleName': 'Егорович', 'personalPhoneNumber': '36465548', 'personalNumberOfPassport': None, 'personalAddress': 'бул. Пожарского, д. 9', 'citizenLastName': 'Белова', 'citizenFirstName': 'Корнил', 'citizenMiddleName': 'Ефимовна', 'citizenBirthDate': '1960-08-12', 'citizenNumberOfPassport': 'РВ15489', 'citizenGender': 'ж', 'citizenAddress': 'бул. Новгородский, д. 18 к. 4/9', 'dateOfMarriage': '2015-04-10', 'newLastName': 'Волкова', 'anotherPersonLastName': 'Журавлева', 'anotherPersonFirstName': 'Анжелика', 'anotherPersonMiddleName': 'Артемьевич', 'birth_of_anotoherPerson': '1971-10-24', 'anotherPersonPassport': 'СО92072', 'birth_place': None, 'birth_mother': None, 'birth_father': None, 'birth_grandpa': None, 'birth_grandma': None, 'death_dateOfDeath': None, 'death_placeOfDeath': None}
2026-05-14 19:52:33,222 - api.endpoints.user_api - INFO - Response 400
2026-05-14 19:52:33,223 - tests_api.test_user_api - INFO - Response body: {"code":"request error","message":"Property personalNumberOfPassport is null!"}
2026-05-14 19:52:33,232 - api.endpoints.user_api - INFO - POST https://user:senlatest@regoffice.senla.eu/sendUserRequest | payload: {'mode': 'birth', 'personalLastName': 'Жданова', 'personalFirstName': 'Никандр', 'personalMiddleName': 'Эдуардовна', 'personalPhoneNumber': '81735941', 'personalNumberOfPassport': 'СТ30508', 'personalAddress': 'пер. Клары Цеткин, д. 3/2 к. 852', 'citizenLastName': 'Сорокин', 'citizenFirstName': 'Егор', 'citizenMiddleName': 'Ждановна', 'citizenBirthDate': '1995-08-05', 'citizenNumberOfPassport': 'АС22269', 'citizenGender': 'жен', 'citizenAddress': 'пер. Лунный, д. 1 стр. 327', 'dateOfMarriage': None, 'newLastName': None, 'anotherPersonLastName': None, 'anotherPersonFirstName': None, 'anotherPersonMiddleName': None, 'birth_of_anotoherPerson': None, 'anotherPersonPassport': None, 'birth_place': None, 'birth_mother': 'Радован', 'birth_father': 'Алла', 'birth_grandpa': 'Нифонт', 'birth_grandma': 'Лора', 'death_dateOfDeath': None, 'death_placeOfDeath': None}
2026-05-14 19:52:33,310 - api.endpoints.user_api - INFO - Response 400
2026-05-14 19:52:33,311 - tests_api.test_user_api - INFO - Response body: {"code":"request error","message":"Property birth_place is null!"}
2026-05-14 19:55:34,052 - api.endpoints.admin_api - INFO - POST https://user:senlatest@regoffice.senla.eu/sendAdminRequest | payload: {'personalLastName': 'dfdsfsdf', 'personalFirstName': 'dfdsfsdf', 'personalMiddleName': 'dfdsfsdf', 'personalPhoneNumber': '2132132', 'personalNumberOfPassport': 'А2312545', 'dateofbirth': '1999.01.01'}
2026-05-14 19:55:34,482 - api.endpoints.admin_api - INFO - Response 200
2026-05-14 19:55:34,483 - tests_api.test_admin_api - INFO - Response body: {'data': {'staffid': 35153}, 'requestId': 'aecefe73-17a8-4652-b77b-db9e9197e2bc'}
2026-05-14 19:55:34,494 - api.endpoints.admin_api - INFO - POST https://user:senlatest@regoffice.senla.eu/sendAdminRequest | payload: {'personalLastName': '', 'personalFirstName': 'dfdsfsdf', 'personalMiddleName': 'dfdsfsdf', 'personalPhoneNumber': '2132132', 'personalNumberOfPassport': 'А2312545', 'dateofbirth': '1999.01.01'}
2026-05-14 19:55:34,554 - api.endpoints.admin_api - INFO - Response 200
2026-05-14 19:55:34,554 - tests_api.test_admin_api - INFO - Response body: {"data":{"staffid":35154},"requestId":"ca212302-8547-4830-a261-28eddab0f127"}
2026-05-14 19:58:30,823 - api.endpoints.admin_api - INFO - POST https://user:senlatest@regoffice.senla.eu/sendAdminRequest | payload: {'personalLastName': 'dfdsfsdf', 'personalFirstName': 'dfdsfsdf', 'personalMiddleName': 'dfdsfsdf', 'personalPhoneNumber': '2132132', 'personalNumberOfPassport': 'А2312545', 'dateofbirth': '1999.01.01'}
2026-05-14 19:58:31,192 - api.endpoints.admin_api - INFO - Response 200
2026-05-14 19:58:31,192 - tests_api.test_admin_api - INFO - Response body: {'data': {'staffid': 35155}, 'requestId': '12f16a02-ebf3-462e-8e23-00c793969570'}
2026-05-14 19:58:31,204 - api.endpoints.admin_api - INFO - POST https://user:senlatest@regoffice.senla.eu/sendAdminRequest | payload: {'personalLastName': None, 'personalFirstName': 'dfdsfsdf', 'personalMiddleName': 'dfdsfsdf', 'personalPhoneNumber': '2132132', 'personalNumberOfPassport': 'А2312545', 'dateofbirth': '1999.01.01'}
2026-05-14 19:58:31,245 - api.endpoints.admin_api - INFO - Response 400
2026-05-14 19:58:31,246 - tests_api.test_admin_api - INFO - Response body: {"code":"request error","message":"Property personalLastName is null!"}
2026-05-14 20:01:59,304 - api.endpoints.admin_api - INFO - POST https://user:senlatest@regoffice.senla.eu/sendAdminRequest | payload: {'personalLastName': 'dfdsfsdf', 'personalFirstName': 'dfdsfsdf', 'personalMiddleName': 'dfdsfsdf', 'personalPhoneNumber': '2132132', 'personalNumberOfPassport': 'А2312545', 'dateofbirth': '1999.01.01'}
2026-05-14 20:01:59,737 - api.endpoints.admin_api - INFO - Response 200
2026-05-14 20:01:59,738 - tests_api.test_admin_api - INFO - Response body: {'data': {'staffid': 35156}, 'requestId': 'a4e367ad-71d0-4997-a6bc-b8999c558cdd'}
2026-05-14 20:01:59,749 - api.endpoints.admin_api - INFO - POST https://user:senlatest@regoffice.senla.eu/sendAdminRequest | payload: {'personalLastName': None, 'personalFirstName': 'dfdsfsdf', 'personalMiddleName': 'dfdsfsdf', 'personalPhoneNumber': '2132132', 'personalNumberOfPassport': 'А2312545', 'dateofbirth': '1999.01.01'}
2026-05-14 20:01:59,816 - api.endpoints.admin_api - INFO - Response 400
2026-05-14 20:01:59,817 - tests_api.test_admin_api - INFO - Response body: {"code":"request error","message":"Property personalLastName is null!"}
2026-05-14 20:02:01,370 - api.endpoints.admin_api - INFO - POST https://user:senlatest@regoffice.senla.eu/sendAdminRequest | payload: {'personalLastName': 'dfdsfsdf', 'personalFirstName': 'dfdsfsdf', 'personalMiddleName': 'dfdsfsdf', 'personalPhoneNumber': '2132132', 'personalNumberOfPassport': 'А2312545', 'dateofbirth': '1999.01.01'}
2026-05-14 20:02:01,791 - api.endpoints.admin_api - INFO - Response 200
2026-05-14 20:02:01,792 - tests_api.test_admin_api - INFO - Response body: {'data': {'staffid': 35157}, 'requestId': '982065aa-a9cd-44af-a323-277c095b626f'}
2026-05-14 20:02:01,803 - api.endpoints.admin_api - INFO - POST https://user:senlatest@regoffice.senla.eu/sendAdminRequest | payload: {'personalLastName': None, 'personalFirstName': 'dfdsfsdf', 'personalMiddleName': 'dfdsfsdf', 'personalPhoneNumber': '2132132', 'personalNumberOfPassport': 'А2312545', 'dateofbirth': '1999.01.01'}
2026-05-14 20:02:01,873 - api.endpoints.admin_api - INFO - Response 400
2026-05-14 20:02:01,874 - tests_api.test_admin_api - INFO - Response body: {"code":"request error","message":"Property personalLastName is null!"}
2026-05-14 22:48:57,888 - tests_api.test_user_api - INFO - Payload: {'mode': 'wedding', 'personalLastName': 'Нестеров', 'personalFirstName': 'Никанор', 'personalMiddleName': 'Вячеславович', 'personalPhoneNumber': '53729962', 'personalNumberOfPassport': 'НА89473', 'personalAddress': 'ш. Коммунаров, д. 7/8 стр. 1/7', 'citizenLastName': 'Терентьева', 'citizenFirstName': 'Велимир', 'citizenMiddleName': 'Владимировна', 'citizenBirthDate': '1987-12-21', 'citizenNumberOfPassport': 'ТН45975', 'citizenGender': 'жен', 'citizenAddress': 'наб. Боровая, д. 6/8 стр. 3', 'dateOfMarriage': '2022-01-11', 'newLastName': 'Исаков', 'anotherPersonLastName': 'Давыдов', 'anotherPersonFirstName': 'Ирина', 'anotherPersonMiddleName': 'Филипповна', 'birth_of_anotoherPerson': '1910-07-08', 'anotherPersonPassport': 'ТА60608', 'birth_place': None, 'birth_mother': None, 'birth_father': None, 'birth_grandpa': None, 'birth_grandma': None, 'death_dateOfDeath': None, 'death_placeOfDeath': None}
2026-05-14 22:48:57,889 - api.endpoints.user_api - INFO - POST https://user:senlatest@regoffice.senla.eu/sendUserRequest | payload: {'mode': 'wedding', 'personalLastName': 'Нестеров', 'personalFirstName': 'Никанор', 'personalMiddleName': 'Вячеславович', 'personalPhoneNumber': '53729962', 'personalNumberOfPassport': 'НА89473', 'personalAddress': 'ш. Коммунаров, д. 7/8 стр. 1/7', 'citizenLastName': 'Терентьева', 'citizenFirstName': 'Велимир', 'citizenMiddleName': 'Владимировна', 'citizenBirthDate': '1987-12-21', 'citizenNumberOfPassport': 'ТН45975', 'citizenGender': 'жен', 'citizenAddress': 'наб. Боровая, д. 6/8 стр. 3', 'dateOfMarriage': '2022-01-11', 'newLastName': 'Исаков', 'anotherPersonLastName': 'Давыдов', 'anotherPersonFirstName': 'Ирина', 'anotherPersonMiddleName': 'Филипповна', 'birth_of_anotoherPerson': '1910-07-08', 'anotherPersonPassport': 'ТА60608', 'birth_place': None, 'birth_mother': None, 'birth_father': None, 'birth_grandpa': None, 'birth_grandma': None, 'death_dateOfDeath': None, 'death_placeOfDeath': None}
2026-05-14 22:48:58,499 - api.endpoints.user_api - INFO - Response 200
2026-05-14 22:48:58,500 - tests_api.test_user_api - INFO - Response body: {'data': {'applicantid': 72686, 'citizenid': 65542, 'applicationid': 63994, 'merrigecertificateid': 28698}, 'requestId': 'f0918aba-2f74-49e3-a257-c07e8825354d'}
2026-05-14 22:48:58,511 - tests_api.test_user_api - INFO - Payload: {'mode': 'birth', 'personalLastName': 'Терентьева', 'personalFirstName': 'Ираида', 'personalMiddleName': 'Макаровна', 'personalPhoneNumber': '77218763', 'personalNumberOfPassport': 'РО48872', 'personalAddress': 'алл. Фабричная, д. 9/6 к. 507', 'citizenLastName': 'Гусева', 'citizenFirstName': 'Арсений', 'citizenMiddleName': 'Ермилович', 'citizenBirthDate': '1998-05-10', 'citizenNumberOfPassport': 'ОА44683', 'citizenGender': 'муж', 'citizenAddress': 'пр. Хуторской, д. 123', 'dateOfMarriage': None, 'newLastName': None, 'anotherPersonLastName': None, 'anotherPersonFirstName': None, 'anotherPersonMiddleName': None, 'birth_of_anotoherPerson': None, 'anotherPersonPassport': None, 'birth_place': 'ш. Высотное, д. 9/6 стр. 9', 'birth_mother': 'Панфил', 'birth_father': 'Руслан', 'birth_grandpa': 'Евдоким', 'birth_grandma': 'Октябрина', 'death_dateOfDeath': None, 'death_placeOfDeath': None}
2026-05-14 22:48:58,512 - api.endpoints.user_api - INFO - POST https://user:senlatest@regoffice.senla.eu/sendUserRequest | payload: {'mode': 'birth', 'personalLastName': 'Терентьева', 'personalFirstName': 'Ираида', 'personalMiddleName': 'Макаровна', 'personalPhoneNumber': '77218763', 'personalNumberOfPassport': 'РО48872', 'personalAddress': 'алл. Фабричная, д. 9/6 к. 507', 'citizenLastName': 'Гусева', 'citizenFirstName': 'Арсений', 'citizenMiddleName': 'Ермилович', 'citizenBirthDate': '1998-05-10', 'citizenNumberOfPassport': 'ОА44683', 'citizenGender': 'муж', 'citizenAddress': 'пр. Хуторской, д. 123', 'dateOfMarriage': None, 'newLastName': None, 'anotherPersonLastName': None, 'anotherPersonFirstName': None, 'anotherPersonMiddleName': None, 'birth_of_anotoherPerson': None, 'anotherPersonPassport': None, 'birth_place': 'ш. Высотное, д. 9/6 стр. 9', 'birth_mother': 'Панфил', 'birth_father': 'Руслан', 'birth_grandpa': 'Евдоким', 'birth_grandma': 'Октябрина', 'death_dateOfDeath': None, 'death_placeOfDeath': None}
2026-05-14 22:48:58,589 - api.endpoints.user_api - INFO - Response 200
2026-05-14 22:48:58,589 - tests_api.test_user_api - INFO - response body: {'data': {'applicantid': 72687, 'citizenid': 65543, 'applicationid': 63995, 'birthcertificateid': 17547}, 'requestId': '08679f2e-d4a7-42f1-a6fe-c2b5cea10b51'}
2026-05-14 22:48:58,598 - api.endpoints.user_api - INFO - POST https://user:senlatest@regoffice.senla.eu/sendUserRequest | payload: {'mode': 'wedding', 'personalLastName': 'Сидоров', 'personalFirstName': 'Вениамин', 'personalMiddleName': 'Вячеславовна', 'personalPhoneNumber': '63514184', 'personalNumberOfPassport': None, 'personalAddress': 'ш. Пирогова, д. 21 стр. 314', 'citizenLastName': 'Гуляев', 'citizenFirstName': 'Феоктист', 'citizenMiddleName': 'Адамович', 'citizenBirthDate': '1990-05-19', 'citizenNumberOfPassport': 'ТА87907', 'citizenGender': 'ж', 'citizenAddress': 'ш. 50 лет Победы, д. 89 к. 7', 'dateOfMarriage': '2007-05-20', 'newLastName': 'Никонова', 'anotherPersonLastName': 'Лазарев', 'anotherPersonFirstName': 'Богдан', 'anotherPersonMiddleName': 'Эдуардовна', 'birth_of_anotoherPerson': '1954-01-05', 'anotherPersonPassport': 'НС06243', 'birth_place': None, 'birth_mother': None, 'birth_father': None, 'birth_grandpa': None, 'birth_grandma': None, 'death_dateOfDeath': None, 'death_placeOfDeath': None}
2026-05-14 22:48:58,695 - api.endpoints.user_api - INFO - Response 400
2026-05-14 22:48:58,696 - tests_api.test_user_api - INFO - Response body: {"code":"request error","message":"Property personalNumberOfPassport is null!"}
2026-05-14 22:48:58,703 - api.endpoints.user_api - INFO - POST https://user:senlatest@regoffice.senla.eu/sendUserRequest | payload: {'mode': 'birth', 'personalLastName': 'Назарова', 'personalFirstName': 'Остап', 'personalMiddleName': 'Захарьевич', 'personalPhoneNumber': '19424426', 'personalNumberOfPassport': 'ОО58554', 'personalAddress': 'пер. Никитина, д. 8/2 к. 543', 'citizenLastName': 'Панфилова', 'citizenFirstName': 'Вячеслав', 'citizenMiddleName': 'Петровна', 'citizenBirthDate': '2007-11-20', 'citizenNumberOfPassport': 'НВ94712', 'citizenGender': 'м', 'citizenAddress': 'наб. Привокзальная, д. 534', 'dateOfMarriage': None, 'newLastName': None, 'anotherPersonLastName': None, 'anotherPersonFirstName': None, 'anotherPersonMiddleName': None, 'birth_of_anotoherPerson': None, 'anotherPersonPassport': None, 'birth_place': None, 'birth_mother': 'Юлия', 'birth_father': 'Лев', 'birth_grandpa': 'Аникита', 'birth_grandma': 'Аскольд', 'death_dateOfDeath': None, 'death_placeOfDeath': None}
2026-05-14 22:48:58,782 - api.endpoints.user_api - INFO - Response 400
2026-05-14 22:48:58,783 - tests_api.test_user_api - INFO - Response body: {"code":"request error","message":"Property birth_place is null!"}
2026-05-14 22:49:04,980 - tests_api.test_user_api - INFO - Payload: {'mode': 'wedding', 'personalLastName': 'Тимофеев', 'personalFirstName': 'Аверкий', 'personalMiddleName': 'Макаровна', 'personalPhoneNumber': '09579704', 'personalNumberOfPassport': 'ВР24306', 'personalAddress': 'наб. Байкальская, д. 9', 'citizenLastName': 'Боброва', 'citizenFirstName': 'Ким', 'citizenMiddleName': 'Даниилович', 'citizenBirthDate': '1960-04-23', 'citizenNumberOfPassport': 'АО01464', 'citizenGender': 'ж', 'citizenAddress': 'пер. Верхний, д. 10', 'dateOfMarriage': '2012-11-03', 'newLastName': 'Юдина', 'anotherPersonLastName': 'Давыдов', 'anotherPersonFirstName': 'Макар', 'anotherPersonMiddleName': 'Степановна', 'birth_of_anotoherPerson': '1979-11-06', 'anotherPersonPassport': 'ОО19219', 'birth_place': None, 'birth_mother': None, 'birth_father': None, 'birth_grandpa': None, 'birth_grandma': None, 'death_dateOfDeath': None, 'death_placeOfDeath': None}
2026-05-14 22:49:04,981 - api.endpoints.user_api - INFO - POST https://user:senlatest@regoffice.senla.eu/sendUserRequest | payload: {'mode': 'wedding', 'personalLastName': 'Тимофеев', 'personalFirstName': 'Аверкий', 'personalMiddleName': 'Макаровна', 'personalPhoneNumber': '09579704', 'personalNumberOfPassport': 'ВР24306', 'personalAddress': 'наб. Байкальская, д. 9', 'citizenLastName': 'Боброва', 'citizenFirstName': 'Ким', 'citizenMiddleName': 'Даниилович', 'citizenBirthDate': '1960-04-23', 'citizenNumberOfPassport': 'АО01464', 'citizenGender': 'ж', 'citizenAddress': 'пер. Верхний, д. 10', 'dateOfMarriage': '2012-11-03', 'newLastName': 'Юдина', 'anotherPersonLastName': 'Давыдов', 'anotherPersonFirstName': 'Макар', 'anotherPersonMiddleName': 'Степановна', 'birth_of_anotoherPerson': '1979-11-06', 'anotherPersonPassport': 'ОО19219', 'birth_place': None, 'birth_mother': None, 'birth_father': None, 'birth_grandpa': None, 'birth_grandma': None, 'death_dateOfDeath': None, 'death_placeOfDeath': None}
2026-05-14 22:49:05,366 - api.endpoints.user_api - INFO - Response 200
2026-05-14 22:49:05,366 - tests_api.test_user_api - INFO - Response body: {'data': {'applicantid': 72688, 'citizenid': 65544, 'applicationid': 63996, 'merrigecertificateid': 28699}, 'requestId': '06e77efd-dc39-4322-ac19-240c03eb90ff'}
2026-05-14 22:49:05,379 - tests_api.test_user_api - INFO - Payload: {'mode': 'birth', 'personalLastName': 'Ситникова', 'personalFirstName': 'Ульян', 'personalMiddleName': 'Юлианович', 'personalPhoneNumber': '99306128', 'personalNumberOfPassport': 'АН79658', 'personalAddress': 'пер. Промышленный, д. 59', 'citizenLastName': 'Моисеев', 'citizenFirstName': 'Моисей', 'citizenMiddleName': 'Устинович', 'citizenBirthDate': '2002-01-20', 'citizenNumberOfPassport': 'ВВ78607', 'citizenGender': 'жен', 'citizenAddress': 'ул. Орджоникидзе, д. 4/2 к. 790', 'dateOfMarriage': None, 'newLastName': None, 'anotherPersonLastName': None, 'anotherPersonFirstName': None, 'anotherPersonMiddleName': None, 'birth_of_anotoherPerson': None, 'anotherPersonPassport': None, 'birth_place': 'ул. Полевая, д. 2 к. 96', 'birth_mother': 'Филипп', 'birth_father': 'Ферапонт', 'birth_grandpa': 'Азарий', 'birth_grandma': 'Агата', 'death_dateOfDeath': None, 'death_placeOfDeath': None}
2026-05-14 22:49:05,381 - api.endpoints.user_api - INFO - POST https://user:senlatest@regoffice.senla.eu/sendUserRequest | payload: {'mode': 'birth', 'personalLastName': 'Ситникова', 'personalFirstName': 'Ульян', 'personalMiddleName': 'Юлианович', 'personalPhoneNumber': '99306128', 'personalNumberOfPassport': 'АН79658', 'personalAddress': 'пер. Промышленный, д. 59', 'citizenLastName': 'Моисеев', 'citizenFirstName': 'Моисей', 'citizenMiddleName': 'Устинович', 'citizenBirthDate': '2002-01-20', 'citizenNumberOfPassport': 'ВВ78607', 'citizenGender': 'жен', 'citizenAddress': 'ул. Орджоникидзе, д. 4/2 к. 790', 'dateOfMarriage': None, 'newLastName': None, 'anotherPersonLastName': None, 'anotherPersonFirstName': None, 'anotherPersonMiddleName': None, 'birth_of_anotoherPerson': None, 'anotherPersonPassport': None, 'birth_place': 'ул. Полевая, д. 2 к. 96', 'birth_mother': 'Филипп', 'birth_father': 'Ферапонт', 'birth_grandpa': 'Азарий', 'birth_grandma': 'Агата', 'death_dateOfDeath': None, 'death_placeOfDeath': None}
2026-05-14 22:49:05,468 - api.endpoints.user_api - INFO - Response 200
2026-05-14 22:49:05,469 - tests_api.test_user_api - INFO - response body: {'data': {'applicantid': 72689, 'citizenid': 65545, 'applicationid': 63997, 'birthcertificateid': 17548}, 'requestId': '9e0e6db5-54e4-4d9c-a7a4-c4bcb26ba67e'}
2026-05-14 22:49:05,474 - api.endpoints.user_api - INFO - POST https://user:senlatest@regoffice.senla.eu/sendUserRequest | payload: {'mode': 'wedding', 'personalLastName': 'Третьяков', 'personalFirstName': 'Галактион', 'personalMiddleName': 'Фомич', 'personalPhoneNumber': '86593945', 'personalNumberOfPassport': None, 'personalAddress': 'бул. Целинный, д. 205 к. 306', 'citizenLastName': 'Лыткина', 'citizenFirstName': 'Анастасия', 'citizenMiddleName': 'Данилович', 'citizenBirthDate': '1982-10-20', 'citizenNumberOfPassport': 'ОО03443', 'citizenGender': 'ж', 'citizenAddress': 'пр. Демьяна Бедного, д. 1/5 стр. 4', 'dateOfMarriage': '2022-03-21', 'newLastName': 'Поляков', 'anotherPersonLastName': 'Потапова', 'anotherPersonFirstName': 'Кузьма', 'anotherPersonMiddleName': 'Артемьевич', 'birth_of_anotoherPerson': '1921-05-06', 'anotherPersonPassport': 'АВ28116', 'birth_place': None, 'birth_mother': None, 'birth_father': None, 'birth_grandpa': None, 'birth_grandma': None, 'death_dateOfDeath': None, 'death_placeOfDeath': None}
2026-05-14 22:49:05,541 - api.endpoints.user_api - INFO - Response 400
2026-05-14 22:49:05,541 - tests_api.test_user_api - INFO - Response body: {"code":"request error","message":"Property personalNumberOfPassport is null!"}
2026-05-14 22:49:05,551 - api.endpoints.user_api - INFO - POST https://user:senlatest@regoffice.senla.eu/sendUserRequest | payload: {'mode': 'birth', 'personalLastName': 'Панов', 'personalFirstName': 'Агап', 'personalMiddleName': 'Леонидовна', 'personalPhoneNumber': '61729253', 'personalNumberOfPassport': 'РТ13427', 'personalAddress': 'ул. Короленко, д. 5/7 к. 5', 'citizenLastName': 'Панфилов', 'citizenFirstName': 'Клавдий', 'citizenMiddleName': 'Георгиевна', 'citizenBirthDate': '1955-10-09', 'citizenNumberOfPassport': 'ОР12926', 'citizenGender': 'м', 'citizenAddress': 'пр. Физкультурный, д. 1/3', 'dateOfMarriage': None, 'newLastName': None, 'anotherPersonLastName': None, 'anotherPersonFirstName': None, 'anotherPersonMiddleName': None, 'birth_of_anotoherPerson': None, 'anotherPersonPassport': None, 'birth_place': None, 'birth_mother': 'Роман', 'birth_father': 'Бажен', 'birth_grandpa': 'Венедикт', 'birth_grandma': 'Эраст', 'death_dateOfDeath': None, 'death_placeOfDeath': None}
2026-05-14 22:49:05,604 - api.endpoints.user_api - INFO - Response 400
2026-05-14 22:49:05,604 - tests_api.test_user_api - INFO - Response body: {"code":"request error","message":"Property birth_place is null!"}
2026-05-14 23:05:59,074 - tests_api.test_admin_api - INFO - Payload: {'personalLastName': 'Исакова', 'personalFirstName': 'Олег', 'personalMiddleName': 'Ильич', 'personalPhoneNumber': '23305902', 'personalNumberOfPassport': 'РО86716', 'dateofbirth': '1990-03-10'}
2026-05-14 23:05:59,076 - api.endpoints.admin_api - INFO - POST https://user:senlatest@regoffice.senla.eu/sendAdminRequest | payload: {'personalLastName': 'Исакова', 'personalFirstName': 'Олег', 'personalMiddleName': 'Ильич', 'personalPhoneNumber': '23305902', 'personalNumberOfPassport': 'РО86716', 'dateofbirth': '1990-03-10'}
2026-05-14 23:05:59,547 - api.endpoints.admin_api - INFO - Response 200
2026-05-14 23:05:59,548 - tests_api.test_admin_api - INFO - Response body: {'data': {'staffid': 35163}, 'requestId': '889dadc1-d1db-424e-a0d6-3bf45b80be12'}
2026-05-14 23:05:59,559 - api.endpoints.admin_api - INFO - POST https://user:senlatest@regoffice.senla.eu/sendAdminRequest | payload: {'personalLastName': None, 'personalFirstName': 'Гурий', 'personalMiddleName': 'Юлианович', 'personalPhoneNumber': '04040603', 'personalNumberOfPassport': 'ОС52348', 'dateofbirth': '1966-04-19'}
2026-05-14 23:05:59,656 - api.endpoints.admin_api - INFO - Response 400
2026-05-14 23:05:59,657 - tests_api.test_admin_api - INFO - Response body: {"code":"request error","message":"Property personalLastName is null!"}
2026-05-14 23:05:59,667 - api.endpoints.user_api - INFO - POST https://user:senlatest@regoffice.senla.eu/sendUserRequest | payload: {'mode': 'wedding', 'personalLastName': 'Боброва', 'personalFirstName': 'Фёкла', 'personalMiddleName': 'Витальевич', 'personalPhoneNumber': '35627942', 'personalNumberOfPassport': 'ОС43318', 'personalAddress': 'пер. Красный, д. 9/8 к. 5/8', 'citizenLastName': 'Кудряшов', 'citizenFirstName': 'Леонтий', 'citizenMiddleName': 'Феодосьевич', 'citizenBirthDate': '1985-03-18', 'citizenNumberOfPassport': 'НТ65592', 'citizenGender': 'муж', 'citizenAddress': 'пр. Флотский, д. 1', 'dateOfMarriage': '1996-08-15', 'newLastName': 'Лобанов', 'anotherPersonLastName': 'Анисимова', 'anotherPersonFirstName': 'Савва', 'anotherPersonMiddleName': 'Яковлевна', 'birth_of_anotoherPerson': '1935-12-28', 'anotherPersonPassport': 'АТ22821', 'birth_place': None, 'birth_mother': None, 'birth_father': None, 'birth_grandpa': None, 'birth_grandma': None, 'death_dateOfDeath': None, 'death_placeOfDeath': None}
2026-05-14 23:05:59,764 - api.endpoints.user_api - INFO - Response 200
2026-05-14 23:05:59,765 - tests_api.test_admin_api - INFO - User response status: 200
2026-05-14 23:05:59,765 - tests_api.test_admin_api - INFO - Создана заявка с applicationid: 63998
2026-05-14 23:05:59,767 - tests_api.test_admin_api - INFO - Admin payload: {'personalLastName': 'Ефремова', 'personalFirstName': 'Валентин', 'personalMiddleName': 'Демидович', 'personalPhoneNumber': '87912602', 'personalNumberOfPassport': 'ВВ65241', 'dateofbirth': '1946-05-18'}
2026-05-14 23:05:59,767 - api.endpoints.admin_api - INFO - POST https://user:senlatest@regoffice.senla.eu/sendAdminRequest | payload: {'personalLastName': 'Ефремова', 'personalFirstName': 'Валентин', 'personalMiddleName': 'Демидович', 'personalPhoneNumber': '87912602', 'personalNumberOfPassport': 'ВВ65241', 'dateofbirth': '1946-05-18'}
2026-05-14 23:05:59,856 - api.endpoints.admin_api - INFO - Response 200
2026-05-14 23:05:59,856 - tests_api.test_admin_api - INFO - Response status: 200
2026-05-14 23:05:59,857 - tests_api.test_admin_api - INFO - Response body: {'data': {'staffid': 35164}, 'requestId': '548ebf88-f76f-42a7-856f-fae3b886ad4a'}
2026-05-14 23:05:59,858 - tests_api.test_admin_api - INFO - Получен staffid 35164
2026-05-14 23:05:59,859 - tests_api.test_admin_api - INFO - Process payload: {'applId': 63998, 'staffid': 35164, 'action': 'approve'}
2026-05-14 23:05:59,860 - api.endpoints.admin_api - INFO - POST https://user:senlatest@regoffice.senla.eu/requestProcess | payload: {'applId': 63998, 'staffid': 35164, 'action': 'approve'}
2026-05-14 23:05:59,930 - api.endpoints.admin_api - INFO - Response 200
2026-05-14 23:05:59,931 - tests_api.test_admin_api - INFO - Response status: 200
2026-05-14 23:05:59,931 - tests_api.test_admin_api - INFO - Response body: {'data': {'applicationid': 63998, 'citizenid': 65546, 'applicantid': 72690, 'staffid': None, 'dateofapplication': '2026-05-14T23:06:00.569Z', 'kindofapplication': 'Получение свидетельства о браке', 'statusofapplication': 'under consideration', 'channel': 'unknown', 'image': None}, 'requestId': '334e7552-4965-42cd-91f4-08a218f6c884'}
2026-05-14 23:07:55,019 - tests_api.test_admin_api - INFO - Payload: {'personalLastName': 'Абрамова', 'personalFirstName': 'Мокей', 'personalMiddleName': 'Феликсович', 'personalPhoneNumber': '12548652', 'personalNumberOfPassport': 'ТС99682', 'dateofbirth': '2002-07-29'}
2026-05-14 23:07:55,020 - api.endpoints.admin_api - INFO - POST https://user:senlatest@regoffice.senla.eu/sendAdminRequest | payload: {'personalLastName': 'Абрамова', 'personalFirstName': 'Мокей', 'personalMiddleName': 'Феликсович', 'personalPhoneNumber': '12548652', 'personalNumberOfPassport': 'ТС99682', 'dateofbirth': '2002-07-29'}
2026-05-14 23:07:55,531 - api.endpoints.admin_api - INFO - Response 200
2026-05-14 23:07:55,532 - tests_api.test_admin_api - INFO - Response body: {'data': {'staffid': 35165}, 'requestId': '492100fd-30eb-4af7-902b-3b218b436dd2'}
2026-05-14 23:07:55,543 - api.endpoints.admin_api - INFO - POST https://user:senlatest@regoffice.senla.eu/sendAdminRequest | payload: {'personalLastName': None, 'personalFirstName': 'Бронислав', 'personalMiddleName': 'Антонович', 'personalPhoneNumber': '31074940', 'personalNumberOfPassport': 'ВТ12841', 'dateofbirth': '1929-05-17'}
2026-05-14 23:07:55,615 - api.endpoints.admin_api - INFO - Response 400
2026-05-14 23:07:55,616 - tests_api.test_admin_api - INFO - Response body: {"code":"request error","message":"Property personalLastName is null!"}
2026-05-14 23:07:55,625 - api.endpoints.user_api - INFO - POST https://user:senlatest@regoffice.senla.eu/sendUserRequest | payload: {'mode': 'wedding', 'personalLastName': 'Алексеева', 'personalFirstName': 'Казимир', 'personalMiddleName': 'Руслановна', 'personalPhoneNumber': '19429848', 'personalNumberOfPassport': 'СН66834', 'personalAddress': 'наб. Дальневосточная, д. 874', 'citizenLastName': 'Николаева', 'citizenFirstName': 'Вацлав', 'citizenMiddleName': 'Ефстафьевич', 'citizenBirthDate': '1995-09-19', 'citizenNumberOfPassport': 'СС81144', 'citizenGender': 'жен', 'citizenAddress': 'алл. Славянская, д. 66 стр. 8', 'dateOfMarriage': '2022-11-06', 'newLastName': 'Дмитриев', 'anotherPersonLastName': 'Калинина', 'anotherPersonFirstName': 'Виссарион', 'anotherPersonMiddleName': 'Васильевич', 'birth_of_anotoherPerson': '1923-12-24', 'anotherPersonPassport': 'РС60109', 'birth_place': None, 'birth_mother': None, 'birth_father': None, 'birth_grandpa': None, 'birth_grandma': None, 'death_dateOfDeath': None, 'death_placeOfDeath': None}
2026-05-14 23:07:55,734 - api.endpoints.user_api - INFO - Response 200
2026-05-14 23:07:55,735 - tests_api.test_admin_api - INFO - User response status: 200
2026-05-14 23:07:55,736 - tests_api.test_admin_api - INFO - Создана заявка с applicationid: 63999
2026-05-14 23:07:55,737 - tests_api.test_admin_api - INFO - Admin payload: {'personalLastName': 'Герасимова', 'personalFirstName': 'Авдей', 'personalMiddleName': 'Анисимович', 'personalPhoneNumber': '80100840', 'personalNumberOfPassport': 'ТН43407', 'dateofbirth': '1911-03-17'}
2026-05-14 23:07:55,738 - api.endpoints.admin_api - INFO - POST https://user:senlatest@regoffice.senla.eu/sendAdminRequest | payload: {'personalLastName': 'Герасимова', 'personalFirstName': 'Авдей', 'personalMiddleName': 'Анисимович', 'personalPhoneNumber': '80100840', 'personalNumberOfPassport': 'ТН43407', 'dateofbirth': '1911-03-17'}
2026-05-14 23:07:55,847 - api.endpoints.admin_api - INFO - Response 200
2026-05-14 23:07:55,848 - tests_api.test_admin_api - INFO - Response status: 200
2026-05-14 23:07:55,849 - tests_api.test_admin_api - INFO - Response body: {'data': {'staffid': 35166}, 'requestId': '7ce1ffd6-fa89-45af-8166-1929f3634be1'}
2026-05-14 23:07:55,850 - tests_api.test_admin_api - INFO - Получен staffid 35166
2026-05-14 23:07:55,851 - tests_api.test_admin_api - INFO - Process payload: {'applId': 63999, 'staffid': 35166, 'action': 'approved'}
2026-05-14 23:07:55,852 - api.endpoints.admin_api - INFO - POST https://user:senlatest@regoffice.senla.eu/requestProcess | payload: {'applId': 63999, 'staffid': 35166, 'action': 'approved'}
2026-05-14 23:07:55,936 - api.endpoints.admin_api - INFO - Response 200
2026-05-14 23:07:55,936 - tests_api.test_admin_api - INFO - Response status: 200
2026-05-14 23:07:55,937 - tests_api.test_admin_api - INFO - Response body: {'data': {'applicationid': 63999, 'citizenid': 65547, 'applicantid': 72691, 'staffid': None, 'dateofapplication': '2026-05-14T23:07:56.530Z', 'kindofapplication': 'Получение свидетельства о браке', 'statusofapplication': 'approved', 'channel': 'unknown', 'image': None}, 'requestId': '16cfd27a-d56b-49f8-b3e7-c8f50037517e'}
2026-05-14 23:09:38,172 - tests_api.test_admin_api - INFO - Payload: {'personalLastName': 'Волков', 'personalFirstName': 'Автоном', 'personalMiddleName': 'Чеславович', 'personalPhoneNumber': '41859046', 'personalNumberOfPassport': 'НН48617', 'dateofbirth': '1946-08-30'}
2026-05-14 23:09:38,173 - api.endpoints.admin_api - INFO - POST https://user:senlatest@regoffice.senla.eu/sendAdminRequest | payload: {'personalLastName': 'Волков', 'personalFirstName': 'Автоном', 'personalMiddleName': 'Чеславович', 'personalPhoneNumber': '41859046', 'personalNumberOfPassport': 'НН48617', 'dateofbirth': '1946-08-30'}
2026-05-14 23:09:38,584 - api.endpoints.admin_api - INFO - Response 200
2026-05-14 23:09:38,585 - tests_api.test_admin_api - INFO - Response body: {'data': {'staffid': 35167}, 'requestId': '1d6c225a-7a9c-4c48-97c7-3c037d53e27f'}
2026-05-14 23:09:38,592 - api.endpoints.admin_api - INFO - POST https://user:senlatest@regoffice.senla.eu/sendAdminRequest | payload: {'personalLastName': None, 'personalFirstName': 'Будимир', 'personalMiddleName': 'Ильясович', 'personalPhoneNumber': '68593854', 'personalNumberOfPassport': 'АС63692', 'dateofbirth': '1919-05-26'}
2026-05-14 23:09:38,664 - api.endpoints.admin_api - INFO - Response 400
2026-05-14 23:09:38,665 - tests_api.test_admin_api - INFO - Response body: {"code":"request error","message":"Property personalLastName is null!"}
2026-05-14 23:09:38,674 - api.endpoints.user_api - INFO - POST https://user:senlatest@regoffice.senla.eu/sendUserRequest | payload: {'mode': 'wedding', 'personalLastName': 'Максимов', 'personalFirstName': 'Милица', 'personalMiddleName': 'Ждановна', 'personalPhoneNumber': '44616843', 'personalNumberOfPassport': 'СН50300', 'personalAddress': 'алл. Загородная, д. 110 стр. 2', 'citizenLastName': 'Борисова', 'citizenFirstName': 'Арефий', 'citizenMiddleName': 'Устинович', 'citizenBirthDate': '1912-09-07', 'citizenNumberOfPassport': 'НВ57774', 'citizenGender': 'муж', 'citizenAddress': 'наб. Тельмана, д. 7 к. 97', 'dateOfMarriage': '2007-02-02', 'newLastName': 'Самсонова', 'anotherPersonLastName': 'Захаров', 'anotherPersonFirstName': 'Константин', 'anotherPersonMiddleName': 'Демьянович', 'birth_of_anotoherPerson': '1923-06-06', 'anotherPersonPassport': 'РВ24771', 'birth_place': None, 'birth_mother': None, 'birth_father': None, 'birth_grandpa': None, 'birth_grandma': None, 'death_dateOfDeath': None, 'death_placeOfDeath': None}
2026-05-14 23:09:38,754 - api.endpoints.user_api - INFO - Response 200
2026-05-14 23:09:38,754 - tests_api.test_admin_api - INFO - User response status: 200
2026-05-14 23:09:38,755 - tests_api.test_admin_api - INFO - Создана заявка с applicationid: 64000
2026-05-14 23:09:38,755 - tests_api.test_admin_api - INFO - Admin payload: {'personalLastName': 'Субботин', 'personalFirstName': 'Фока', 'personalMiddleName': 'Исидорович', 'personalPhoneNumber': '47089634', 'personalNumberOfPassport': 'СО07245', 'dateofbirth': '1978-02-22'}
2026-05-14 23:09:38,755 - api.endpoints.admin_api - INFO - POST https://user:senlatest@regoffice.senla.eu/sendAdminRequest | payload: {'personalLastName': 'Субботин', 'personalFirstName': 'Фока', 'personalMiddleName': 'Исидорович', 'personalPhoneNumber': '47089634', 'personalNumberOfPassport': 'СО07245', 'dateofbirth': '1978-02-22'}
2026-05-14 23:09:38,821 - api.endpoints.admin_api - INFO - Response 200
2026-05-14 23:09:38,822 - tests_api.test_admin_api - INFO - Response status: 200
2026-05-14 23:09:38,823 - tests_api.test_admin_api - INFO - Response body: {'data': {'staffid': 35168}, 'requestId': '985cc371-d016-464f-b74a-1e0921cf74c1'}
2026-05-14 23:09:38,824 - tests_api.test_admin_api - INFO - Получен staffid 35168
2026-05-14 23:09:38,824 - tests_api.test_admin_api - INFO - Process payload: {'applId': 64000, 'staffid': 35168, 'action': 'approved'}
2026-05-14 23:09:38,825 - api.endpoints.admin_api - INFO - POST https://user:senlatest@regoffice.senla.eu/requestProcess | payload: {'applId': 64000, 'staffid': 35168, 'action': 'approved'}
2026-05-14 23:09:38,910 - api.endpoints.admin_api - INFO - Response 200
2026-05-14 23:09:38,910 - tests_api.test_admin_api - INFO - Response status: 200
2026-05-14 23:09:38,911 - tests_api.test_admin_api - INFO - Response body: {'data': {'applicationid': 64000, 'citizenid': 65548, 'applicantid': 72692, 'staffid': None, 'dateofapplication': '2026-05-14T23:09:39.562Z', 'kindofapplication': 'Получение свидетельства о браке', 'statusofapplication': 'approved', 'channel': 'unknown', 'image': None}, 'requestId': 'd456047a-7a76-44f5-9d08-c388495a8e89'}
2026-05-14 23:09:43,792 - tests_api.test_admin_api - INFO - Payload: {'personalLastName': 'Андреева', 'personalFirstName': 'Евпраксия', 'personalMiddleName': 'Власович', 'personalPhoneNumber': '80839446', 'personalNumberOfPassport': 'НА68904', 'dateofbirth': '1918-12-16'}
2026-05-14 23:09:43,793 - api.endpoints.admin_api - INFO - POST https://user:senlatest@regoffice.senla.eu/sendAdminRequest | payload: {'personalLastName': 'Андреева', 'personalFirstName': 'Евпраксия', 'personalMiddleName': 'Власович', 'personalPhoneNumber': '80839446', 'personalNumberOfPassport': 'НА68904', 'dateofbirth': '1918-12-16'}
2026-05-14 23:09:44,341 - api.endpoints.admin_api - INFO - Response 200
2026-05-14 23:09:44,341 - tests_api.test_admin_api - INFO - Response body: {'data': {'staffid': 35169}, 'requestId': '3b83bebf-b95e-4f16-b86f-fcef95324e41'}
2026-05-14 23:09:44,345 - api.endpoints.admin_api - INFO - POST https://user:senlatest@regoffice.senla.eu/sendAdminRequest | payload: {'personalLastName': None, 'personalFirstName': 'Афиноген', 'personalMiddleName': 'Иосипович', 'personalPhoneNumber': '97220208', 'personalNumberOfPassport': 'СВ55391', 'dateofbirth': '1955-06-11'}
2026-05-14 23:09:44,418 - api.endpoints.admin_api - INFO - Response 400
2026-05-14 23:09:44,418 - tests_api.test_admin_api - INFO - Response body: {"code":"request error","message":"Property personalLastName is null!"}
2026-05-14 23:09:44,423 - api.endpoints.user_api - INFO - POST https://user:senlatest@regoffice.senla.eu/sendUserRequest | payload: {'mode': 'wedding', 'personalLastName': 'Гурьев', 'personalFirstName': 'Мстислав', 'personalMiddleName': 'Евстигнеевич', 'personalPhoneNumber': '58600963', 'personalNumberOfPassport': 'НВ59041', 'personalAddress': 'пер. Ударный, д. 859 стр. 14', 'citizenLastName': 'Гордеева', 'citizenFirstName': 'Фортунат', 'citizenMiddleName': 'Филимонович', 'citizenBirthDate': '1911-06-27', 'citizenNumberOfPassport': 'СР42787', 'citizenGender': 'ж', 'citizenAddress': 'ул. Железнодорожная, д. 26 к. 74', 'dateOfMarriage': '2006-06-09', 'newLastName': 'Беляков', 'anotherPersonLastName': 'Сергеев', 'anotherPersonFirstName': 'Ким', 'anotherPersonMiddleName': 'Ефимович', 'birth_of_anotoherPerson': '1936-10-17', 'anotherPersonPassport': 'ВВ55795', 'birth_place': None, 'birth_mother': None, 'birth_father': None, 'birth_grandpa': None, 'birth_grandma': None, 'death_dateOfDeath': None, 'death_placeOfDeath': None}
2026-05-14 23:09:44,523 - api.endpoints.user_api - INFO - Response 200
2026-05-14 23:09:44,524 - tests_api.test_admin_api - INFO - User response status: 200
2026-05-14 23:09:44,525 - tests_api.test_admin_api - INFO - Создана заявка с applicationid: 64001
2026-05-14 23:09:44,526 - tests_api.test_admin_api - INFO - Admin payload: {'personalLastName': 'Ширяев', 'personalFirstName': 'Карл', 'personalMiddleName': 'Архиповна', 'personalPhoneNumber': '13921364', 'personalNumberOfPassport': 'ТВ66052', 'dateofbirth': '1942-10-27'}
2026-05-14 23:09:44,527 - api.endpoints.admin_api - INFO - POST https://user:senlatest@regoffice.senla.eu/sendAdminRequest | payload: {'personalLastName': 'Ширяев', 'personalFirstName': 'Карл', 'personalMiddleName': 'Архиповна', 'personalPhoneNumber': '13921364', 'personalNumberOfPassport': 'ТВ66052', 'dateofbirth': '1942-10-27'}
2026-05-14 23:09:44,597 - api.endpoints.admin_api - INFO - Response 200
2026-05-14 23:09:44,598 - tests_api.test_admin_api - INFO - Response status: 200
2026-05-14 23:09:44,598 - tests_api.test_admin_api - INFO - Response body: {'data': {'staffid': 35170}, 'requestId': '1aa2fe10-0fab-441d-94d5-357ef18da693'}
2026-05-14 23:09:44,599 - tests_api.test_admin_api - INFO - Получен staffid 35170
2026-05-14 23:09:44,600 - tests_api.test_admin_api - INFO - Process payload: {'applId': 64001, 'staffid': 35170, 'action': 'approved'}
2026-05-14 23:09:44,600 - api.endpoints.admin_api - INFO - POST https://user:senlatest@regoffice.senla.eu/requestProcess | payload: {'applId': 64001, 'staffid': 35170, 'action': 'approved'}
2026-05-14 23:09:44,689 - api.endpoints.admin_api - INFO - Response 200
2026-05-14 23:09:44,689 - tests_api.test_admin_api - INFO - Response status: 200
2026-05-14 23:09:44,690 - tests_api.test_admin_api - INFO - Response body: {'data': {'applicationid': 64001, 'citizenid': 65549, 'applicantid': 72693, 'staffid': None, 'dateofapplication': '2026-05-14T23:09:45.328Z', 'kindofapplication': 'Получение свидетельства о браке', 'statusofapplication': 'approved', 'channel': 'unknown', 'image': None}, 'requestId': 'e2a40570-3bc7-442f-8a57-01c3228e50c5'}
2026-05-14 23:28:51,018 - tests.tests_api.test_admin_api - INFO - Payload: {'personalLastName': 'Панова', 'personalFirstName': 'Мартын', 'personalMiddleName': 'Валерьевич', 'personalPhoneNumber': '16355350', 'personalNumberOfPassport': 'ОН58028', 'dateofbirth': '1919-02-26'}
2026-05-14 23:28:51,019 - API.endpoints.admin_api - INFO - POST https://user:senlatest@regoffice.senla.eu/sendAdminRequest | payload: {'personalLastName': 'Панова', 'personalFirstName': 'Мартын', 'personalMiddleName': 'Валерьевич', 'personalPhoneNumber': '16355350', 'personalNumberOfPassport': 'ОН58028', 'dateofbirth': '1919-02-26'}
2026-05-14 23:28:51,403 - API.endpoints.admin_api - INFO - Response 200
2026-05-14 23:28:51,404 - tests.tests_api.test_admin_api - INFO - Response body: {'data': {'staffid': 35172}, 'requestId': 'cec12801-07f2-4b9b-8a43-01e1976588ea'}
2026-05-14 23:28:51,415 - API.endpoints.admin_api - INFO - POST https://user:senlatest@regoffice.senla.eu/sendAdminRequest | payload: {'personalLastName': None, 'personalFirstName': 'Юлиан', 'personalMiddleName': 'Юльевна', 'personalPhoneNumber': '79925769', 'personalNumberOfPassport': 'ВА93570', 'dateofbirth': '1979-04-13'}
2026-05-14 23:28:51,478 - API.endpoints.admin_api - INFO - Response 400
2026-05-14 23:28:51,478 - tests.tests_api.test_admin_api - INFO - Response body: {"code":"request error","message":"Property personalLastName is null!"}
2026-05-14 23:28:51,489 - API.endpoints.user_api - INFO - POST https://user:senlatest@regoffice.senla.eu/sendUserRequest | payload: {'mode': 'wedding', 'personalLastName': 'Кузьмина', 'personalFirstName': 'Прасковья', 'personalMiddleName': 'Геннадьевна', 'personalPhoneNumber': '43080623', 'personalNumberOfPassport': 'ВВ36090', 'personalAddress': 'бул. Маяковского, д. 291 стр. 3/7', 'citizenLastName': 'Нестеров', 'citizenFirstName': 'Михей', 'citizenMiddleName': 'Александровна', 'citizenBirthDate': '1966-01-10', 'citizenNumberOfPassport': 'НС22702', 'citizenGender': 'ж', 'citizenAddress': 'пер. Журавлева, д. 7/1 стр. 8', 'dateOfMarriage': '2003-03-14', 'newLastName': 'Мамонтов', 'anotherPersonLastName': 'Максимов', 'anotherPersonFirstName': 'Гостомысл', 'anotherPersonMiddleName': 'Александровна', 'birth_of_anotoherPerson': '1980-11-27', 'anotherPersonPassport': 'СО72752', 'birth_place': None, 'birth_mother': None, 'birth_father': None, 'birth_grandpa': None, 'birth_grandma': None, 'death_dateOfDeath': None, 'death_placeOfDeath': None}
2026-05-14 23:28:51,585 - API.endpoints.user_api - INFO - Response 200
2026-05-14 23:28:51,585 - tests.tests_api.test_admin_api - INFO - User response status: 200
2026-05-14 23:28:51,586 - tests.tests_api.test_admin_api - INFO - Создана заявка с applicationid: 64002
2026-05-14 23:28:51,587 - tests.tests_api.test_admin_api - INFO - Admin payload: {'personalLastName': 'Миронов', 'personalFirstName': 'Викторин', 'personalMiddleName': 'Валентинович', 'personalPhoneNumber': '04538158', 'personalNumberOfPassport': 'ОО71821', 'dateofbirth': '1929-06-23'}
2026-05-14 23:28:51,588 - API.endpoints.admin_api - INFO - POST https://user:senlatest@regoffice.senla.eu/sendAdminRequest | payload: {'personalLastName': 'Миронов', 'personalFirstName': 'Викторин', 'personalMiddleName': 'Валентинович', 'personalPhoneNumber': '04538158', 'personalNumberOfPassport': 'ОО71821', 'dateofbirth': '1929-06-23'}
2026-05-14 23:28:51,675 - API.endpoints.admin_api - INFO - Response 200
2026-05-14 23:28:51,676 - tests.tests_api.test_admin_api - INFO - Response status: 200
2026-05-14 23:28:51,677 - tests.tests_api.test_admin_api - INFO - Response body: {'data': {'staffid': 35173}, 'requestId': 'ed95b723-5401-49e9-8d6f-db43760d30f0'}
2026-05-14 23:28:51,678 - tests.tests_api.test_admin_api - INFO - Получен staffid 35173
2026-05-14 23:28:51,678 - tests.tests_api.test_admin_api - INFO - Process payload: {'applId': 64002, 'staffid': 35173, 'action': 'approved'}
2026-05-14 23:28:51,679 - API.endpoints.admin_api - INFO - POST https://user:senlatest@regoffice.senla.eu/requestProcess | payload: {'applId': 64002, 'staffid': 35173, 'action': 'approved'}
2026-05-14 23:28:51,751 - API.endpoints.admin_api - INFO - Response 200
2026-05-14 23:28:51,752 - tests.tests_api.test_admin_api - INFO - Response status: 200
2026-05-14 23:28:51,753 - tests.tests_api.test_admin_api - INFO - Response body: {'data': {'applicationid': 64002, 'citizenid': 65550, 'applicantid': 72694, 'staffid': None, 'dateofapplication': '2026-05-14T23:28:52.393Z', 'kindofapplication': 'Получение свидетельства о браке', 'statusofapplication': 'approved', 'channel': 'unknown', 'image': None}, 'requestId': '52d9d455-6dff-4f67-a90f-4c623969b459'}
2026-05-14 23:28:51,760 - tests.tests_api.test_user_api - INFO - Payload: {'mode': 'wedding', 'personalLastName': 'Русаков', 'personalFirstName': 'Евграф', 'personalMiddleName': 'Федосеевич', 'personalPhoneNumber': '94941561', 'personalNumberOfPassport': 'СА95097', 'personalAddress': 'ш. Орджоникидзе, д. 2 стр. 75', 'citizenLastName': 'Наумов', 'citizenFirstName': 'Никанор', 'citizenMiddleName': 'Юрьевна', 'citizenBirthDate': '1948-04-28', 'citizenNumberOfPassport': 'ТР31996', 'citizenGender': 'муж', 'citizenAddress': 'ул. Привольная, д. 6/3 стр. 15', 'dateOfMarriage': '2001-03-13', 'newLastName': 'Дорофеева', 'anotherPersonLastName': 'Киселева', 'anotherPersonFirstName': 'Пимен', 'anotherPersonMiddleName': 'Никифоровна', 'birth_of_anotoherPerson': '1978-07-25', 'anotherPersonPassport': 'СС33803', 'birth_place': None, 'birth_mother': None, 'birth_father': None, 'birth_grandpa': None, 'birth_grandma': None, 'death_dateOfDeath': None, 'death_placeOfDeath': None}
2026-05-14 23:28:51,761 - API.endpoints.user_api - INFO - POST https://user:senlatest@regoffice.senla.eu/sendUserRequest | payload: {'mode': 'wedding', 'personalLastName': 'Русаков', 'personalFirstName': 'Евграф', 'personalMiddleName': 'Федосеевич', 'personalPhoneNumber': '94941561', 'personalNumberOfPassport': 'СА95097', 'personalAddress': 'ш. Орджоникидзе, д. 2 стр. 75', 'citizenLastName': 'Наумов', 'citizenFirstName': 'Никанор', 'citizenMiddleName': 'Юрьевна', 'citizenBirthDate': '1948-04-28', 'citizenNumberOfPassport': 'ТР31996', 'citizenGender': 'муж', 'citizenAddress': 'ул. Привольная, д. 6/3 стр. 15', 'dateOfMarriage': '2001-03-13', 'newLastName': 'Дорофеева', 'anotherPersonLastName': 'Киселева', 'anotherPersonFirstName': 'Пимен', 'anotherPersonMiddleName': 'Никифоровна', 'birth_of_anotoherPerson': '1978-07-25', 'anotherPersonPassport': 'СС33803', 'birth_place': None, 'birth_mother': None, 'birth_father': None, 'birth_grandpa': None, 'birth_grandma': None, 'death_dateOfDeath': None, 'death_placeOfDeath': None}
2026-05-14 23:28:51,854 - API.endpoints.user_api - INFO - Response 200
2026-05-14 23:28:51,854 - tests.tests_api.test_user_api - INFO - Response body: {'data': {'applicantid': 72695, 'citizenid': 65551, 'applicationid': 64003, 'merrigecertificateid': 28705}, 'requestId': '8e0ba2a9-aded-4cb0-b17f-4bea730d30e9'}
2026-05-14 23:28:51,865 - tests.tests_api.test_user_api - INFO - Payload: {'mode': 'birth', 'personalLastName': 'Гуляев', 'personalFirstName': 'Илья', 'personalMiddleName': 'Харлампович', 'personalPhoneNumber': '25946137', 'personalNumberOfPassport': 'ТТ13955', 'personalAddress': 'пер. Чайковского, д. 910 стр. 274', 'citizenLastName': 'Сидорова', 'citizenFirstName': 'Оксана', 'citizenMiddleName': 'Валерьянович', 'citizenBirthDate': '1932-03-26', 'citizenNumberOfPassport': 'РВ84492', 'citizenGender': 'м', 'citizenAddress': 'бул. Суворова, д. 8 к. 4', 'dateOfMarriage': None, 'newLastName': None, 'anotherPersonLastName': None, 'anotherPersonFirstName': None, 'anotherPersonMiddleName': None, 'birth_of_anotoherPerson': None, 'anotherPersonPassport': None, 'birth_place': 'наб. Дачная, д. 73 к. 71', 'birth_mother': 'Татьяна', 'birth_father': 'Герасим', 'birth_grandpa': 'Анисим', 'birth_grandma': 'Аполлинарий', 'death_dateOfDeath': None, 'death_placeOfDeath': None}
2026-05-14 23:28:51,867 - API.endpoints.user_api - INFO - POST https://user:senlatest@regoffice.senla.eu/sendUserRequest | payload: {'mode': 'birth', 'personalLastName': 'Гуляев', 'personalFirstName': 'Илья', 'personalMiddleName': 'Харлампович', 'personalPhoneNumber': '25946137', 'personalNumberOfPassport': 'ТТ13955', 'personalAddress': 'пер. Чайковского, д. 910 стр. 274', 'citizenLastName': 'Сидорова', 'citizenFirstName': 'Оксана', 'citizenMiddleName': 'Валерьянович', 'citizenBirthDate': '1932-03-26', 'citizenNumberOfPassport': 'РВ84492', 'citizenGender': 'м', 'citizenAddress': 'бул. Суворова, д. 8 к. 4', 'dateOfMarriage': None, 'newLastName': None, 'anotherPersonLastName': None, 'anotherPersonFirstName': None, 'anotherPersonMiddleName': None, 'birth_of_anotoherPerson': None, 'anotherPersonPassport': None, 'birth_place': 'наб. Дачная, д. 73 к. 71', 'birth_mother': 'Татьяна', 'birth_father': 'Герасим', 'birth_grandpa': 'Анисим', 'birth_grandma': 'Аполлинарий', 'death_dateOfDeath': None, 'death_placeOfDeath': None}
2026-05-14 23:28:51,960 - API.endpoints.user_api - INFO - Response 200
2026-05-14 23:28:51,961 - tests.tests_api.test_user_api - INFO - response body: {'data': {'applicantid': 72696, 'citizenid': 65552, 'applicationid': 64004, 'birthcertificateid': 17549}, 'requestId': 'c9a4aaba-90de-43c2-82c6-1626c041b4c7'}
2026-05-14 23:28:51,971 - API.endpoints.user_api - INFO - POST https://user:senlatest@regoffice.senla.eu/sendUserRequest | payload: {'mode': 'wedding', 'personalLastName': 'Сорокин', 'personalFirstName': 'Синклитикия', 'personalMiddleName': 'Юльевич', 'personalPhoneNumber': '12586752', 'personalNumberOfPassport': None, 'personalAddress': 'ш. 40 лет Октября, д. 7 к. 49', 'citizenLastName': 'Аксенов', 'citizenFirstName': 'Митофан', 'citizenMiddleName': 'Жанович', 'citizenBirthDate': '1930-11-08', 'citizenNumberOfPassport': 'РВ23970', 'citizenGender': 'муж', 'citizenAddress': 'бул. Зои Космодемьянской, д. 46 к. 551', 'dateOfMarriage': '2001-06-13', 'newLastName': 'Емельянова', 'anotherPersonLastName': 'Федосеева', 'anotherPersonFirstName': 'Степан', 'anotherPersonMiddleName': 'Герасимович', 'birth_of_anotoherPerson': '1913-04-29', 'anotherPersonPassport': 'ОТ70865', 'birth_place': None, 'birth_mother': None, 'birth_father': None, 'birth_grandpa': None, 'birth_grandma': None, 'death_dateOfDeath': None, 'death_placeOfDeath': None}
2026-05-14 23:28:52,052 - API.endpoints.user_api - INFO - Response 400
2026-05-14 23:28:52,053 - tests.tests_api.test_user_api - INFO - Response body: {"code":"request error","message":"Property personalNumberOfPassport is null!"}
2026-05-14 23:28:52,061 - API.endpoints.user_api - INFO - POST https://user:senlatest@regoffice.senla.eu/sendUserRequest | payload: {'mode': 'birth', 'personalLastName': 'Лебедева', 'personalFirstName': 'Ладимир', 'personalMiddleName': 'Брониславович', 'personalPhoneNumber': '70852813', 'personalNumberOfPassport': 'СН17618', 'personalAddress': 'ш. Энтузиастов, д. 5 стр. 12', 'citizenLastName': 'Боброва', 'citizenFirstName': 'Любовь', 'citizenMiddleName': 'Натановна', 'citizenBirthDate': '1956-05-03', 'citizenNumberOfPassport': 'РВ15058', 'citizenGender': 'ж', 'citizenAddress': 'алл. Ворошилова, д. 672', 'dateOfMarriage': None, 'newLastName': None, 'anotherPersonLastName': None, 'anotherPersonFirstName': None, 'anotherPersonMiddleName': None, 'birth_of_anotoherPerson': None, 'anotherPersonPassport': None, 'birth_place': None, 'birth_mother': 'Нинель', 'birth_father': 'Петр', 'birth_grandpa': 'Сила', 'birth_grandma': 'Творимир', 'death_dateOfDeath': None, 'death_placeOfDeath': None}
2026-05-14 23:28:52,152 - API.endpoints.user_api - INFO - Response 400
2026-05-14 23:28:52,152 - tests.tests_api.test_user_api - INFO - Response body: {"code":"request error","message":"Property birth_place is null!"}
2026-05-14 23:28:59,670 - tests.tests_api.test_admin_api - INFO - Payload: {'personalLastName': 'Шарова', 'personalFirstName': 'Таисия', 'personalMiddleName': 'Витальевич', 'personalPhoneNumber': '96184764', 'personalNumberOfPassport': 'ТА96155', 'dateofbirth': '1972-09-18'}
2026-05-14 23:28:59,671 - API.endpoints.admin_api - INFO - POST https://user:senlatest@regoffice.senla.eu/sendAdminRequest | payload: {'personalLastName': 'Шарова', 'personalFirstName': 'Таисия', 'personalMiddleName': 'Витальевич', 'personalPhoneNumber': '96184764', 'personalNumberOfPassport': 'ТА96155', 'dateofbirth': '1972-09-18'}
2026-05-14 23:29:00,135 - API.endpoints.admin_api - INFO - Response 200
2026-05-14 23:29:00,135 - tests.tests_api.test_admin_api - INFO - Response body: {'data': {'staffid': 35174}, 'requestId': '3ebad827-0d38-46be-ac90-05334ff95d05'}
2026-05-14 23:29:00,138 - API.endpoints.admin_api - INFO - POST https://user:senlatest@regoffice.senla.eu/sendAdminRequest | payload: {'personalLastName': None, 'personalFirstName': 'Никита', 'personalMiddleName': 'Ефремович', 'personalPhoneNumber': '03549769', 'personalNumberOfPassport': 'АА31593', 'dateofbirth': '1915-03-27'}
2026-05-14 23:29:00,181 - API.endpoints.admin_api - INFO - Response 400
2026-05-14 23:29:00,182 - tests.tests_api.test_admin_api - INFO - Response body: {"code":"request error","message":"Property personalLastName is null!"}
2026-05-14 23:29:00,186 - API.endpoints.user_api - INFO - POST https://user:senlatest@regoffice.senla.eu/sendUserRequest | payload: {'mode': 'wedding', 'personalLastName': 'Афанасьев', 'personalFirstName': 'Михей', 'personalMiddleName': 'Ермилович', 'personalPhoneNumber': '06586684', 'personalNumberOfPassport': 'АТ50669', 'personalAddress': 'наб. Владимирская, д. 816 к. 616', 'citizenLastName': 'Агафонова', 'citizenFirstName': 'Максимильян', 'citizenMiddleName': 'Артурович', 'citizenBirthDate': '1964-12-23', 'citizenNumberOfPassport': 'АА90956', 'citizenGender': 'муж', 'citizenAddress': 'ул. Гагарина, д. 8/7 стр. 3', 'dateOfMarriage': '1998-04-18', 'newLastName': 'Фадеев', 'anotherPersonLastName': 'Беляков', 'anotherPersonFirstName': 'Иннокентий', 'anotherPersonMiddleName': 'Артемовна', 'birth_of_anotoherPerson': '1933-02-06', 'anotherPersonPassport': 'АН82855', 'birth_place': None, 'birth_mother': None, 'birth_father': None, 'birth_grandpa': None, 'birth_grandma': None, 'death_dateOfDeath': None, 'death_placeOfDeath': None}
2026-05-14 23:29:00,276 - API.endpoints.user_api - INFO - Response 200
2026-05-14 23:29:00,276 - tests.tests_api.test_admin_api - INFO - User response status: 200
2026-05-14 23:29:00,277 - tests.tests_api.test_admin_api - INFO - Создана заявка с applicationid: 64005
2026-05-14 23:29:00,278 - tests.tests_api.test_admin_api - INFO - Admin payload: {'personalLastName': 'Егоров', 'personalFirstName': 'Петр', 'personalMiddleName': 'Болеславовна', 'personalPhoneNumber': '56852056', 'personalNumberOfPassport': 'ТА01429', 'dateofbirth': '1966-10-28'}
2026-05-14 23:29:00,278 - API.endpoints.admin_api - INFO - POST https://user:senlatest@regoffice.senla.eu/sendAdminRequest | payload: {'personalLastName': 'Егоров', 'personalFirstName': 'Петр', 'personalMiddleName': 'Болеславовна', 'personalPhoneNumber': '56852056', 'personalNumberOfPassport': 'ТА01429', 'dateofbirth': '1966-10-28'}
2026-05-14 23:29:00,346 - API.endpoints.admin_api - INFO - Response 200
2026-05-14 23:29:00,347 - tests.tests_api.test_admin_api - INFO - Response status: 200
2026-05-14 23:29:00,347 - tests.tests_api.test_admin_api - INFO - Response body: {'data': {'staffid': 35175}, 'requestId': '7beafcb7-eaf2-4e36-bad9-1a284046ccdc'}
2026-05-14 23:29:00,347 - tests.tests_api.test_admin_api - INFO - Получен staffid 35175
2026-05-14 23:29:00,347 - tests.tests_api.test_admin_api - INFO - Process payload: {'applId': 64005, 'staffid': 35175, 'action': 'approved'}
2026-05-14 23:29:00,348 - API.endpoints.admin_api - INFO - POST https://user:senlatest@regoffice.senla.eu/requestProcess | payload: {'applId': 64005, 'staffid': 35175, 'action': 'approved'}
2026-05-14 23:29:00,407 - API.endpoints.admin_api - INFO - Response 200
2026-05-14 23:29:00,408 - tests.tests_api.test_admin_api - INFO - Response status: 200
2026-05-14 23:29:00,408 - tests.tests_api.test_admin_api - INFO - Response body: {'data': {'applicationid': 64005, 'citizenid': 65553, 'applicantid': 72697, 'staffid': None, 'dateofapplication': '2026-05-14T23:29:01.083Z', 'kindofapplication': 'Получение свидетельства о браке', 'statusofapplication': 'approved', 'channel': 'unknown', 'image': None}, 'requestId': '7c20d62f-afec-45de-beb6-7b7d2421dab1'}
2026-05-14 23:29:00,417 - tests.tests_api.test_user_api - INFO - Payload: {'mode': 'wedding', 'personalLastName': 'Крюкова', 'personalFirstName': 'Януарий', 'personalMiddleName': 'Измаилович', 'personalPhoneNumber': '24514018', 'personalNumberOfPassport': 'НС53385', 'personalAddress': 'ул. Кузнецкая, д. 12 стр. 4/6', 'citizenLastName': 'Воробьева', 'citizenFirstName': 'Феврония', 'citizenMiddleName': 'Эдгарович', 'citizenBirthDate': '1949-07-14', 'citizenNumberOfPassport': 'СТ21578', 'citizenGender': 'ж', 'citizenAddress': 'ул. Водопроводная, д. 5', 'dateOfMarriage': '2020-04-20', 'newLastName': 'Ширяев', 'anotherPersonLastName': 'Субботина', 'anotherPersonFirstName': 'Руслан', 'anotherPersonMiddleName': 'Валерьянович', 'birth_of_anotoherPerson': '1931-05-26', 'anotherPersonPassport': 'СВ39836', 'birth_place': None, 'birth_mother': None, 'birth_father': None, 'birth_grandpa': None, 'birth_grandma': None, 'death_dateOfDeath': None, 'death_placeOfDeath': None}
2026-05-14 23:29:00,418 - API.endpoints.user_api - INFO - POST https://user:senlatest@regoffice.senla.eu/sendUserRequest | payload: {'mode': 'wedding', 'personalLastName': 'Крюкова', 'personalFirstName': 'Януарий', 'personalMiddleName': 'Измаилович', 'personalPhoneNumber': '24514018', 'personalNumberOfPassport': 'НС53385', 'personalAddress': 'ул. Кузнецкая, д. 12 стр. 4/6', 'citizenLastName': 'Воробьева', 'citizenFirstName': 'Феврония', 'citizenMiddleName': 'Эдгарович', 'citizenBirthDate': '1949-07-14', 'citizenNumberOfPassport': 'СТ21578', 'citizenGender': 'ж', 'citizenAddress': 'ул. Водопроводная, д. 5', 'dateOfMarriage': '2020-04-20', 'newLastName': 'Ширяев', 'anotherPersonLastName': 'Субботина', 'anotherPersonFirstName': 'Руслан', 'anotherPersonMiddleName': 'Валерьянович', 'birth_of_anotoherPerson': '1931-05-26', 'anotherPersonPassport': 'СВ39836', 'birth_place': None, 'birth_mother': None, 'birth_father': None, 'birth_grandpa': None, 'birth_grandma': None, 'death_dateOfDeath': None, 'death_placeOfDeath': None}
2026-05-14 23:29:00,507 - API.endpoints.user_api - INFO - Response 200
2026-05-14 23:29:00,508 - tests.tests_api.test_user_api - INFO - Response body: {'data': {'applicantid': 72698, 'citizenid': 65554, 'applicationid': 64006, 'merrigecertificateid': 28707}, 'requestId': '747b2238-b5cc-4c46-a6d9-0a13acfa5a04'}
2026-05-14 23:29:00,516 - tests.tests_api.test_user_api - INFO - Payload: {'mode': 'birth', 'personalLastName': 'Давыдов', 'personalFirstName': 'Азарий', 'personalMiddleName': 'Георгиевич', 'personalPhoneNumber': '69594522', 'personalNumberOfPassport': 'ВА47430', 'personalAddress': 'пр. Краснофлотский, д. 6/8 к. 3', 'citizenLastName': 'Овчинников', 'citizenFirstName': 'Евлампий', 'citizenMiddleName': 'Елисеевич', 'citizenBirthDate': '1951-10-22', 'citizenNumberOfPassport': 'РО82138', 'citizenGender': 'м', 'citizenAddress': 'наб. Советская, д. 4/4', 'dateOfMarriage': None, 'newLastName': None, 'anotherPersonLastName': None, 'anotherPersonFirstName': None, 'anotherPersonMiddleName': None, 'birth_of_anotoherPerson': None, 'anotherPersonPassport': None, 'birth_place': 'наб. Донская, д. 761 к. 3', 'birth_mother': 'Фома', 'birth_father': 'Устин', 'birth_grandpa': 'Вацлав', 'birth_grandma': 'Платон', 'death_dateOfDeath': None, 'death_placeOfDeath': None}
2026-05-14 23:29:00,518 - API.endpoints.user_api - INFO - POST https://user:senlatest@regoffice.senla.eu/sendUserRequest | payload: {'mode': 'birth', 'personalLastName': 'Давыдов', 'personalFirstName': 'Азарий', 'personalMiddleName': 'Георгиевич', 'personalPhoneNumber': '69594522', 'personalNumberOfPassport': 'ВА47430', 'personalAddress': 'пр. Краснофлотский, д. 6/8 к. 3', 'citizenLastName': 'Овчинников', 'citizenFirstName': 'Евлампий', 'citizenMiddleName': 'Елисеевич', 'citizenBirthDate': '1951-10-22', 'citizenNumberOfPassport': 'РО82138', 'citizenGender': 'м', 'citizenAddress': 'наб. Советская, д. 4/4', 'dateOfMarriage': None, 'newLastName': None, 'anotherPersonLastName': None, 'anotherPersonFirstName': None, 'anotherPersonMiddleName': None, 'birth_of_anotoherPerson': None, 'anotherPersonPassport': None, 'birth_place': 'наб. Донская, д. 761 к. 3', 'birth_mother': 'Фома', 'birth_father': 'Устин', 'birth_grandpa': 'Вацлав', 'birth_grandma': 'Платон', 'death_dateOfDeath': None, 'death_placeOfDeath': None}
2026-05-14 23:29:00,595 - API.endpoints.user_api - INFO - Response 200
2026-05-14 23:29:00,596 - tests.tests_api.test_user_api - INFO - response body: {'data': {'applicantid': 72699, 'citizenid': 65555, 'applicationid': 64007, 'birthcertificateid': 17550}, 'requestId': '096577ba-6fd9-4e82-9561-74aba7671125'}
2026-05-14 23:29:00,604 - API.endpoints.user_api - INFO - POST https://user:senlatest@regoffice.senla.eu/sendUserRequest | payload: {'mode': 'wedding', 'personalLastName': 'Туров', 'personalFirstName': 'Дмитрий', 'personalMiddleName': 'Трифонович', 'personalPhoneNumber': '39168640', 'personalNumberOfPassport': None, 'personalAddress': 'ш. Краснодарское, д. 224 к. 8', 'citizenLastName': 'Гущина', 'citizenFirstName': 'Фока', 'citizenMiddleName': 'Викторович', 'citizenBirthDate': '1956-08-12', 'citizenNumberOfPassport': 'АР41310', 'citizenGender': 'жен', 'citizenAddress': 'ул. Дружба, д. 5/8 к. 94', 'dateOfMarriage': '2010-10-28', 'newLastName': 'Терентьева', 'anotherPersonLastName': 'Носова', 'anotherPersonFirstName': 'Герман', 'anotherPersonMiddleName': 'Демьянович', 'birth_of_anotoherPerson': '1980-03-25', 'anotherPersonPassport': 'ОН58713', 'birth_place': None, 'birth_mother': None, 'birth_father': None, 'birth_grandpa': None, 'birth_grandma': None, 'death_dateOfDeath': None, 'death_placeOfDeath': None}
2026-05-14 23:29:00,677 - API.endpoints.user_api - INFO - Response 400
2026-05-14 23:29:00,678 - tests.tests_api.test_user_api - INFO - Response body: {"code":"request error","message":"Property personalNumberOfPassport is null!"}
2026-05-14 23:29:00,686 - API.endpoints.user_api - INFO - POST https://user:senlatest@regoffice.senla.eu/sendUserRequest | payload: {'mode': 'birth', 'personalLastName': 'Лебедева', 'personalFirstName': 'Венедикт', 'personalMiddleName': 'Фомич', 'personalPhoneNumber': '46816529', 'personalNumberOfPassport': 'СА20494', 'personalAddress': 'ул. Торговая, д. 3/8 стр. 4', 'citizenLastName': 'Иванов', 'citizenFirstName': 'Пимен', 'citizenMiddleName': 'Архиповна', 'citizenBirthDate': '1991-12-01', 'citizenNumberOfPassport': 'ОС26669', 'citizenGender': 'муж', 'citizenAddress': 'ул. Солнечная, д. 410', 'dateOfMarriage': None, 'newLastName': None, 'anotherPersonLastName': None, 'anotherPersonFirstName': None, 'anotherPersonMiddleName': None, 'birth_of_anotoherPerson': None, 'anotherPersonPassport': None, 'birth_place': None, 'birth_mother': 'Владилен', 'birth_father': 'Константин', 'birth_grandpa': 'Пимен', 'birth_grandma': 'Дорофей', 'death_dateOfDeath': None, 'death_placeOfDeath': None}
2026-05-14 23:29:00,768 - API.endpoints.user_api - INFO - Response 400
2026-05-14 23:29:00,769 - tests.tests_api.test_user_api - INFO - Response body: {"code":"request error","message":"Property birth_place is null!"}
